###############################################################################
#
# IAR ELF Linker V8.40.2.214/W32 for ARM                  03/Feb/2021  19:21:07
# Copyright 2007-2019 IAR Systems AB.
#
#    Output file  =
#        C:\Users\41610\Desktop\IndustrialwirelessEquipment\EWARM\IndustrialwirelessEquipment\Exe\IndustrialwirelessEquipment.out
#    Map file     =
#        C:\Users\41610\Desktop\IndustrialwirelessEquipment\EWARM\IndustrialwirelessEquipment\List\IndustrialwirelessEquipment.map
#    Command line =
#        -f C:\Users\41610\AppData\Local\Temp\EWD3A3.tmp
#        (C:\Users\41610\Desktop\IndustrialwirelessEquipment\EWARM\IndustrialwirelessEquipment\Obj\APP_DebugProtocol.o
#        C:\Users\41610\Desktop\IndustrialwirelessEquipment\EWARM\IndustrialwirelessEquipment\Obj\APP_Di.o
#        C:\Users\41610\Desktop\IndustrialwirelessEquipment\EWARM\IndustrialwirelessEquipment\Obj\APP_Do.o
#        C:\Users\41610\Desktop\IndustrialwirelessEquipment\EWARM\IndustrialwirelessEquipment\Obj\APP_Led.o
#        C:\Users\41610\Desktop\IndustrialwirelessEquipment\EWARM\IndustrialwirelessEquipment\Obj\APP_LORA.o
#        C:\Users\41610\Desktop\IndustrialwirelessEquipment\EWARM\IndustrialwirelessEquipment\Obj\APP_Modbus.o
#        C:\Users\41610\Desktop\IndustrialwirelessEquipment\EWARM\IndustrialwirelessEquipment\Obj\APP_rs485.o
#        C:\Users\41610\Desktop\IndustrialwirelessEquipment\EWARM\IndustrialwirelessEquipment\Obj\APP_Scheduler.o
#        C:\Users\41610\Desktop\IndustrialwirelessEquipment\EWARM\IndustrialwirelessEquipment\Obj\APP_Task.o
#        C:\Users\41610\Desktop\IndustrialwirelessEquipment\EWARM\IndustrialwirelessEquipment\Obj\APP_Timer.o
#        C:\Users\41610\Desktop\IndustrialwirelessEquipment\EWARM\IndustrialwirelessEquipment\Obj\bsp.o
#        C:\Users\41610\Desktop\IndustrialwirelessEquipment\EWARM\IndustrialwirelessEquipment\Obj\bsp_Di.o
#        C:\Users\41610\Desktop\IndustrialwirelessEquipment\EWARM\IndustrialwirelessEquipment\Obj\bsp_dma.o
#        C:\Users\41610\Desktop\IndustrialwirelessEquipment\EWARM\IndustrialwirelessEquipment\Obj\bsp_Do.o
#        C:\Users\41610\Desktop\IndustrialwirelessEquipment\EWARM\IndustrialwirelessEquipment\Obj\bsp_led.o
#        C:\Users\41610\Desktop\IndustrialwirelessEquipment\EWARM\IndustrialwirelessEquipment\Obj\bsp_mcp3208.o
#        C:\Users\41610\Desktop\IndustrialwirelessEquipment\EWARM\IndustrialwirelessEquipment\Obj\bsp_rs485.o
#        C:\Users\41610\Desktop\IndustrialwirelessEquipment\EWARM\IndustrialwirelessEquipment\Obj\bsp_spi.o
#        C:\Users\41610\Desktop\IndustrialwirelessEquipment\EWARM\IndustrialwirelessEquipment\Obj\bsp_stmFlash.o
#        C:\Users\41610\Desktop\IndustrialwirelessEquipment\EWARM\IndustrialwirelessEquipment\Obj\bsp_switch.o
#        C:\Users\41610\Desktop\IndustrialwirelessEquipment\EWARM\IndustrialwirelessEquipment\Obj\bsp_tim.o
#        C:\Users\41610\Desktop\IndustrialwirelessEquipment\EWARM\IndustrialwirelessEquipment\Obj\bsp_usart.o
#        C:\Users\41610\Desktop\IndustrialwirelessEquipment\EWARM\IndustrialwirelessEquipment\Obj\bsp_wdg.o
#        C:\Users\41610\Desktop\IndustrialwirelessEquipment\EWARM\IndustrialwirelessEquipment\Obj\delay.o
#        C:\Users\41610\Desktop\IndustrialwirelessEquipment\EWARM\IndustrialwirelessEquipment\Obj\main.o
#        C:\Users\41610\Desktop\IndustrialwirelessEquipment\EWARM\IndustrialwirelessEquipment\Obj\startup_stm32f103xb.o
#        C:\Users\41610\Desktop\IndustrialwirelessEquipment\EWARM\IndustrialwirelessEquipment\Obj\stm32f1xx_hal.o
#        C:\Users\41610\Desktop\IndustrialwirelessEquipment\EWARM\IndustrialwirelessEquipment\Obj\stm32f1xx_hal_cortex.o
#        C:\Users\41610\Desktop\IndustrialwirelessEquipment\EWARM\IndustrialwirelessEquipment\Obj\stm32f1xx_hal_dma.o
#        C:\Users\41610\Desktop\IndustrialwirelessEquipment\EWARM\IndustrialwirelessEquipment\Obj\stm32f1xx_hal_flash.o
#        C:\Users\41610\Desktop\IndustrialwirelessEquipment\EWARM\IndustrialwirelessEquipment\Obj\stm32f1xx_hal_flash_ex.o
#        C:\Users\41610\Desktop\IndustrialwirelessEquipment\EWARM\IndustrialwirelessEquipment\Obj\stm32f1xx_hal_gpio.o
#        C:\Users\41610\Desktop\IndustrialwirelessEquipment\EWARM\IndustrialwirelessEquipment\Obj\stm32f1xx_hal_gpio_ex.o
#        C:\Users\41610\Desktop\IndustrialwirelessEquipment\EWARM\IndustrialwirelessEquipment\Obj\stm32f1xx_hal_msp.o
#        C:\Users\41610\Desktop\IndustrialwirelessEquipment\EWARM\IndustrialwirelessEquipment\Obj\stm32f1xx_hal_pwr.o
#        C:\Users\41610\Desktop\IndustrialwirelessEquipment\EWARM\IndustrialwirelessEquipment\Obj\stm32f1xx_hal_rcc.o
#        C:\Users\41610\Desktop\IndustrialwirelessEquipment\EWARM\IndustrialwirelessEquipment\Obj\stm32f1xx_hal_rcc_ex.o
#        C:\Users\41610\Desktop\IndustrialwirelessEquipment\EWARM\IndustrialwirelessEquipment\Obj\stm32f1xx_hal_spi.o
#        C:\Users\41610\Desktop\IndustrialwirelessEquipment\EWARM\IndustrialwirelessEquipment\Obj\stm32f1xx_hal_spi_ex.o
#        C:\Users\41610\Desktop\IndustrialwirelessEquipment\EWARM\IndustrialwirelessEquipment\Obj\stm32f1xx_hal_tim.o
#        C:\Users\41610\Desktop\IndustrialwirelessEquipment\EWARM\IndustrialwirelessEquipment\Obj\stm32f1xx_hal_tim_ex.o
#        C:\Users\41610\Desktop\IndustrialwirelessEquipment\EWARM\IndustrialwirelessEquipment\Obj\stm32f1xx_hal_uart.o
#        C:\Users\41610\Desktop\IndustrialwirelessEquipment\EWARM\IndustrialwirelessEquipment\Obj\stm32f1xx_it.o
#        C:\Users\41610\Desktop\IndustrialwirelessEquipment\EWARM\IndustrialwirelessEquipment\Obj\sys.o
#        C:\Users\41610\Desktop\IndustrialwirelessEquipment\EWARM\IndustrialwirelessEquipment\Obj\sysram.o
#        C:\Users\41610\Desktop\IndustrialwirelessEquipment\EWARM\IndustrialwirelessEquipment\Obj\system_stm32f1xx.o
#        --redirect _Printf=_PrintfFull --redirect _Scanf=_ScanfFull
#        --no_out_extension -o
#        C:\Users\41610\Desktop\IndustrialwirelessEquipment\EWARM\IndustrialwirelessEquipment\Exe\IndustrialwirelessEquipment.out
#        --map
#        C:\Users\41610\Desktop\IndustrialwirelessEquipment\EWARM\IndustrialwirelessEquipment\List\IndustrialwirelessEquipment.map
#        --config
#        C:\Users\41610\Desktop\IndustrialwirelessEquipment\EWARM/stm32f103xb_flash.icf
#        --semihosting --entry __iar_program_start --vfe --text_out locale)
#
###############################################################################

*******************************************************************************
*** RUNTIME MODEL ATTRIBUTES
***

CppFlavor       = *
__SystemLibrary = DLib
__dlib_version  = 6


*******************************************************************************
*** HEAP SELECTION
***

The basic heap was selected because no calls to memory allocation
functions were found in the application outside of system library
functions, and there are calls to deallocation functions in the
application.


*******************************************************************************
*** PLACEMENT SUMMARY
***

"A0":  place at address 0x800'0000 { ro section .intvec };
"P1":  place in [from 0x800'0000 to 0x801'ffff] { ro };
define block CSTACK with size = 1K, alignment = 8 { };
define block HEAP with size = 512, alignment = 8 { };
"P2":  place in [from 0x2000'0000 to 0x2000'4fff] {
          rw, block CSTACK, block HEAP };
initialize by copy { rw };

  Section            Kind         Address    Size  Object
  -------            ----         -------    ----  ------
"A0":                                        0xec
  .intvec            ro code   0x800'0000    0xec  startup_stm32f103xb.o [1]
                             - 0x800'00ec    0xec

"P1":                                      0x801a
  .text              ro code   0x800'00ec  0x10c6  xprintffull.o [2]
  .text              ro code   0x800'11b2    0x3a  zero_init3.o [4]
  .text              ro code   0x800'11ec   0x108  xlocale_c.o [2]
  .text              ro code   0x800'12f4    0x16  strchr.o [4]
  .text              ro code   0x800'130a    0x26  xencoding_8859_1.o [2]
  .text              ro code   0x800'1330    0x40  xfail_s.o [2]
  .text              ro code   0x800'1370    0x14  strlen_small.o [4]
  .text              ro code   0x800'1384    0x58  memchr.o [4]
  .text              ro code   0x800'13dc    0x18  ABImemcpy_small.o [4]
  .text              ro code   0x800'13f4    0x70  frexp.o [3]
  .text              ro code   0x800'1464    0x2e  DblCmpLe.o [3]
  .text              ro code   0x800'1492    0x1e  xsscin.o [2]
  .text              ro code   0x800'14b0    0x2e  DblCmpGe.o [3]
  .text              ro code   0x800'14de     0xa  xsprout.o [2]
  .text              ro code   0x800'14e8   0x13a  ldexp.o [3]
  .rodata            const     0x800'1622     0x2  xlocale_c.o [2]
  .text              ro code   0x800'1624    0x3a  DblToS32.o [3]
  .rodata            const     0x800'165e     0x2  xlocale_c.o [2]
  .text              ro code   0x800'1660    0x22  S32ToDbl.o [3]
  .rodata            const     0x800'1682     0x1  xlocale_c.o [2]
  .text              ro code   0x800'1684    0xe2  DblSub.o [3]
  .text              ro code   0x800'1768   0x246  DblDiv.o [3]
  .text              ro code   0x800'19b0    0x28  DblToU32.o [3]
  .text              ro code   0x800'19d8    0x1a  U32ToDbl.o [3]
  .text              ro code   0x800'19f4   0x1a2  DblMul.o [3]
  .text              ro code   0x800'1b96     0xa  xmbcurmax.o [2]
  .text              ro code   0x800'1ba0   0x230  I64DivMod.o [4]
  .text              ro code   0x800'1dd0     0x6  abort.o [2]
  .text              ro code   0x800'1dd8   0x17a  DblAdd.o [3]
  .text              ro code   0x800'1f54     0x2  I64DivZer.o [4]
  .text              ro code   0x800'1f58    0x14  exit.o [5]
  .text              ro code   0x800'1f6c   0xf2c  xscanffull.o [2]
  .text              ro code   0x800'2e98    0x14  isspace.o [2]
  .text              ro code   0x800'2eac    0x34  wctob.o [2]
  .text              ro code   0x800'2ee0    0x14  isalpha.o [2]
  .text              ro code   0x800'2ef4   0x40c  strto64.o [3]
  .text              ro code   0x800'3300    0x68  DblToFlt.o [3]
  .text              ro code   0x800'3368   0x1b2  iar_Stoullx.o [2]
  .text              ro code   0x800'351c    0xa6  iar_Stollx.o [2]
  .text              ro code   0x800'35c2    0x14  memset.o [4]
  .text              ro code   0x800'35d6   0x122  iar_Stopfx.o [2]
  .text              ro code   0x800'36f8   0x1b8  iar_Stoflt.o [2]
  .text              ro code   0x800'38b0   0x208  iar_Stoxflt.o [2]
  .text              ro code   0x800'3ab8    0x14  tolower.o [2]
  .text              ro code   0x800'3acc    0x66  ABImemset.o [4]
  .text              ro code   0x800'3b34   0x59c  stm32f1xx_hal_uart.o [1]
  .text              ro code   0x800'40d0   0x3d8  bsp_usart.o [1]
  .text              ro code   0x800'44a8   0x32a  stm32f1xx_hal_dma.o [1]
  .text              ro code   0x800'47d2     0x2  stm32f1xx_hal_uart.o [1]
  .text              ro code   0x800'47d4     0x2  stm32f1xx_hal_uart.o [1]
  .text              ro code   0x800'47d6     0x2  stm32f1xx_hal_uart.o [1]
  .text              ro code   0x800'47d8     0x2  stm32f1xx_hal_uart.o [1]
  .text              ro code   0x800'47da     0x2  stm32f1xx_hal_uart.o [1]
  .text              ro code   0x800'47dc   0x4ca  stm32f1xx_hal_rcc.o [1]
  .text              ro code   0x800'4ca6    0x7c  main.o [1]
  .text              ro code   0x800'4d24   0x1e8  stm32f1xx_hal_gpio.o [1]
  .text              ro code   0x800'4f0c    0xdc  stm32f1xx_hal_cortex.o [1]
  .text              ro code   0x800'4fe8     0xc  stm32f1xx_hal.o [1]
  .text              ro code   0x800'4ff4    0x40  stm32f1xx_hal.o [1]
  .text              ro code   0x800'5034    0x24  stm32f1xx_hal.o [1]
  .text              ro code   0x800'5058    0xe0  bsp.o [1]
  .text              ro code   0x800'5138    0x5c  APP_Timer.o [1]
  .text              ro code   0x800'5194    0x44  APP_Scheduler.o [1]
  .text              ro code   0x800'51d8     0x6  ABImemclr4.o [4]
  .text              ro code   0x800'51e0    0x8c  APP_Di.o [1]
  .text              ro code   0x800'526c    0x48  stm32f1xx_hal_msp.o [1]
  .text              ro code   0x800'52b4   0x116  bsp_stmFlash.o [1]
  .text              ro code   0x800'53cc    0x60  bsp_dma.o [1]
  .text              ro code   0x800'542c    0xa4  bsp_tim.o [1]
  .text              ro code   0x800'54d0    0x5c  delay.o [1]
  .text              ro code   0x800'552c   0x350  stm32f1xx_hal_tim.o [1]
  .text              ro code   0x800'587c   0x114  bsp_led.o [1]
  .text              ro code   0x800'5990   0x264  bsp_mcp3208.o [1]
  .text              ro code   0x800'5bf4    0x40  bsp_rs485.o [1]
  .text              ro code   0x800'5c34   0x520  APP_LORA.o [1]
  .text              ro code   0x800'6154   0x12a  bsp_switch.o [1]
  .text              ro code   0x800'6280    0x48  bsp_Do.o [1]
  .text              ro code   0x800'62c8    0x2c  APP_Do.o [1]
  .text              ro code   0x800'62f4    0xa6  bsp_Di.o [1]
  .text              ro code   0x800'639c    0x68  bsp_wdg.o [1]
  .text              ro code   0x800'6404    0x32  ABImemset48.o [4]
  .text              ro code   0x800'6438   0x168  stm32f1xx_hal_flash.o [1]
  .text              ro code   0x800'65a0    0x24  stm32f1xx_hal_flash_ex.o [1]
  .text              ro code   0x800'65c4    0x4a  stm32f1xx_hal_tim_ex.o [1]
  .text              ro code   0x800'660e     0x2  stm32f1xx_hal_tim.o [1]
  .text              ro code   0x800'6610     0x2  stm32f1xx_hal_tim.o [1]
  .text              ro code   0x800'6612     0x2  stm32f1xx_hal_tim.o [1]
  .text              ro code   0x800'6614     0x2  stm32f1xx_hal_tim_ex.o [1]
  .text              ro code   0x800'6616     0x2  stm32f1xx_hal_tim.o [1]
  .text              ro code   0x800'6618     0x2  stm32f1xx_hal_tim_ex.o [1]
  .text              ro code   0x800'661a     0x2  stm32f1xx_hal_tim.o [1]
  .text              ro code   0x800'661c    0xe6  bsp_spi.o [1]
  .text              ro code   0x800'6704   0x36e  stm32f1xx_hal_spi.o [1]
  .text              ro code   0x800'6a74    0xe2  FltAdd.o [3]
  .text              ro code   0x800'6b58    0xfc  FltDiv.o [3]
  .text              ro code   0x800'6c54    0x80  FltSub.o [3]
  .text              ro code   0x800'6cd4    0xd8  FltMul.o [3]
  .text              ro code   0x800'6dac    0x1c  U32ToFlt.o [3]
  .text              ro code   0x800'6dc8    0x2a  FltToS32.o [3]
  .text              ro code   0x800'6df4    0x48  FltToDbl.o [3]
  .text              ro code   0x800'6e3c    0x24  FltCmpLe.o [3]
  .text              ro code   0x800'6e60    0x24  FltCmpGe.o [3]
  .text              ro code   0x800'6e84    0x40  sprintf.o [2]
  .text              ro code   0x800'6ec4    0x1e  strcat.o [2]
  .text              ro code   0x800'6ee2    0x2c  strstr.o [2]
  .text              ro code   0x800'6f10     0x6  ABImemclr.o [4]
  .text              ro code   0x800'6f18    0x50  APP_Led.o [1]
  .text              ro code   0x800'6f68   0x328  APP_Modbus.o [1]
  .text              ro code   0x800'7290    0x1e  U64Shr.o [4]
  .text              ro code   0x800'72ae    0x80  stm32f1xx_hal_spi_ex.o [1]
  .text              ro code   0x800'732e     0x2  stm32f1xx_hal_spi.o [1]
  .text              ro code   0x800'7330    0x30  sys.o [1]
  .rodata            const     0x800'7360   0x384  APP_LORA.o [1]
  .rodata            const     0x800'76e4   0x200  sys.o [1]
  .text              ro code   0x800'78e4   0x1b4  APP_DebugProtocol.o [1]
  .text              ro code   0x800'7a98    0x28  sscanf.o [2]
  .text              ro code   0x800'7ac0   0x12e  stm32f1xx_it.o [1]
  .text              ro code   0x800'7bf0    0x10  stm32f1xx_hal.o [1]
  .text              ro code   0x800'7c00    0x8c  APP_rs485.o [1]
  .rodata            const     0x800'7c8c    0x80  APP_Scheduler.o [1]
  .text              ro code   0x800'7d0c    0x78  lz77_init_single.o [4]
  .text              ro code   0x800'7d84    0x5c  system_stm32f1xx.o [1]
  .rodata            const     0x800'7de0    0x50  iar_Stoullx.o [2]
  .rodata            const     0x800'7e30    0x4c  xscanffull.o [2]
  .rodata            const     0x800'7e80    0x48  strto64.o [3]
  .text              ro code   0x800'7ec8    0x2e  APP_Task.o [1]
  .rodata            const     0x800'7ef8    0x28  APP_LORA.o [1]
  .rodata            const     0x800'7f20    0x28  xscanffull.o [2]
  .text              ro code   0x800'7f48    0x28  data_init.o [4]
  .iar.init_table    const     0x800'7f70    0x20  - Linker created -
  .text              ro code   0x800'7f90    0x1e  cmain.o [4]
  .text              ro code   0x800'7fae     0x4  low_level_init.o [2]
  .text              ro code   0x800'7fb2     0x4  exit.o [2]
  .text              ro code   0x800'7fb8     0xa  cexit.o [4]
  .text              ro code   0x800'7fc4    0x10  startup_stm32f103xb.o [1]
  .text              ro code   0x800'7fd4     0xc  cstartup_M.o [4]
  .rodata            const     0x800'7fe0     0x8  system_stm32f1xx.o [1]
  .text              ro code   0x800'7fe8     0x4  startup_stm32f103xb.o [1]
  .text              ro code   0x800'7fec     0x4  startup_stm32f103xb.o [1]
  .text              ro code   0x800'7ff0     0x4  startup_stm32f103xb.o [1]
  .text              ro code   0x800'7ff4     0x4  startup_stm32f103xb.o [1]
  .text              ro code   0x800'7ff8     0x4  startup_stm32f103xb.o [1]
  .text              ro code   0x800'7ffc     0x4  startup_stm32f103xb.o [1]
  .text              ro code   0x800'8000     0x4  startup_stm32f103xb.o [1]
  .text              ro code   0x800'8004     0x4  startup_stm32f103xb.o [1]
  .text              ro code   0x800'8008     0x4  startup_stm32f103xb.o [1]
  .text              ro code   0x800'800c     0x4  startup_stm32f103xb.o [1]
  .text              ro code   0x800'8010     0x4  startup_stm32f103xb.o [1]
  .text              ro code   0x800'8014     0x4  startup_stm32f103xb.o [1]
  .text              ro code   0x800'8018     0x4  startup_stm32f103xb.o [1]
  .text              ro code   0x800'801c     0x4  startup_stm32f103xb.o [1]
  .text              ro code   0x800'8020     0x4  startup_stm32f103xb.o [1]
  .text              ro code   0x800'8024     0x4  startup_stm32f103xb.o [1]
  .text              ro code   0x800'8028     0x4  startup_stm32f103xb.o [1]
  .text              ro code   0x800'802c     0x4  startup_stm32f103xb.o [1]
  .text              ro code   0x800'8030     0x4  startup_stm32f103xb.o [1]
  .text              ro code   0x800'8034     0x4  startup_stm32f103xb.o [1]
  .text              ro code   0x800'8038     0x4  startup_stm32f103xb.o [1]
  .text              ro code   0x800'803c     0x4  startup_stm32f103xb.o [1]
  .text              ro code   0x800'8040     0x4  startup_stm32f103xb.o [1]
  .text              ro code   0x800'8044     0x4  startup_stm32f103xb.o [1]
  .text              ro code   0x800'8048     0x4  startup_stm32f103xb.o [1]
  .text              ro code   0x800'804c     0x4  startup_stm32f103xb.o [1]
  .text              ro code   0x800'8050     0x4  startup_stm32f103xb.o [1]
  .text              ro code   0x800'8054     0x4  startup_stm32f103xb.o [1]
  .text              ro code   0x800'8058     0x4  startup_stm32f103xb.o [1]
  .text              ro code   0x800'805c     0x4  startup_stm32f103xb.o [1]
  .text              ro code   0x800'8060     0x4  startup_stm32f103xb.o [1]
  .text              ro code   0x800'8064     0x4  startup_stm32f103xb.o [1]
  .text              ro code   0x800'8068     0x4  startup_stm32f103xb.o [1]
  .text              ro code   0x800'806c     0x4  startup_stm32f103xb.o [1]
  .rodata            const     0x800'8070     0x0  zero_init3.o [4]
  .rodata            const     0x800'8070     0x0  lz77_init_single.o [4]
  Initializer bytes  const     0x800'8070    0x96  <for P2-1>
                             - 0x800'8106  0x801a

"P2", part 1 of 3:                          0x106
  P2-1                        0x2000'0000   0x106  <Init block>
    .data            inited   0x2000'0000     0xc  stm32f1xx_hal.o [1]
    .data            inited   0x2000'000c    0x10  sysram.o [1]
    .data            inited   0x2000'001c    0x10  sysram.o [1]
    .data            inited   0x2000'002c     0x4  sysram.o [1]
    .data            inited   0x2000'0030    0x20  sysram.o [1]
    .data            inited   0x2000'0050     0x8  sysram.o [1]
    .data            inited   0x2000'0058    0x14  sysram.o [1]
    .data            inited   0x2000'006c    0x14  sysram.o [1]
    .data            inited   0x2000'0080     0x4  system_stm32f1xx.o [1]
    .data            inited   0x2000'0084    0x38  xlocale_c.o [2]
    .data            inited   0x2000'00bc    0x48  xlocale_c.o [2]
    .data            inited   0x2000'0104     0x1  sysram.o [1]
    .data            inited   0x2000'0105     0x1  sysram.o [1]
                            - 0x2000'0106   0x106

"P2", part 2 of 3:                          0xb14
  .bss               zero     0x2000'0108   0x400  bsp_stmFlash.o [1]
  .bss               zero     0x2000'0508   0x110  bsp_usart.o [1]
  .bss               zero     0x2000'0618   0x100  sysram.o [1]
  .bss               zero     0x2000'0718   0x100  sysram.o [1]
  .bss               zero     0x2000'0818   0x100  sysram.o [1]
  .bss               zero     0x2000'0918   0x100  sysram.o [1]
  .bss               zero     0x2000'0a18    0x58  bsp_spi.o [1]
  .bss               zero     0x2000'0a70    0x40  bsp_tim.o [1]
  .bss               zero     0x2000'0ab0    0x40  bsp_usart.o [1]
  .bss               zero     0x2000'0af0    0x40  bsp_usart.o [1]
  .bss               zero     0x2000'0b30    0x38  APP_Timer.o [1]
  .bss               zero     0x2000'0b68    0x30  sysram.o [1]
  .bss               zero     0x2000'0b98    0x28  sysram.o [1]
  .bss               zero     0x2000'0bc0    0x20  stm32f1xx_hal_flash.o [1]
  .bss               zero     0x2000'0be0    0x1c  sysram.o [1]
  .bss               zero     0x2000'0bfc     0xc  sysram.o [1]
  .bss               zero     0x2000'0c08     0x8  APP_Scheduler.o [1]
  .bss               zero     0x2000'0c10     0x4  delay.o [1]
  .bss               zero     0x2000'0c14     0x4  xfail_s.o [2]
  .bss               zero     0x2000'0c18     0x2  sysram.o [1]
  .bss               zero     0x2000'0c1a     0x1  sysram.o [1]
  .bss               zero     0x2000'0c1b     0x1  sysram.o [1]
                            - 0x2000'0c1c   0xb14

"P2", part 3 of 3:                          0x400
  CSTACK                      0x2000'0c20   0x400  <Block>
    CSTACK           uninit   0x2000'0c20   0x400  <Block tail>
                            - 0x2000'1020   0x400

Unused ranges:

         From           To      Size
         ----           --      ----
   0x800'8106   0x801'ffff  0x1'7efa
  0x2000'0106  0x2000'0107       0x2
  0x2000'0c1c  0x2000'0c1f       0x4
  0x2000'1020  0x2000'4fff    0x3fe0


*******************************************************************************
*** INIT TABLE
***

          Address      Size
          -------      ----
Zero (__iar_zero_init3)
    1 destination range, total size 0xb14:
          0x2000'0108  0xb14

Copy/lz77 (__iar_lz77_init_single3)
    1 source range, total size 0x96 (57% of destination):
           0x800'8070   0x96
    1 destination range, total size 0x106:
          0x2000'0000  0x106



*******************************************************************************
*** MODULE SUMMARY
***

    Module                    ro code  ro data  rw data
    ------                    -------  -------  -------
command line/config:
    ---------------------------------------------------
    Total:

C:\Users\41610\Desktop\IndustrialwirelessEquipment\EWARM\IndustrialwirelessEquipment\Obj: [1]
    APP_DebugProtocol.o           436
    APP_Di.o                      140
    APP_Do.o                       44
    APP_LORA.o                  1'312      940
    APP_Led.o                      80
    APP_Modbus.o                  808
    APP_Scheduler.o                68      128        8
    APP_Task.o                     46
    APP_Timer.o                    92                56
    APP_rs485.o                   140
    bsp.o                         224
    bsp_Di.o                      166
    bsp_Do.o                       72
    bsp_dma.o                      96
    bsp_led.o                     276
    bsp_mcp3208.o                 612
    bsp_rs485.o                    64
    bsp_spi.o                     230                88
    bsp_stmFlash.o                278             1'024
    bsp_switch.o                  298
    bsp_tim.o                     164                64
    bsp_usart.o                   984               400
    bsp_wdg.o                     104
    delay.o                        92                 4
    main.o                        124
    startup_stm32f103xb.o         388
    stm32f1xx_hal.o               128        6       12
    stm32f1xx_hal_cortex.o        220
    stm32f1xx_hal_dma.o           810
    stm32f1xx_hal_flash.o         360                32
    stm32f1xx_hal_flash_ex.o       36
    stm32f1xx_hal_gpio.o          488
    stm32f1xx_hal_msp.o            72
    stm32f1xx_hal_rcc.o         1'226
    stm32f1xx_hal_spi.o           880
    stm32f1xx_hal_spi_ex.o        128
    stm32f1xx_hal_tim.o           858
    stm32f1xx_hal_tim_ex.o         78
    stm32f1xx_hal_uart.o        1'446
    stm32f1xx_it.o                302
    sys.o                          48      512
    sysram.o                                69    1'274
    system_stm32f1xx.o             92       10        4
    ---------------------------------------------------
    Total:                     14'510    1'665    2'966

dl7M_tlf.a: [2]
    abort.o                         6
    exit.o                          4
    iar_Stoflt.o                  440
    iar_Stollx.o                  166
    iar_Stopfx.o                  290
    iar_Stoullx.o                 434       80
    iar_Stoxflt.o                 520
    isalpha.o                      20
    isspace.o                      20
    low_level_init.o                4
    sprintf.o                      64
    sscanf.o                       40
    strcat.o                       30
    strstr.o                       44
    tolower.o                      20
    wctob.o                        52
    xencoding_8859_1.o             38
    xfail_s.o                      64                 4
    xlocale_c.o                   264       78      128
    xmbcurmax.o                    10
    xprintffull.o               4'294
    xscanffull.o                3'884      116
    xsprout.o                      10
    xsscin.o                       30
    ---------------------------------------------------
    Total:                     10'748      274      132

m7M_tl.a: [3]
    DblAdd.o                      378
    DblCmpGe.o                     46
    DblCmpLe.o                     46
    DblDiv.o                      582
    DblMul.o                      418
    DblSub.o                      226
    DblToFlt.o                    104
    DblToS32.o                     58
    DblToU32.o                     40
    FltAdd.o                      226
    FltCmpGe.o                     36
    FltCmpLe.o                     36
    FltDiv.o                      252
    FltMul.o                      216
    FltSub.o                      128
    FltToDbl.o                     72
    FltToS32.o                     42
    S32ToDbl.o                     34
    U32ToDbl.o                     26
    U32ToFlt.o                     28
    frexp.o                       112
    ldexp.o                       314
    strto64.o                   1'036       72
    ---------------------------------------------------
    Total:                      4'456       72

rt7M_tl.a: [4]
    ABImemclr.o                     6
    ABImemclr4.o                    6
    ABImemcpy_small.o              24
    ABImemset.o                   102
    ABImemset48.o                  50
    I64DivMod.o                   560
    I64DivZer.o                     2
    U64Shr.o                       30
    cexit.o                        10
    cmain.o                        30
    cstartup_M.o                   12
    data_init.o                    40
    lz77_init_single.o            120
    memchr.o                       88
    memset.o                       20
    strchr.o                       22
    strlen_small.o                 20
    zero_init3.o                   58
    ---------------------------------------------------
    Total:                      1'200

shb_l.a: [5]
    exit.o                         20
    ---------------------------------------------------
    Total:                         20

    Gaps                           47        6
    Linker created                          32    1'024
-------------------------------------------------------
    Grand Total:               30'981    2'049    4'122


*******************************************************************************
*** ENTRY LIST
***

Entry                       Address   Size  Type      Object
-----                       -------   ----  ----      ------
.iar.init_table$$Base    0x800'7f70          --   Gb  - Linker created -
.iar.init_table$$Limit   0x800'7f90          --   Gb  - Linker created -
?main                    0x800'7f91         Code  Gb  cmain.o [4]
AHBPrescTable            0x800'7dd0   0x10  Data  Gb  system_stm32f1xx.o [1]
APBPrescTable            0x800'7fe0    0x8  Data  Gb  system_stm32f1xx.o [1]
APP_Collect_Task_Lanuch
                         0x800'7ecd    0xe  Code  Gb  APP_Task.o [1]
APP_Communication_Lanuch
                         0x800'7ee9    0xe  Code  Gb  APP_Task.o [1]
APP_Display_Task_Lanuch
                         0x800'7ec9    0x4  Code  Gb  APP_Task.o [1]
APP_LED_Comm_OneFlash    0x800'6f5d    0x6  Code  Gb  APP_Led.o [1]
APP_LED_Set              0x800'6f19   0x44  Code  Gb  APP_Led.o [1]
APP_Set_Task_Lanuch      0x800'7edb    0xe  Code  Gb  APP_Task.o [1]
APP_TIM_Launch           0x800'5139   0x28  Code  Gb  APP_Timer.o [1]
APP_TIM_ReadDecounterValue
                         0x800'5161    0x2  Code  Gb  APP_Timer.o [1]
APP_TIM_StartDecounter   0x800'516f   0x10  Code  Gb  APP_Timer.o [1]
APP_TIM_StopDecounter    0x800'517f   0x12  Code  Gb  APP_Timer.o [1]
Bsp_Init                 0x800'50a5   0x6c  Code  Gb  bsp.o [1]
BusFault_Handler         0x800'7ac7    0x2  Code  Gb  stm32f1xx_it.o [1]
CSTACK$$Base            0x2000'0c20          --   Gb  - Linker created -
CSTACK$$Limit           0x2000'1020          --   Gb  - Linker created -
CacheMore                0x800'122d   0x28  Code  Lc  xlocale_c.o [2]
ConfigPara_SaveData_Write
                         0x800'5059    0xa  Code  Gb  bsp.o [1]
DI_Bsp_Init              0x800'62f5   0x7e  Code  Gb  bsp_Di.o [1]
DI_Lanuch                0x800'5249   0x1c  Code  Gb  APP_Di.o [1]
DI_Pulse_Count           0x800'5213    0xc  Code  Gb  APP_Di.o [1]
DI_Sta_Get               0x800'51e1   0x2c  Code  Gb  APP_Di.o [1]
DMA1_Channel4_IRQHandler
                         0x800'7ad5    0x6  Code  Gb  stm32f1xx_it.o [1]
DMA1_Channel5_IRQHandler
                         0x800'7adb    0x6  Code  Gb  stm32f1xx_it.o [1]
DMA1_Channel6_IRQHandler
                         0x800'7ae1    0x6  Code  Gb  stm32f1xx_it.o [1]
DMA1_Channel7_IRQHandler
                         0x800'7ae7    0x6  Code  Gb  stm32f1xx_it.o [1]
DMA_SetConfig            0x800'47b1   0x22  Code  Lc  stm32f1xx_hal_dma.o [1]
DO_Bsp_Init              0x800'6281   0x48  Code  Gb  bsp_Do.o [1]
DO_Ctrl                  0x800'62dd   0x14  Code  Gb  APP_Do.o [1]
DO_Reboot_Sta_Set        0x800'62c9   0x14  Code  Gb  APP_Do.o [1]
DebugMon_Handler         0x800'7acd    0x2  Code  Gb  stm32f1xx_it.o [1]
Dtentox                  0x800'2f81  0x200  Code  Lc  strto64.o [3]
EXTI9_5_IRQHandler       0x800'7aed   0x22  Code  Gb  stm32f1xx_it.o [1]
Error_Handler            0x800'4d21    0x2  Code  Gb  main.o [1]
FLASH_PageErase          0x800'65a1   0x1c  Code  Gb  stm32f1xx_hal_flash_ex.o [1]
FLASH_Program_HalfWord   0x800'64df   0x16  Code  Lc  stm32f1xx_hal_flash.o [1]
FLASH_SetErrorCode       0x800'6545   0x44  Code  Lc  stm32f1xx_hal_flash.o [1]
FLASH_WaitForLastOperation
                         0x800'64f5   0x50  Code  Gb  stm32f1xx_hal_flash.o [1]
HAL_DMA_Abort            0x800'4577   0x2a  Code  Gb  stm32f1xx_hal_dma.o [1]
HAL_DMA_Abort_IT         0x800'45a9   0x94  Code  Gb  stm32f1xx_hal_dma.o [1]
HAL_DMA_IRQHandler       0x800'4649  0x144  Code  Gb  stm32f1xx_hal_dma.o [1]
HAL_DMA_Init             0x800'44a9   0x5a  Code  Gb  stm32f1xx_hal_dma.o [1]
HAL_DMA_Start_IT         0x800'4503   0x74  Code  Gb  stm32f1xx_hal_dma.o [1]
HAL_FLASH_Lock           0x800'64cf    0xa  Code  Gb  stm32f1xx_hal_flash.o [1]
HAL_FLASH_Program        0x800'6439   0x76  Code  Gb  stm32f1xx_hal_flash.o [1]
HAL_FLASH_Unlock         0x800'64af   0x20  Code  Gb  stm32f1xx_hal_flash.o [1]
HAL_GPIO_EXTI_Callback   0x800'521f   0x2a  Code  Gb  APP_Di.o [1]
HAL_GPIO_EXTI_IRQHandler
                         0x800'4ec3   0x10  Code  Gb  stm32f1xx_hal_gpio.o [1]
HAL_GPIO_Init            0x800'4d25  0x182  Code  Gb  stm32f1xx_hal_gpio.o [1]
HAL_GPIO_ReadPin         0x800'4ea7    0xc  Code  Gb  stm32f1xx_hal_gpio.o [1]
HAL_GPIO_TogglePin       0x800'4ebb    0x8  Code  Gb  stm32f1xx_hal_gpio.o [1]
HAL_GPIO_WritePin        0x800'4eb3    0x8  Code  Gb  stm32f1xx_hal_gpio.o [1]
HAL_GetTick              0x800'4fe9    0xc  Code  Wk  stm32f1xx_hal.o [1]
HAL_IncTick              0x800'7bf1   0x10  Code  Wk  stm32f1xx_hal.o [1]
HAL_Init                 0x800'5035   0x20  Code  Gb  stm32f1xx_hal.o [1]
HAL_InitTick             0x800'4ff5   0x40  Code  Wk  stm32f1xx_hal.o [1]
HAL_MspInit              0x800'526d   0x48  Code  Gb  stm32f1xx_hal_msp.o [1]
HAL_NVIC_EnableIRQ       0x800'4f7b    0xa  Code  Gb  stm32f1xx_hal_cortex.o [1]
HAL_NVIC_SetPriority     0x800'4f41   0x3a  Code  Gb  stm32f1xx_hal_cortex.o [1]
HAL_NVIC_SetPriorityGrouping
                         0x800'4f27   0x1a  Code  Gb  stm32f1xx_hal_cortex.o [1]
HAL_RCC_ClockConfig      0x800'4acf  0x124  Code  Gb  stm32f1xx_hal_rcc.o [1]
HAL_RCC_GetPCLK1Freq     0x800'4c43   0x10  Code  Gb  stm32f1xx_hal_rcc.o [1]
HAL_RCC_GetPCLK2Freq     0x800'4c53    0xe  Code  Gb  stm32f1xx_hal_rcc.o [1]
HAL_RCC_GetSysClockFreq
                         0x800'4c09   0x3a  Code  Gb  stm32f1xx_hal_rcc.o [1]
HAL_RCC_GetSysClockFreq::aPLLMULFactorTable
                         0x800'4c94   0x10  Data  Lc  stm32f1xx_hal_rcc.o [1]
HAL_RCC_GetSysClockFreq::aPredivFactorTable
                         0x800'4ca4    0x2  Data  Lc  stm32f1xx_hal_rcc.o [1]
HAL_RCC_OscConfig        0x800'47dd  0x2ea  Code  Gb  stm32f1xx_hal_rcc.o [1]
HAL_SPI_IRQHandler       0x800'68d9   0xd6  Code  Gb  stm32f1xx_hal_spi.o [1]
HAL_SPI_Init             0x800'72af   0x80  Code  Gb  stm32f1xx_hal_spi_ex.o [1]
HAL_SPI_MspInit          0x800'6659   0x7e  Code  Gb  bsp_spi.o [1]
HAL_SPI_TransmitReceive
                         0x800'6705  0x1b8  Code  Gb  stm32f1xx_hal_spi.o [1]
HAL_SYSTICK_CLKSourceConfig
                         0x800'4fb7   0x1a  Code  Gb  stm32f1xx_hal_cortex.o [1]
HAL_SYSTICK_Config       0x800'4f8f   0x28  Code  Gb  stm32f1xx_hal_cortex.o [1]
HAL_TIMEx_BreakCallback
                         0x800'6615    0x2  Code  Wk  stm32f1xx_hal_tim_ex.o [1]
HAL_TIMEx_CommutationCallback
                         0x800'6619    0x2  Code  Wk  stm32f1xx_hal_tim_ex.o [1]
HAL_TIMEx_MasterConfigSynchronization
                         0x800'65c5   0x4a  Code  Gb  stm32f1xx_hal_tim_ex.o [1]
HAL_TIM_Base_Init        0x800'552d   0x1a  Code  Gb  stm32f1xx_hal_tim.o [1]
HAL_TIM_Base_MspInit     0x800'5491   0x34  Code  Gb  bsp_tim.o [1]
HAL_TIM_Base_Start_IT    0x800'5547   0x16  Code  Gb  stm32f1xx_hal_tim.o [1]
HAL_TIM_ConfigClockSource
                         0x800'56c9   0xac  Code  Gb  stm32f1xx_hal_tim.o [1]
HAL_TIM_IRQHandler       0x800'5581  0x142  Code  Gb  stm32f1xx_hal_tim.o [1]
HAL_UART_AbortReceive    0x800'3cb5   0x20  Code  Gb  stm32f1xx_hal_uart.o [1]
HAL_UART_IRQHandler      0x800'3d09  0x14e  Code  Gb  stm32f1xx_hal_uart.o [1]
HAL_UART_Init            0x800'3b35   0x1e  Code  Gb  stm32f1xx_hal_uart.o [1]
HAL_UART_MspInit         0x800'4115  0x1a0  Code  Gb  bsp_usart.o [1]
HAL_UART_Receive_DMA     0x800'3c23   0x92  Code  Gb  stm32f1xx_hal_uart.o [1]
HAL_UART_Transmit_DMA    0x800'3bab   0x78  Code  Gb  stm32f1xx_hal_uart.o [1]
HardFault_Handler        0x800'7ac3    0x2  Code  Gb  stm32f1xx_it.o [1]
KFP_Current             0x2000'0b68   0x30  Data  Gb  sysram.o [1]
KFP_Init                 0x800'5991   0x26  Code  Gb  bsp_mcp3208.o [1]
LED_Bsp_Init             0x800'587d   0x58  Code  Gb  bsp_led.o [1]
LED_Comm_Ctrl            0x800'591d    0xe  Code  Gb  bsp_led.o [1]
LED_Entry                0x800'5931   0x3a  Code  Gb  bsp_led.o [1]
LED_Lanuch               0x800'596b   0x10  Code  Gb  bsp_led.o [1]
LED_Run_Ctrl             0x800'590f    0xe  Code  Gb  bsp_led.o [1]
LORA_AtCmd_Pack          0x800'5cf1  0x17c  Code  Gb  APP_LORA.o [1]
LORA_Bsp_Init            0x800'5c35   0x7a  Code  Gb  APP_LORA.o [1]
LORA_Entry               0x800'5fb9   0x1a  Code  Gb  APP_LORA.o [1]
LORA_Lanuch              0x800'5fd3    0x4  Code  Gb  APP_LORA.o [1]
LORA_SoftInit_AtRxHandle
                         0x800'5e6d   0x12  Code  Gb  APP_LORA.o [1]
LORA_SoftInit_Handle     0x800'5e81   0xea  Code  Gb  APP_LORA.o [1]
LORA_StartUp_Handle      0x800'5caf   0x38  Code  Gb  APP_LORA.o [1]
LORA_Wrok_Handle         0x800'5f71   0x3e  Code  Gb  APP_LORA.o [1]
LoRa_Freqs               0x800'7360  0x384  Data  Gb  APP_LORA.o [1]
MCP3208_Bsp_Init         0x800'59b7   0x70  Code  Gb  bsp_mcp3208.o [1]
MCP3208_Enrty            0x800'5adf   0xd8  Code  Gb  bsp_mcp3208.o [1]
MCP3208_Lanuch           0x800'5bb7    0x4  Code  Gb  bsp_mcp3208.o [1]
MCP3208_Read             0x800'5a33   0x54  Code  Gb  bsp_mcp3208.o [1]
MODBUS_Data_Assignment   0x800'6f69   0xb8  Code  Gb  APP_Modbus.o [1]
MODBUS_RTU_CMD03_Handle
                         0x800'7055   0x5c  Code  Gb  APP_Modbus.o [1]
MODBUS_RTU_CMD06_Callback
                         0x800'70b1   0x4c  Code  Gb  APP_Modbus.o [1]
MODBUS_RTU_CMD16_Callback
                         0x800'70fd   0x78  Code  Gb  APP_Modbus.o [1]
MODBUS_RTU_CMD16_Handle
                         0x800'7175   0x5a  Code  Gb  APP_Modbus.o [1]
MODBUS_RTU_Handle        0x800'71cf   0x9e  Code  Gb  APP_Modbus.o [1]
MX_DMA_Init              0x800'53cd   0x60  Code  Gb  bsp_dma.o [1]
MX_SPI2_Init             0x800'661d   0x3c  Code  Gb  bsp_spi.o [1]
MX_TIM3_Init             0x800'542d   0x64  Code  Gb  bsp_tim.o [1]
MX_USART1_UART_Init      0x800'40d1   0x10  Code  Gb  bsp_usart.o [1]
MX_USART2_UART_Init      0x800'40e1   0x10  Code  Gb  bsp_usart.o [1]
MemManage_Handler        0x800'7ac5    0x2  Code  Gb  stm32f1xx_it.o [1]
NMI_Handler              0x800'7ac1    0x2  Code  Gb  stm32f1xx_it.o [1]
NVIC_SetPriority         0x800'4f0d   0x1a  Code  Lc  stm32f1xx_hal_cortex.o [1]
PARA_Init                0x800'5063   0x42  Code  Gb  bsp.o [1]
PendSV_Handler           0x800'7acf    0x2  Code  Gb  stm32f1xx_it.o [1]
Protolcol_Parse          0x800'78e5  0x10c  Code  Gb  APP_DebugProtocol.o [1]
RS485_Bsp_Init           0x800'5bf5   0x40  Code  Gb  bsp_rs485.o [1]
RS485_Lanuch             0x800'7c01   0x4c  Code  Gb  APP_rs485.o [1]
RS485_SetUartPara_Lanuch
                         0x800'7c4d   0x2e  Code  Gb  APP_rs485.o [1]
Region$$Table$$Base      0x800'7f70          --   Gb  - Linker created -
Region$$Table$$Limit     0x800'7f90          --   Gb  - Linker created -
SCHED_Setup_entry        0x800'5195   0x36  Code  Gb  APP_Scheduler.o [1]
SPI2_IRQHandler          0x800'7b1f    0x6  Code  Gb  stm32f1xx_it.o [1]
SPI_CheckFlag_BSY        0x800'6a55   0x1e  Code  Lc  stm32f1xx_hal_spi.o [1]
SPI_DMAAbortOnError      0x800'69bd    0xc  Code  Lc  stm32f1xx_hal_spi.o [1]
SPI_ReadWriteByte        0x800'66e9   0x1a  Code  Gb  bsp_spi.o [1]
SPI_WaitFlagStateUntilTimeout
                         0x800'69c9   0x8c  Code  Lc  stm32f1xx_hal_spi.o [1]
STMFLASH_BUF            0x2000'0108  0x400  Data  Gb  bsp_stmFlash.o [1]
STMFLASH_Read            0x800'53b1   0x1a  Code  Gb  bsp_stmFlash.o [1]
STMFLASH_Write           0x800'52db   0xce  Code  Gb  bsp_stmFlash.o [1]
STMFLASH_Write_NoCheck   0x800'52b5   0x26  Code  Gb  bsp_stmFlash.o [1]
SVC_Handler              0x800'7acb    0x2  Code  Gb  stm32f1xx_it.o [1]
Setup_CountActivateJob  0x2000'0c08    0x1  Data  Gb  APP_Scheduler.o [1]
Setup_CountActivateTaskStep
                        0x2000'0c09    0x1  Data  Gb  APP_Scheduler.o [1]
Setup_ListOfActivateJob
                        0x2000'0c0c    0x4  Data  Gb  APP_Scheduler.o [1]
Setup_Sched_table        0x800'51d4    0x4  Data  Gb  APP_Scheduler.o [1]
Setup_Tasks_Table        0x800'7c8c   0x80  Data  Gb  APP_Scheduler.o [1]
Switch_Bsp_Init          0x800'6155   0x64  Code  Gb  bsp_switch.o [1]
Switch_DevAddr_Read      0x800'61b9   0x7a  Code  Gb  bsp_switch.o [1]
Switch_NetAddr_Read      0x800'6233   0x3a  Code  Gb  bsp_switch.o [1]
SysTick_Handler          0x800'7ad1    0x4  Code  Gb  stm32f1xx_it.o [1]
SystemClock_Config       0x800'4ccd   0x54  Code  Gb  main.o [1]
SystemCoreClock         0x2000'0080    0x4  Data  Gb  system_stm32f1xx.o [1]
SystemInit               0x800'7d85   0x3c  Code  Gb  system_stm32f1xx.o [1]
TIM3_IRQHandler          0x800'7b0f   0x10  Code  Gb  stm32f1xx_it.o [1]
TIM_Base_SetConfig       0x800'579f   0x5e  Code  Gb  stm32f1xx_hal_tim.o [1]
TIM_ETR_SetConfig        0x800'5863   0x14  Code  Lc  stm32f1xx_hal_tim.o [1]
TIM_ITRx_SetConfig       0x800'5853   0x10  Code  Lc  stm32f1xx_hal_tim.o [1]
TIM_TI1_ConfigInputStage
                         0x800'5811   0x1e  Code  Lc  stm32f1xx_hal_tim.o [1]
TIM_TI2_ConfigInputStage
                         0x800'582f   0x24  Code  Lc  stm32f1xx_hal_tim.o [1]
TIM_TableOfCntAndDecnt  0x2000'0b30   0x38  Data  Gb  APP_Timer.o [1]
UART_DMAAbortOnError     0x800'3f45    0xc  Code  Lc  stm32f1xx_hal_uart.o [1]
UART_DMAError            0x800'3ecd   0x4a  Code  Lc  stm32f1xx_hal_uart.o [1]
UART_DMAReceiveCplt      0x800'3e8d   0x38  Code  Lc  stm32f1xx_hal_uart.o [1]
UART_DMARxHalfCplt       0x800'3ec5    0x6  Code  Lc  stm32f1xx_hal_uart.o [1]
UART_DMATransmitCplt     0x800'3e59   0x2a  Code  Lc  stm32f1xx_hal_uart.o [1]
UART_DMATxHalfCplt       0x800'3e85    0x6  Code  Lc  stm32f1xx_hal_uart.o [1]
UART_EndRxTransfer       0x800'3f29   0x1c  Code  Lc  stm32f1xx_hal_uart.o [1]
UART_EndTxTransfer       0x800'3f17   0x12  Code  Lc  stm32f1xx_hal_uart.o [1]
UART_Receive_IT          0x800'3f51   0x92  Code  Lc  stm32f1xx_hal_uart.o [1]
UART_SetConfig           0x800'3fe3   0xe4  Code  Lc  stm32f1xx_hal_uart.o [1]
USART1_IRQHandler        0x800'7b25   0x2a  Code  Gb  stm32f1xx_it.o [1]
USART2_IRQHandler        0x800'7b4f   0x28  Code  Gb  stm32f1xx_it.o [1]
UsageFault_Handler       0x800'7ac9    0x2  Code  Gb  stm32f1xx_it.o [1]
Usart1_rxbuff           0x2000'0718  0x100  Data  Gb  sysram.o [1]
Usart1_txbuff           0x2000'0618  0x100  Data  Gb  sysram.o [1]
Usart2_rxbuff           0x2000'0918  0x100  Data  Gb  sysram.o [1]
Usart2_txbuff           0x2000'0818  0x100  Data  Gb  sysram.o [1]
Usart_Bsp_Init           0x800'4301   0x56  Code  Gb  bsp_usart.o [1]
Usart_Para_Get           0x800'442b   0x7e  Code  Gb  bsp_usart.o [1]
Usart_Para_Set           0x800'4381   0xaa  Code  Gb  bsp_usart.o [1]
WDG_Bsp_Init             0x800'639d   0x3e  Code  Gb  bsp_wdg.o [1]
WDG_Lanuch               0x800'63db   0x20  Code  Gb  bsp_wdg.o [1]
_Encoding_8859_1_Mbrlen
                         0x800'1325    0x2  Code  Gb  xencoding_8859_1.o [2]
_Encoding_8859_1_Mbtowc
                         0x800'131d    0x8  Code  Gb  xencoding_8859_1.o [2]
_Encoding_8859_1_Wctomb
                         0x800'130b   0x12  Code  Gb  xencoding_8859_1.o [2]
_Get                     0x800'1f6d   0x12  Code  Lc  xscanffull.o [2]
_GetN                    0x800'1f7f   0x22  Code  Lc  xscanffull.o [2]
_GetstrFull              0x800'2bb5  0x294  Code  Lc  xscanffull.o [2]
_LitobFull               0x800'0fff  0x10a  Code  Lc  xprintffull.o [2]
_LocaleC_isalpha         0x800'11f3    0xc  Code  Gb  xlocale_c.o [2]
_LocaleC_islower         0x800'11ed    0x4  Code  Gb  xlocale_c.o [2]
_LocaleC_isspace         0x800'1209   0x14  Code  Gb  xlocale_c.o [2]
_LocaleC_isupper         0x800'11f1    0x2  Code  Gb  xlocale_c.o [2]
_LocaleC_tolower         0x800'121d    0xc  Code  Gb  xlocale_c.o [2]
_Locale_lconv           0x2000'0084   0x38  Data  Lc  xlocale_c.o [2]
_PrintfFull              0x800'00ed  0xcc4  Code  Gb  xprintffull.o [2]
_PutcharsFull            0x800'1171   0x2e  Code  Lc  xprintffull.o [2]
_PutstrFull              0x800'0f3f   0xc0  Code  Lc  xprintffull.o [2]
_PuttxtFull              0x800'0e33  0x10c  Code  Lc  xprintffull.o [2]
_SProut                  0x800'14df    0xa  Code  Gb  xsprout.o [2]
_SScin                   0x800'1493   0x1e  Code  Gb  xsscin.o [2]
_ScanfFull               0x800'1fbd  0xb7c  Code  Gb  xscanffull.o [2]
_UngetN                  0x800'1fa1   0x1a  Code  Lc  xscanffull.o [2]
__aeabi_cdcmple          0x800'1465         Code  Gb  DblCmpLe.o [3]
__aeabi_cdrcmple         0x800'14b1         Code  Gb  DblCmpGe.o [3]
__aeabi_cfcmple          0x800'6e3d         Code  Gb  FltCmpLe.o [3]
__aeabi_cfrcmple         0x800'6e61         Code  Gb  FltCmpGe.o [3]
__aeabi_d2f              0x800'3301         Code  Gb  DblToFlt.o [3]
__aeabi_d2iz             0x800'1625         Code  Gb  DblToS32.o [3]
__aeabi_d2uiz            0x800'19b1         Code  Gb  DblToU32.o [3]
__aeabi_dadd             0x800'1dd9         Code  Gb  DblAdd.o [3]
__aeabi_ddiv             0x800'1769         Code  Gb  DblDiv.o [3]
__aeabi_dmul             0x800'19f5         Code  Gb  DblMul.o [3]
__aeabi_dsub             0x800'1685         Code  Gb  DblSub.o [3]
__aeabi_f2d              0x800'6df5         Code  Gb  FltToDbl.o [3]
__aeabi_f2iz             0x800'6dc9         Code  Gb  FltToS32.o [3]
__aeabi_fadd             0x800'6a75         Code  Gb  FltAdd.o [3]
__aeabi_fdiv             0x800'6b59         Code  Gb  FltDiv.o [3]
__aeabi_fmul             0x800'6cd5         Code  Gb  FltMul.o [3]
__aeabi_fsub             0x800'6c55         Code  Gb  FltSub.o [3]
__aeabi_i2d              0x800'1661         Code  Gb  S32ToDbl.o [3]
__aeabi_ldiv0            0x800'1f55         Code  Gb  I64DivZer.o [4]
__aeabi_llsr             0x800'7291         Code  Gb  U64Shr.o [4]
__aeabi_memclr           0x800'6f11         Code  Gb  ABImemclr.o [4]
__aeabi_memclr4          0x800'51d9         Code  Gb  ABImemclr4.o [4]
__aeabi_memset           0x800'3acd         Code  Gb  ABImemset.o [4]
__aeabi_ui2d             0x800'19d9         Code  Gb  U32ToDbl.o [3]
__aeabi_ui2f             0x800'6dad         Code  Gb  U32ToFlt.o [3]
__aeabi_uldivmod         0x800'1ba1         Code  Gb  I64DivMod.o [4]
__cmain                  0x800'7f91         Code  Gb  cmain.o [4]
__exit                   0x800'1f59   0x14  Code  Gb  exit.o [5]
__iar_Fail_s             0x800'1331   0x1c  Code  Gb  xfail_s.o [2]
__iar_Mbcurmax           0x800'1b97    0xa  Code  Gb  xmbcurmax.o [2]
__iar_Memchr             0x800'1385         Code  Gb  memchr.o [4]
__iar_Memset             0x800'3acd         Code  Gb  ABImemset.o [4]
__iar_Memset4_word       0x800'6405         Code  Gb  ABImemset48.o [4]
__iar_Memset8_word       0x800'6405         Code  Gb  ABImemset48.o [4]
__iar_Memset_word        0x800'3ad5         Code  Gb  ABImemset.o [4]
__iar_Sto64              0x800'3181  0x152  Code  Gb  strto64.o [3]
__iar_Stoflt             0x800'36f9  0x1b8  Code  Gb  iar_Stoflt.o [2]
__iar_Stollx             0x800'351d   0xa0  Code  Gb  iar_Stollx.o [2]
__iar_Stopfx             0x800'35d7  0x122  Code  Gb  iar_Stopfx.o [2]
__iar_Stoullx            0x800'3369  0x1a4  Code  Gb  iar_Stoullx.o [2]
__iar_Stoxflt            0x800'38b1  0x1d2  Code  Gb  iar_Stoxflt.o [2]
__iar_Stoxflt::digits    0x800'3a88   0x18  Data  Lc  iar_Stoxflt.o [2]
__iar_Stoxflt::vals      0x800'3aa0   0x18  Data  Lc  iar_Stoxflt.o [2]
__iar_Strchr             0x800'12f5         Code  Gb  strchr.o [4]
__iar_dadd               0x800'1695         Code  Gb  DblSub.o [3]
__iar_data_init3         0x800'7f49   0x28  Code  Gb  data_init.o [4]
__iar_dsub               0x800'1de9         Code  Gb  DblAdd.o [3]
__iar_dsubStart          0x800'1dfb         Code  Gb  DblAdd.o [3]
__iar_fadd               0x800'6c61         Code  Gb  FltSub.o [3]
__iar_frexp              0x800'1401         Code  Gb  frexp.o [3]
__iar_frexp64            0x800'13f5         Code  Gb  frexp.o [3]
__iar_frexpl             0x800'1401         Code  Gb  frexp.o [3]
__iar_fsub               0x800'6a81         Code  Gb  FltAdd.o [3]
__iar_fsubStart          0x800'6a91         Code  Gb  FltAdd.o [3]
__iar_globLocale        0x2000'00bc   0x48  Data  Lc  xlocale_c.o [2]
__iar_global_Locale      0x800'1229    0x4  Code  Gb  xlocale_c.o [2]
__iar_ldexp64            0x800'14e9         Code  Gb  ldexp.o [3]
__iar_lz77_init_single3
                         0x800'7d0d   0x78  Code  Gb  lz77_init_single.o [4]
__iar_program_start      0x800'7fd5         Code  Gb  cstartup_M.o [4]
__iar_scalbln64          0x800'14e9         Code  Gb  ldexp.o [3]
__iar_scalbn64           0x800'14e9         Code  Gb  ldexp.o [3]
__iar_small_Memcpy       0x800'13e1         Code  Gb  ABImemcpy_small.o [4]
__iar_small_memcpy       0x800'13dd         Code  Gb  ABImemcpy_small.o [4]
__iar_small_memcpy4      0x800'13dd         Code  Gb  ABImemcpy_small.o [4]
__iar_small_memcpy8      0x800'13dd         Code  Gb  ABImemcpy_small.o [4]
__iar_small_strlen       0x800'1371         Code  Gb  strlen_small.o [4]
__iar_zero_init3         0x800'11b3   0x3a  Code  Gb  zero_init3.o [4]
__low_level_init         0x800'7faf    0x4  Code  Gb  low_level_init.o [2]
__vector_table           0x800'0000         Data  Gb  startup_stm32f103xb.o [1]
_call_main               0x800'7f9d         Code  Gb  cmain.o [4]
_exit                    0x800'7fb9         Code  Gb  cexit.o [4]
_gLocale_mblen           0x800'12d3    0x4  Code  Gb  xlocale_c.o [2]
_gLocale_mblenInt        0x800'1255   0x2c  Code  Gb  xlocale_c.o [2]
_gLocale_mbtowc          0x800'12d7    0xc  Code  Gb  xlocale_c.o [2]
_gLocale_mbtowcInt       0x800'1281   0x42  Code  Gb  xlocale_c.o [2]
_gLocale_wctomb          0x800'12e3    0x4  Code  Gb  xlocale_c.o [2]
_gLocale_wctombInt       0x800'12cf    0x4  Code  Gb  xlocale_c.o [2]
_main                    0x800'7fab         Code  Gb  cmain.o [4]
abort                    0x800'1dd1    0x6  Code  Gb  abort.o [2]
aucCRCHi                 0x800'76e4  0x100  Data  Lc  sys.o [1]
aucCRCLo                 0x800'77e4  0x100  Data  Lc  sys.o [1]
delay_init               0x800'54d1   0x10  Code  Gb  delay.o [1]
delay_ms                 0x800'5515   0x18  Code  Gb  delay.o [1]
delay_us                 0x800'54e1   0x2c  Code  Gb  delay.o [1]
devAddr                 0x2000'0104    0x1  Data  Gb  sysram.o [1]
dev_RS485               0x2000'002c    0x4  Data  Gb  sysram.o [1]
dev_di                  0x2000'0bfc    0xc  Data  Gb  sysram.o [1]
dev_do                  0x2000'0c18    0x2  Data  Gb  sysram.o [1]
dev_led                 0x2000'0058   0x14  Data  Gb  sysram.o [1]
dev_ledComm             0x2000'006c   0x14  Data  Gb  sysram.o [1]
dev_lora                0x2000'0050    0x8  Data  Gb  sysram.o [1]
dev_mcp3208             0x2000'0030   0x20  Data  Gb  sysram.o [1]
digits                   0x800'7e08   0x28  Data  Lc  iar_Stoullx.o [2]
dmul                     0x800'2ef5   0x8c  Code  Lc  strto64.o [3]
exit                     0x800'7fb3    0x4  Code  Gb  exit.o [2]
fac_us                  0x2000'0c10    0x4  Data  Lc  delay.o [1]
frexp                    0x800'13f5         Code  Gb  frexp.o [3]
frexpl                   0x800'13f5         Code  Gb  frexp.o [3]
hdma_usart1_rx          0x2000'0508   0x44  Data  Gb  bsp_usart.o [1]
hdma_usart1_tx          0x2000'054c   0x44  Data  Gb  bsp_usart.o [1]
hdma_usart2_rx          0x2000'05d4   0x44  Data  Gb  bsp_usart.o [1]
hdma_usart2_tx          0x2000'0590   0x44  Data  Gb  bsp_usart.o [1]
hspi2                   0x2000'0a18   0x58  Data  Gb  bsp_spi.o [1]
htim3                   0x2000'0a70   0x40  Data  Gb  bsp_tim.o [1]
huart1                  0x2000'0ab0   0x40  Data  Gb  bsp_usart.o [1]
huart2                  0x2000'0af0   0x40  Data  Gb  bsp_usart.o [1]
isSetCailPara           0x2000'0c1b    0x1  Data  Gb  sysram.o [1]
isSetupUart             0x2000'0c1a    0x1  Data  Gb  sysram.o [1]
isalpha                  0x800'2ee1   0x14  Code  Gb  isalpha.o [2]
isspace                  0x800'2e99   0x14  Code  Gb  isspace.o [2]
kalmanFilter             0x800'5a87   0x58  Code  Gb  bsp_mcp3208.o [1]
ldexp                    0x800'14e9         Code  Gb  ldexp.o [3]
ldexpl                   0x800'14e9         Code  Gb  ldexp.o [3]
localeconv               0x800'12e7    0x4  Code  Gb  xlocale_c.o [2]
main                     0x800'4ca7   0x26  Code  Gb  main.o [1]
memchr                   0x800'1385         Code  Gb  memchr.o [4]
memset                   0x800'35c3   0x14  Code  Gb  memset.o [4]
modbusReg               0x2000'0b98   0x28  Data  Gb  sysram.o [1]
ndigs                    0x800'7de0   0x28  Data  Lc  iar_Stoullx.o [2]
netAddr                 0x2000'0105    0x1  Data  Gb  sysram.o [1]
pFlash                  0x2000'0bc0   0x20  Data  Gb  stm32f1xx_hal_flash.o [1]
pows                     0x800'7e80   0x48  Data  Lc  strto64.o [3]
ranmatch                 0x800'2b71   0x42  Code  Lc  xscanffull.o [2]
s_usart1                0x2000'000c   0x10  Data  Gb  sysram.o [1]
s_usart2                0x2000'001c   0x10  Data  Gb  sysram.o [1]
scalbln                  0x800'14e9         Code  Gb  ldexp.o [3]
scalblnl                 0x800'14e9         Code  Gb  ldexp.o [3]
scalbn                   0x800'14e9         Code  Gb  ldexp.o [3]
scalbnl                  0x800'14e9         Code  Gb  ldexp.o [3]
scale                    0x800'1109   0x46  Code  Lc  xprintffull.o [2]
sec_hand                0x2000'0c14    0x4  Data  Lc  xfail_s.o [2]
sprintf                  0x800'6e85   0x40  Code  Gb  sprintf.o [2]
sscanf                   0x800'7a99   0x28  Code  Gb  sscanf.o [2]
strcat                   0x800'6ec5   0x1e  Code  Gb  strcat.o [2]
strchr                   0x800'12f5         Code  Gb  strchr.o [4]
strstr                   0x800'6ee3   0x2c  Code  Gb  strstr.o [2]
strtoll                  0x800'35bd    0x2  Code  Gb  iar_Stollx.o [2]
strtoull                 0x800'3515    0x2  Code  Gb  iar_Stoullx.o [2]
sysConfig               0x2000'0be0   0x1c  Data  Gb  sysram.o [1]
tolower                  0x800'3ab9   0x14  Code  Gb  tolower.o [2]
usMBCRC16                0x800'7331   0x2c  Code  Gb  sys.o [1]
usart_enable             0x800'42d3   0x2e  Code  Gb  bsp_usart.o [1]
uwTick                  0x2000'0004    0x4  Data  Gb  stm32f1xx_hal.o [1]
uwTickFreq              0x2000'0000    0x1  Data  Gb  stm32f1xx_hal.o [1]
uwTickPrio              0x2000'0008    0x4  Data  Gb  stm32f1xx_hal.o [1]
wctob                    0x800'2ead   0x34  Code  Gb  wctob.o [2]


[1] = C:\Users\41610\Desktop\IndustrialwirelessEquipment\EWARM\IndustrialwirelessEquipment\Obj
[2] = dl7M_tlf.a
[3] = m7M_tl.a
[4] = rt7M_tl.a
[5] = shb_l.a

  30'981 bytes of readonly  code memory
   2'049 bytes of readonly  data memory
   4'122 bytes of readwrite data memory

Errors: none
Warnings: none
