###############################################################################
#
# IAR ELF Linker V8.40.2.214/W32 for ARM                  02/Feb/2021  20:28:58
# Copyright 2007-2019 IAR Systems AB.
#
#    Output file  =
#        C:\Users\41610\Desktop\IndustrialwirelessEquipment\EWARM\IndustrialwirelessEquipment\Exe\IndustrialwirelessEquipment.out
#    Map file     =
#        C:\Users\41610\Desktop\IndustrialwirelessEquipment\EWARM\IndustrialwirelessEquipment\List\IndustrialwirelessEquipment.map
#    Command line =
#        -f C:\Users\41610\AppData\Local\Temp\EW96F8.tmp
#        (C:\Users\41610\Desktop\IndustrialwirelessEquipment\EWARM\IndustrialwirelessEquipment\Obj\APP_Di.o
#        C:\Users\41610\Desktop\IndustrialwirelessEquipment\EWARM\IndustrialwirelessEquipment\Obj\APP_Do.o
#        C:\Users\41610\Desktop\IndustrialwirelessEquipment\EWARM\IndustrialwirelessEquipment\Obj\APP_Led.o
#        C:\Users\41610\Desktop\IndustrialwirelessEquipment\EWARM\IndustrialwirelessEquipment\Obj\APP_LORA.o
#        C:\Users\41610\Desktop\IndustrialwirelessEquipment\EWARM\IndustrialwirelessEquipment\Obj\APP_Modbus.o
#        C:\Users\41610\Desktop\IndustrialwirelessEquipment\EWARM\IndustrialwirelessEquipment\Obj\APP_rs485.o
#        C:\Users\41610\Desktop\IndustrialwirelessEquipment\EWARM\IndustrialwirelessEquipment\Obj\APP_Scheduler.o
#        C:\Users\41610\Desktop\IndustrialwirelessEquipment\EWARM\IndustrialwirelessEquipment\Obj\APP_Task.o
#        C:\Users\41610\Desktop\IndustrialwirelessEquipment\EWARM\IndustrialwirelessEquipment\Obj\APP_Timer.o
#        C:\Users\41610\Desktop\IndustrialwirelessEquipment\EWARM\IndustrialwirelessEquipment\Obj\bsp.o
#        C:\Users\41610\Desktop\IndustrialwirelessEquipment\EWARM\IndustrialwirelessEquipment\Obj\bsp_Di.o
#        C:\Users\41610\Desktop\IndustrialwirelessEquipment\EWARM\IndustrialwirelessEquipment\Obj\bsp_dma.o
#        C:\Users\41610\Desktop\IndustrialwirelessEquipment\EWARM\IndustrialwirelessEquipment\Obj\bsp_Do.o
#        C:\Users\41610\Desktop\IndustrialwirelessEquipment\EWARM\IndustrialwirelessEquipment\Obj\bsp_led.o
#        C:\Users\41610\Desktop\IndustrialwirelessEquipment\EWARM\IndustrialwirelessEquipment\Obj\bsp_mcp3208.o
#        C:\Users\41610\Desktop\IndustrialwirelessEquipment\EWARM\IndustrialwirelessEquipment\Obj\bsp_rs485.o
#        C:\Users\41610\Desktop\IndustrialwirelessEquipment\EWARM\IndustrialwirelessEquipment\Obj\bsp_spi.o
#        C:\Users\41610\Desktop\IndustrialwirelessEquipment\EWARM\IndustrialwirelessEquipment\Obj\bsp_stmFlash.o
#        C:\Users\41610\Desktop\IndustrialwirelessEquipment\EWARM\IndustrialwirelessEquipment\Obj\bsp_switch.o
#        C:\Users\41610\Desktop\IndustrialwirelessEquipment\EWARM\IndustrialwirelessEquipment\Obj\bsp_tim.o
#        C:\Users\41610\Desktop\IndustrialwirelessEquipment\EWARM\IndustrialwirelessEquipment\Obj\bsp_usart.o
#        C:\Users\41610\Desktop\IndustrialwirelessEquipment\EWARM\IndustrialwirelessEquipment\Obj\bsp_wdg.o
#        C:\Users\41610\Desktop\IndustrialwirelessEquipment\EWARM\IndustrialwirelessEquipment\Obj\delay.o
#        C:\Users\41610\Desktop\IndustrialwirelessEquipment\EWARM\IndustrialwirelessEquipment\Obj\main.o
#        C:\Users\41610\Desktop\IndustrialwirelessEquipment\EWARM\IndustrialwirelessEquipment\Obj\startup_stm32f103xb.o
#        C:\Users\41610\Desktop\IndustrialwirelessEquipment\EWARM\IndustrialwirelessEquipment\Obj\stm32f1xx_hal.o
#        C:\Users\41610\Desktop\IndustrialwirelessEquipment\EWARM\IndustrialwirelessEquipment\Obj\stm32f1xx_hal_cortex.o
#        C:\Users\41610\Desktop\IndustrialwirelessEquipment\EWARM\IndustrialwirelessEquipment\Obj\stm32f1xx_hal_dma.o
#        C:\Users\41610\Desktop\IndustrialwirelessEquipment\EWARM\IndustrialwirelessEquipment\Obj\stm32f1xx_hal_flash.o
#        C:\Users\41610\Desktop\IndustrialwirelessEquipment\EWARM\IndustrialwirelessEquipment\Obj\stm32f1xx_hal_flash_ex.o
#        C:\Users\41610\Desktop\IndustrialwirelessEquipment\EWARM\IndustrialwirelessEquipment\Obj\stm32f1xx_hal_gpio.o
#        C:\Users\41610\Desktop\IndustrialwirelessEquipment\EWARM\IndustrialwirelessEquipment\Obj\stm32f1xx_hal_gpio_ex.o
#        C:\Users\41610\Desktop\IndustrialwirelessEquipment\EWARM\IndustrialwirelessEquipment\Obj\stm32f1xx_hal_msp.o
#        C:\Users\41610\Desktop\IndustrialwirelessEquipment\EWARM\IndustrialwirelessEquipment\Obj\stm32f1xx_hal_pwr.o
#        C:\Users\41610\Desktop\IndustrialwirelessEquipment\EWARM\IndustrialwirelessEquipment\Obj\stm32f1xx_hal_rcc.o
#        C:\Users\41610\Desktop\IndustrialwirelessEquipment\EWARM\IndustrialwirelessEquipment\Obj\stm32f1xx_hal_rcc_ex.o
#        C:\Users\41610\Desktop\IndustrialwirelessEquipment\EWARM\IndustrialwirelessEquipment\Obj\stm32f1xx_hal_spi.o
#        C:\Users\41610\Desktop\IndustrialwirelessEquipment\EWARM\IndustrialwirelessEquipment\Obj\stm32f1xx_hal_spi_ex.o
#        C:\Users\41610\Desktop\IndustrialwirelessEquipment\EWARM\IndustrialwirelessEquipment\Obj\stm32f1xx_hal_tim.o
#        C:\Users\41610\Desktop\IndustrialwirelessEquipment\EWARM\IndustrialwirelessEquipment\Obj\stm32f1xx_hal_tim_ex.o
#        C:\Users\41610\Desktop\IndustrialwirelessEquipment\EWARM\IndustrialwirelessEquipment\Obj\stm32f1xx_hal_uart.o
#        C:\Users\41610\Desktop\IndustrialwirelessEquipment\EWARM\IndustrialwirelessEquipment\Obj\stm32f1xx_it.o
#        C:\Users\41610\Desktop\IndustrialwirelessEquipment\EWARM\IndustrialwirelessEquipment\Obj\sys.o
#        C:\Users\41610\Desktop\IndustrialwirelessEquipment\EWARM\IndustrialwirelessEquipment\Obj\sysram.o
#        C:\Users\41610\Desktop\IndustrialwirelessEquipment\EWARM\IndustrialwirelessEquipment\Obj\system_stm32f1xx.o
#        --redirect _Printf=_PrintfFull --redirect _Scanf=_ScanfFull
#        --no_out_extension -o
#        C:\Users\41610\Desktop\IndustrialwirelessEquipment\EWARM\IndustrialwirelessEquipment\Exe\IndustrialwirelessEquipment.out
#        --map
#        C:\Users\41610\Desktop\IndustrialwirelessEquipment\EWARM\IndustrialwirelessEquipment\List\IndustrialwirelessEquipment.map
#        --config
#        C:\Users\41610\Desktop\IndustrialwirelessEquipment\EWARM/stm32f103xb_flash.icf
#        --semihosting --entry __iar_program_start --vfe --text_out locale)
#
###############################################################################

*******************************************************************************
*** RUNTIME MODEL ATTRIBUTES
***

CppFlavor       = *
__SystemLibrary = DLib
__dlib_version  = 6


*******************************************************************************
*** HEAP SELECTION
***

The basic heap was selected because no calls to memory allocation
functions were found in the application outside of system library
functions, and there are calls to deallocation functions in the
application.


*******************************************************************************
*** PLACEMENT SUMMARY
***

"A0":  place at address 0x800'0000 { ro section .intvec };
"P1":  place in [from 0x800'0000 to 0x801'ffff] { ro };
define block CSTACK with size = 1K, alignment = 8 { };
define block HEAP with size = 512, alignment = 8 { };
"P2":  place in [from 0x2000'0000 to 0x2000'4fff] {
          rw, block CSTACK, block HEAP };
initialize by copy { rw };

  Section            Kind         Address    Size  Object
  -------            ----         -------    ----  ------
"A0":                                        0xec
  .intvec            ro code   0x800'0000    0xec  startup_stm32f103xb.o [1]
                             - 0x800'00ec    0xec

"P1":                                      0x617d
  .text              ro code   0x800'00ec  0x10c6  xprintffull.o [2]
  .text              ro code   0x800'11b2    0x3a  zero_init3.o [4]
  .text              ro code   0x800'11ec    0x7c  xlocale_c.o [2]
  .text              ro code   0x800'1268    0x16  strchr.o [4]
  .text              ro code   0x800'127e    0x1e  xencoding_8859_1.o [2]
  .text              ro code   0x800'129c    0x40  xfail_s.o [2]
  .text              ro code   0x800'12dc    0x14  strlen_small.o [4]
  .text              ro code   0x800'12f0    0x58  memchr.o [4]
  .text              ro code   0x800'1348    0x18  ABImemcpy_small.o [4]
  .text              ro code   0x800'1360    0x70  frexp.o [3]
  .text              ro code   0x800'13d0    0x2e  DblCmpLe.o [3]
  .text              ro code   0x800'13fe     0xa  xsprout.o [2]
  .text              ro code   0x800'1408    0x2e  DblCmpGe.o [3]
  .rodata            const     0x800'1436     0x2  xlocale_c.o [2]
  .text              ro code   0x800'1438   0x13a  ldexp.o [3]
  .rodata            const     0x800'1572     0x2  xlocale_c.o [2]
  .text              ro code   0x800'1574    0x3a  DblToS32.o [3]
  .rodata            const     0x800'15ae     0x1  xlocale_c.o [2]
  .text              ro code   0x800'15b0    0x22  S32ToDbl.o [3]
  .text              ro code   0x800'15d4    0xe2  DblSub.o [3]
  .text              ro code   0x800'16b8   0x246  DblDiv.o [3]
  .text              ro code   0x800'1900    0x28  DblToU32.o [3]
  .text              ro code   0x800'1928    0x1a  U32ToDbl.o [3]
  .text              ro code   0x800'1944   0x1a2  DblMul.o [3]
  .text              ro code   0x800'1ae6     0xa  xmbcurmax.o [2]
  .text              ro code   0x800'1af0   0x230  I64DivMod.o [4]
  .text              ro code   0x800'1d20     0x6  abort.o [2]
  .text              ro code   0x800'1d28   0x17a  DblAdd.o [3]
  .text              ro code   0x800'1ea4     0x2  I64DivZer.o [4]
  .text              ro code   0x800'1ea8    0x14  exit.o [5]
  .text              ro code   0x800'1ebc   0x59c  stm32f1xx_hal_uart.o [1]
  .text              ro code   0x800'2458   0x3d8  bsp_usart.o [1]
  .text              ro code   0x800'2830   0x32a  stm32f1xx_hal_dma.o [1]
  .text              ro code   0x800'2b5a     0x2  stm32f1xx_hal_uart.o [1]
  .text              ro code   0x800'2b5c     0x2  stm32f1xx_hal_uart.o [1]
  .text              ro code   0x800'2b5e     0x2  stm32f1xx_hal_uart.o [1]
  .text              ro code   0x800'2b60     0x2  stm32f1xx_hal_uart.o [1]
  .text              ro code   0x800'2b62     0x2  stm32f1xx_hal_uart.o [1]
  .text              ro code   0x800'2b64   0x4ca  stm32f1xx_hal_rcc.o [1]
  .text              ro code   0x800'302e    0x7c  main.o [1]
  .text              ro code   0x800'30ac   0x1e8  stm32f1xx_hal_gpio.o [1]
  .text              ro code   0x800'3294    0xdc  stm32f1xx_hal_cortex.o [1]
  .text              ro code   0x800'3370     0xc  stm32f1xx_hal.o [1]
  .text              ro code   0x800'337c    0x40  stm32f1xx_hal.o [1]
  .text              ro code   0x800'33bc    0x24  stm32f1xx_hal.o [1]
  .text              ro code   0x800'33e0    0xcc  bsp.o [1]
  .text              ro code   0x800'34ac    0x5c  APP_Timer.o [1]
  .text              ro code   0x800'3508    0x44  APP_Scheduler.o [1]
  .text              ro code   0x800'354c     0x6  ABImemclr4.o [4]
  .text              ro code   0x800'3554    0x8c  APP_Di.o [1]
  .text              ro code   0x800'35e0    0x48  stm32f1xx_hal_msp.o [1]
  .text              ro code   0x800'3628   0x116  bsp_stmFlash.o [1]
  .text              ro code   0x800'3740    0x60  bsp_dma.o [1]
  .text              ro code   0x800'37a0    0xa4  bsp_tim.o [1]
  .text              ro code   0x800'3844    0x5c  delay.o [1]
  .text              ro code   0x800'38a0   0x350  stm32f1xx_hal_tim.o [1]
  .text              ro code   0x800'3bf0   0x114  bsp_led.o [1]
  .text              ro code   0x800'3d04   0x29c  bsp_mcp3208.o [1]
  .text              ro code   0x800'3fa0    0x40  bsp_rs485.o [1]
  .text              ro code   0x800'3fe0   0x520  APP_LORA.o [1]
  .text              ro code   0x800'4500   0x12a  bsp_switch.o [1]
  .text              ro code   0x800'462c    0x48  bsp_Do.o [1]
  .text              ro code   0x800'4674    0x2c  APP_Do.o [1]
  .text              ro code   0x800'46a0    0xa6  bsp_Di.o [1]
  .text              ro code   0x800'4748    0x68  bsp_wdg.o [1]
  .text              ro code   0x800'47b0    0x32  ABImemset48.o [4]
  .text              ro code   0x800'47e4   0x168  stm32f1xx_hal_flash.o [1]
  .text              ro code   0x800'494c    0x24  stm32f1xx_hal_flash_ex.o [1]
  .text              ro code   0x800'4970    0x4a  stm32f1xx_hal_tim_ex.o [1]
  .text              ro code   0x800'49ba     0x2  stm32f1xx_hal_tim.o [1]
  .text              ro code   0x800'49bc     0x2  stm32f1xx_hal_tim.o [1]
  .text              ro code   0x800'49be     0x2  stm32f1xx_hal_tim.o [1]
  .text              ro code   0x800'49c0     0x2  stm32f1xx_hal_tim_ex.o [1]
  .text              ro code   0x800'49c2     0x2  stm32f1xx_hal_tim.o [1]
  .text              ro code   0x800'49c4     0x2  stm32f1xx_hal_tim_ex.o [1]
  .text              ro code   0x800'49c6     0x2  stm32f1xx_hal_tim.o [1]
  .text              ro code   0x800'49c8    0xe6  bsp_spi.o [1]
  .text              ro code   0x800'4ab0   0x36e  stm32f1xx_hal_spi.o [1]
  .text              ro code   0x800'4e20    0xe2  FltAdd.o [3]
  .text              ro code   0x800'4f04    0xfc  FltDiv.o [3]
  .text              ro code   0x800'5000    0x80  FltSub.o [3]
  .text              ro code   0x800'5080    0xd8  FltMul.o [3]
  .text              ro code   0x800'5158    0x1c  U32ToFlt.o [3]
  .text              ro code   0x800'5174    0x2a  FltToS32.o [3]
  .text              ro code   0x800'51a0    0x48  FltToDbl.o [3]
  .text              ro code   0x800'51e8    0x68  DblToFlt.o [3]
  .text              ro code   0x800'5250    0x24  FltCmpLe.o [3]
  .text              ro code   0x800'5274    0x24  FltCmpGe.o [3]
  .text              ro code   0x800'5298    0x40  sprintf.o [2]
  .text              ro code   0x800'52d8    0x1e  strcat.o [2]
  .text              ro code   0x800'52f6    0x2c  strstr.o [2]
  .text              ro code   0x800'5324     0x6  ABImemclr.o [4]
  .text              ro code   0x800'532c    0x50  APP_Led.o [1]
  .text              ro code   0x800'537c   0x328  APP_Modbus.o [1]
  .text              ro code   0x800'56a4    0x1e  U64Shr.o [4]
  .text              ro code   0x800'56c2    0x80  stm32f1xx_hal_spi_ex.o [1]
  .text              ro code   0x800'5742     0x2  stm32f1xx_hal_spi.o [1]
  .text              ro code   0x800'5744    0x5e  ABImemset.o [4]
  .text              ro code   0x800'57a4    0x30  sys.o [1]
  .rodata            const     0x800'57d4   0x384  APP_LORA.o [1]
  .rodata            const     0x800'5b58   0x200  sys.o [1]
  .text              ro code   0x800'5d58   0x12e  stm32f1xx_it.o [1]
  .text              ro code   0x800'5e88    0x10  stm32f1xx_hal.o [1]
  .rodata            const     0x800'5e98    0x80  APP_Scheduler.o [1]
  .text              ro code   0x800'5f18    0x7c  APP_rs485.o [1]
  .text              ro code   0x800'5f94    0x78  lz77_init_single.o [4]
  .text              ro code   0x800'600c    0x5c  system_stm32f1xx.o [1]
  .text              ro code   0x800'6068    0x2e  APP_Task.o [1]
  .rodata            const     0x800'6098    0x28  APP_LORA.o [1]
  .text              ro code   0x800'60c0    0x28  data_init.o [4]
  .iar.init_table    const     0x800'60e8    0x20  - Linker created -
  .text              ro code   0x800'6108    0x1e  cmain.o [4]
  .text              ro code   0x800'6126     0x4  low_level_init.o [2]
  .text              ro code   0x800'612a     0x4  exit.o [2]
  .text              ro code   0x800'6130     0xa  cexit.o [4]
  .text              ro code   0x800'613c    0x10  startup_stm32f103xb.o [1]
  .text              ro code   0x800'614c     0xc  cstartup_M.o [4]
  .rodata            const     0x800'6158     0x8  system_stm32f1xx.o [1]
  .text              ro code   0x800'6160     0x4  startup_stm32f103xb.o [1]
  .text              ro code   0x800'6164     0x4  startup_stm32f103xb.o [1]
  .text              ro code   0x800'6168     0x4  startup_stm32f103xb.o [1]
  .text              ro code   0x800'616c     0x4  startup_stm32f103xb.o [1]
  .text              ro code   0x800'6170     0x4  startup_stm32f103xb.o [1]
  .text              ro code   0x800'6174     0x4  startup_stm32f103xb.o [1]
  .text              ro code   0x800'6178     0x4  startup_stm32f103xb.o [1]
  .text              ro code   0x800'617c     0x4  startup_stm32f103xb.o [1]
  .text              ro code   0x800'6180     0x4  startup_stm32f103xb.o [1]
  .text              ro code   0x800'6184     0x4  startup_stm32f103xb.o [1]
  .text              ro code   0x800'6188     0x4  startup_stm32f103xb.o [1]
  .text              ro code   0x800'618c     0x4  startup_stm32f103xb.o [1]
  .text              ro code   0x800'6190     0x4  startup_stm32f103xb.o [1]
  .text              ro code   0x800'6194     0x4  startup_stm32f103xb.o [1]
  .text              ro code   0x800'6198     0x4  startup_stm32f103xb.o [1]
  .text              ro code   0x800'619c     0x4  startup_stm32f103xb.o [1]
  .text              ro code   0x800'61a0     0x4  startup_stm32f103xb.o [1]
  .text              ro code   0x800'61a4     0x4  startup_stm32f103xb.o [1]
  .text              ro code   0x800'61a8     0x4  startup_stm32f103xb.o [1]
  .text              ro code   0x800'61ac     0x4  startup_stm32f103xb.o [1]
  .text              ro code   0x800'61b0     0x4  startup_stm32f103xb.o [1]
  .text              ro code   0x800'61b4     0x4  startup_stm32f103xb.o [1]
  .text              ro code   0x800'61b8     0x4  startup_stm32f103xb.o [1]
  .text              ro code   0x800'61bc     0x4  startup_stm32f103xb.o [1]
  .text              ro code   0x800'61c0     0x4  startup_stm32f103xb.o [1]
  .text              ro code   0x800'61c4     0x4  startup_stm32f103xb.o [1]
  .text              ro code   0x800'61c8     0x4  startup_stm32f103xb.o [1]
  .text              ro code   0x800'61cc     0x4  startup_stm32f103xb.o [1]
  .text              ro code   0x800'61d0     0x4  startup_stm32f103xb.o [1]
  .text              ro code   0x800'61d4     0x4  startup_stm32f103xb.o [1]
  .text              ro code   0x800'61d8     0x4  startup_stm32f103xb.o [1]
  .text              ro code   0x800'61dc     0x4  startup_stm32f103xb.o [1]
  .text              ro code   0x800'61e0     0x4  startup_stm32f103xb.o [1]
  .text              ro code   0x800'61e4     0x4  startup_stm32f103xb.o [1]
  .rodata            const     0x800'61e8     0x0  zero_init3.o [4]
  .rodata            const     0x800'61e8     0x0  lz77_init_single.o [4]
  Initializer bytes  const     0x800'61e8    0x81  <for P2-1>
                             - 0x800'6269  0x617d

"P2", part 1 of 3:                           0xfe
  P2-1                        0x2000'0000    0xfe  <Init block>
    .data            inited   0x2000'0000     0xc  stm32f1xx_hal.o [1]
    .data            inited   0x2000'000c    0x10  sysram.o [1]
    .data            inited   0x2000'001c    0x10  sysram.o [1]
    .data            inited   0x2000'002c     0x4  sysram.o [1]
    .data            inited   0x2000'0030    0x18  sysram.o [1]
    .data            inited   0x2000'0048     0x8  sysram.o [1]
    .data            inited   0x2000'0050    0x14  sysram.o [1]
    .data            inited   0x2000'0064    0x14  sysram.o [1]
    .data            inited   0x2000'0078     0x4  system_stm32f1xx.o [1]
    .data            inited   0x2000'007c    0x38  xlocale_c.o [2]
    .data            inited   0x2000'00b4    0x48  xlocale_c.o [2]
    .data            inited   0x2000'00fc     0x1  sysram.o [1]
    .data            inited   0x2000'00fd     0x1  sysram.o [1]
                            - 0x2000'00fe    0xfe

"P2", part 2 of 3:                          0xb0c
  .bss               zero     0x2000'0100   0x400  bsp_stmFlash.o [1]
  .bss               zero     0x2000'0500   0x110  bsp_usart.o [1]
  .bss               zero     0x2000'0610   0x100  sysram.o [1]
  .bss               zero     0x2000'0710   0x100  sysram.o [1]
  .bss               zero     0x2000'0810   0x100  sysram.o [1]
  .bss               zero     0x2000'0910   0x100  sysram.o [1]
  .bss               zero     0x2000'0a10    0x58  bsp_spi.o [1]
  .bss               zero     0x2000'0a68    0x40  bsp_tim.o [1]
  .bss               zero     0x2000'0aa8    0x40  bsp_usart.o [1]
  .bss               zero     0x2000'0ae8    0x40  bsp_usart.o [1]
  .bss               zero     0x2000'0b28    0x38  APP_Timer.o [1]
  .bss               zero     0x2000'0b60    0x30  sysram.o [1]
  .bss               zero     0x2000'0b90    0x28  sysram.o [1]
  .bss               zero     0x2000'0bb8    0x20  stm32f1xx_hal_flash.o [1]
  .bss               zero     0x2000'0bd8    0x14  sysram.o [1]
  .bss               zero     0x2000'0bec     0xc  sysram.o [1]
  .bss               zero     0x2000'0bf8     0x8  APP_Scheduler.o [1]
  .bss               zero     0x2000'0c00     0x4  delay.o [1]
  .bss               zero     0x2000'0c04     0x4  xfail_s.o [2]
  .bss               zero     0x2000'0c08     0x2  sysram.o [1]
  .bss               zero     0x2000'0c0a     0x1  sysram.o [1]
                            - 0x2000'0c0b   0xb0b

"P2", part 3 of 3:                          0x400
  CSTACK                      0x2000'0c10   0x400  <Block>
    CSTACK           uninit   0x2000'0c10   0x400  <Block tail>
                            - 0x2000'1010   0x400

Unused ranges:

         From           To      Size
         ----           --      ----
   0x800'6269   0x801'ffff  0x1'9d97
  0x2000'00fe  0x2000'00ff       0x2
  0x2000'0c0c  0x2000'0c0f       0x4
  0x2000'1010  0x2000'4fff    0x3ff0


*******************************************************************************
*** INIT TABLE
***

          Address      Size
          -------      ----
Zero (__iar_zero_init3)
    1 destination range, total size 0xb0b:
          0x2000'0100  0xb0b

Copy/lz77 (__iar_lz77_init_single3)
    1 source range, total size 0x81 (50% of destination):
           0x800'61e8   0x81
    1 destination range, total size 0xfe:
          0x2000'0000   0xfe



*******************************************************************************
*** MODULE SUMMARY
***

    Module                    ro code  ro data  rw data
    ------                    -------  -------  -------
command line/config:
    ---------------------------------------------------
    Total:

C:\Users\41610\Desktop\IndustrialwirelessEquipment\EWARM\IndustrialwirelessEquipment\Obj: [1]
    APP_Di.o                      140
    APP_Do.o                       44
    APP_LORA.o                  1'312      940
    APP_Led.o                      80
    APP_Modbus.o                  808
    APP_Scheduler.o                68      128        8
    APP_Task.o                     46
    APP_Timer.o                    92                56
    APP_rs485.o                   124
    bsp.o                         204
    bsp_Di.o                      166
    bsp_Do.o                       72
    bsp_dma.o                      96
    bsp_led.o                     276
    bsp_mcp3208.o                 668
    bsp_rs485.o                    64
    bsp_spi.o                     230                88
    bsp_stmFlash.o                278             1'024
    bsp_switch.o                  298
    bsp_tim.o                     164                64
    bsp_usart.o                   984               400
    bsp_wdg.o                     104
    delay.o                        92                 4
    main.o                        124
    startup_stm32f103xb.o         388
    stm32f1xx_hal.o               128        6       12
    stm32f1xx_hal_cortex.o        220
    stm32f1xx_hal_dma.o           810
    stm32f1xx_hal_flash.o         360                32
    stm32f1xx_hal_flash_ex.o       36
    stm32f1xx_hal_gpio.o          488
    stm32f1xx_hal_msp.o            72
    stm32f1xx_hal_rcc.o         1'226
    stm32f1xx_hal_spi.o           880
    stm32f1xx_hal_spi_ex.o        128
    stm32f1xx_hal_tim.o           858
    stm32f1xx_hal_tim_ex.o         78
    stm32f1xx_hal_uart.o        1'446
    stm32f1xx_it.o                302
    sys.o                          48      512
    sysram.o                                56    1'257
    system_stm32f1xx.o             92       10        4
    ---------------------------------------------------
    Total:                     14'094    1'652    2'949

dl7M_tlf.a: [2]
    abort.o                         6
    exit.o                          4
    low_level_init.o                4
    sprintf.o                      64
    strcat.o                       30
    strstr.o                       44
    xencoding_8859_1.o             30
    xfail_s.o                      64                 4
    xlocale_c.o                   124       70      128
    xmbcurmax.o                    10
    xprintffull.o               4'294
    xsprout.o                      10
    ---------------------------------------------------
    Total:                      4'684       70      132

m7M_tl.a: [3]
    DblAdd.o                      378
    DblCmpGe.o                     46
    DblCmpLe.o                     46
    DblDiv.o                      582
    DblMul.o                      418
    DblSub.o                      226
    DblToFlt.o                    104
    DblToS32.o                     58
    DblToU32.o                     40
    FltAdd.o                      226
    FltCmpGe.o                     36
    FltCmpLe.o                     36
    FltDiv.o                      252
    FltMul.o                      216
    FltSub.o                      128
    FltToDbl.o                     72
    FltToS32.o                     42
    S32ToDbl.o                     34
    U32ToDbl.o                     26
    U32ToFlt.o                     28
    frexp.o                       112
    ldexp.o                       314
    ---------------------------------------------------
    Total:                      3'420

rt7M_tl.a: [4]
    ABImemclr.o                     6
    ABImemclr4.o                    6
    ABImemcpy_small.o              24
    ABImemset.o                    94
    ABImemset48.o                  50
    I64DivMod.o                   560
    I64DivZer.o                     2
    U64Shr.o                       30
    cexit.o                        10
    cmain.o                        30
    cstartup_M.o                   12
    data_init.o                    40
    lz77_init_single.o            120
    memchr.o                       88
    strchr.o                       22
    strlen_small.o                 20
    zero_init3.o                   58
    ---------------------------------------------------
    Total:                      1'172

shb_l.a: [5]
    exit.o                         20
    ---------------------------------------------------
    Total:                         20

    Gaps                           47        2
    Linker created                          32    1'024
-------------------------------------------------------
    Grand Total:               23'437    1'756    4'105


*******************************************************************************
*** ENTRY LIST
***

Entry                       Address   Size  Type      Object
-----                       -------   ----  ----      ------
.iar.init_table$$Base    0x800'60e8          --   Gb  - Linker created -
.iar.init_table$$Limit   0x800'6108          --   Gb  - Linker created -
?main                    0x800'6109         Code  Gb  cmain.o [4]
AHBPrescTable            0x800'6058   0x10  Data  Gb  system_stm32f1xx.o [1]
APBPrescTable            0x800'6158    0x8  Data  Gb  system_stm32f1xx.o [1]
APP_Collect_Task_Lanuch
                         0x800'606d    0xe  Code  Gb  APP_Task.o [1]
APP_Communication_Lanuch
                         0x800'6089    0xe  Code  Gb  APP_Task.o [1]
APP_Display_Task_Lanuch
                         0x800'6069    0x4  Code  Gb  APP_Task.o [1]
APP_LED_Comm_OneFlash    0x800'5371    0x6  Code  Gb  APP_Led.o [1]
APP_LED_Set              0x800'532d   0x44  Code  Gb  APP_Led.o [1]
APP_Set_Task_Lanuch      0x800'607b    0xe  Code  Gb  APP_Task.o [1]
APP_TIM_Launch           0x800'34ad   0x28  Code  Gb  APP_Timer.o [1]
APP_TIM_ReadDecounterValue
                         0x800'34d5    0x2  Code  Gb  APP_Timer.o [1]
APP_TIM_StartDecounter   0x800'34e3   0x10  Code  Gb  APP_Timer.o [1]
APP_TIM_StopDecounter    0x800'34f3   0x12  Code  Gb  APP_Timer.o [1]
Bsp_Init                 0x800'3425   0x6a  Code  Gb  bsp.o [1]
BusFault_Handler         0x800'5d5f    0x2  Code  Gb  stm32f1xx_it.o [1]
CSTACK$$Base            0x2000'0c10          --   Gb  - Linker created -
CSTACK$$Limit           0x2000'1010          --   Gb  - Linker created -
CacheMore                0x800'11f1   0x28  Code  Lc  xlocale_c.o [2]
ConfigPara_SaveData_Write
                         0x800'33e1    0xa  Code  Gb  bsp.o [1]
DI_Bsp_Init              0x800'46a1   0x7e  Code  Gb  bsp_Di.o [1]
DI_Lanuch                0x800'35bd   0x1c  Code  Gb  APP_Di.o [1]
DI_Pulse_Count           0x800'3587    0xc  Code  Gb  APP_Di.o [1]
DI_Sta_Get               0x800'3555   0x2c  Code  Gb  APP_Di.o [1]
DMA1_Channel4_IRQHandler
                         0x800'5d6d    0x6  Code  Gb  stm32f1xx_it.o [1]
DMA1_Channel5_IRQHandler
                         0x800'5d73    0x6  Code  Gb  stm32f1xx_it.o [1]
DMA1_Channel6_IRQHandler
                         0x800'5d79    0x6  Code  Gb  stm32f1xx_it.o [1]
DMA1_Channel7_IRQHandler
                         0x800'5d7f    0x6  Code  Gb  stm32f1xx_it.o [1]
DMA_SetConfig            0x800'2b39   0x22  Code  Lc  stm32f1xx_hal_dma.o [1]
DO_Bsp_Init              0x800'462d   0x48  Code  Gb  bsp_Do.o [1]
DO_Ctrl                  0x800'4689   0x14  Code  Gb  APP_Do.o [1]
DO_Reboot_Sta_Set        0x800'4675   0x14  Code  Gb  APP_Do.o [1]
DebugMon_Handler         0x800'5d65    0x2  Code  Gb  stm32f1xx_it.o [1]
EXTI9_5_IRQHandler       0x800'5d85   0x22  Code  Gb  stm32f1xx_it.o [1]
Error_Handler            0x800'30a9    0x2  Code  Gb  main.o [1]
FLASH_PageErase          0x800'494d   0x1c  Code  Gb  stm32f1xx_hal_flash_ex.o [1]
FLASH_Program_HalfWord   0x800'488b   0x16  Code  Lc  stm32f1xx_hal_flash.o [1]
FLASH_SetErrorCode       0x800'48f1   0x44  Code  Lc  stm32f1xx_hal_flash.o [1]
FLASH_WaitForLastOperation
                         0x800'48a1   0x50  Code  Gb  stm32f1xx_hal_flash.o [1]
HAL_DMA_Abort            0x800'28ff   0x2a  Code  Gb  stm32f1xx_hal_dma.o [1]
HAL_DMA_Abort_IT         0x800'2931   0x94  Code  Gb  stm32f1xx_hal_dma.o [1]
HAL_DMA_IRQHandler       0x800'29d1  0x144  Code  Gb  stm32f1xx_hal_dma.o [1]
HAL_DMA_Init             0x800'2831   0x5a  Code  Gb  stm32f1xx_hal_dma.o [1]
HAL_DMA_Start_IT         0x800'288b   0x74  Code  Gb  stm32f1xx_hal_dma.o [1]
HAL_FLASH_Lock           0x800'487b    0xa  Code  Gb  stm32f1xx_hal_flash.o [1]
HAL_FLASH_Program        0x800'47e5   0x76  Code  Gb  stm32f1xx_hal_flash.o [1]
HAL_FLASH_Unlock         0x800'485b   0x20  Code  Gb  stm32f1xx_hal_flash.o [1]
HAL_GPIO_EXTI_Callback   0x800'3593   0x2a  Code  Gb  APP_Di.o [1]
HAL_GPIO_EXTI_IRQHandler
                         0x800'324b   0x10  Code  Gb  stm32f1xx_hal_gpio.o [1]
HAL_GPIO_Init            0x800'30ad  0x182  Code  Gb  stm32f1xx_hal_gpio.o [1]
HAL_GPIO_ReadPin         0x800'322f    0xc  Code  Gb  stm32f1xx_hal_gpio.o [1]
HAL_GPIO_TogglePin       0x800'3243    0x8  Code  Gb  stm32f1xx_hal_gpio.o [1]
HAL_GPIO_WritePin        0x800'323b    0x8  Code  Gb  stm32f1xx_hal_gpio.o [1]
HAL_GetTick              0x800'3371    0xc  Code  Wk  stm32f1xx_hal.o [1]
HAL_IncTick              0x800'5e89   0x10  Code  Wk  stm32f1xx_hal.o [1]
HAL_Init                 0x800'33bd   0x20  Code  Gb  stm32f1xx_hal.o [1]
HAL_InitTick             0x800'337d   0x40  Code  Wk  stm32f1xx_hal.o [1]
HAL_MspInit              0x800'35e1   0x48  Code  Gb  stm32f1xx_hal_msp.o [1]
HAL_NVIC_EnableIRQ       0x800'3303    0xa  Code  Gb  stm32f1xx_hal_cortex.o [1]
HAL_NVIC_SetPriority     0x800'32c9   0x3a  Code  Gb  stm32f1xx_hal_cortex.o [1]
HAL_NVIC_SetPriorityGrouping
                         0x800'32af   0x1a  Code  Gb  stm32f1xx_hal_cortex.o [1]
HAL_RCC_ClockConfig      0x800'2e57  0x124  Code  Gb  stm32f1xx_hal_rcc.o [1]
HAL_RCC_GetPCLK1Freq     0x800'2fcb   0x10  Code  Gb  stm32f1xx_hal_rcc.o [1]
HAL_RCC_GetPCLK2Freq     0x800'2fdb    0xe  Code  Gb  stm32f1xx_hal_rcc.o [1]
HAL_RCC_GetSysClockFreq
                         0x800'2f91   0x3a  Code  Gb  stm32f1xx_hal_rcc.o [1]
HAL_RCC_GetSysClockFreq::aPLLMULFactorTable
                         0x800'301c   0x10  Data  Lc  stm32f1xx_hal_rcc.o [1]
HAL_RCC_GetSysClockFreq::aPredivFactorTable
                         0x800'302c    0x2  Data  Lc  stm32f1xx_hal_rcc.o [1]
HAL_RCC_OscConfig        0x800'2b65  0x2ea  Code  Gb  stm32f1xx_hal_rcc.o [1]
HAL_SPI_IRQHandler       0x800'4c85   0xd6  Code  Gb  stm32f1xx_hal_spi.o [1]
HAL_SPI_Init             0x800'56c3   0x80  Code  Gb  stm32f1xx_hal_spi_ex.o [1]
HAL_SPI_MspInit          0x800'4a05   0x7e  Code  Gb  bsp_spi.o [1]
HAL_SPI_TransmitReceive
                         0x800'4ab1  0x1b8  Code  Gb  stm32f1xx_hal_spi.o [1]
HAL_SYSTICK_CLKSourceConfig
                         0x800'333f   0x1a  Code  Gb  stm32f1xx_hal_cortex.o [1]
HAL_SYSTICK_Config       0x800'3317   0x28  Code  Gb  stm32f1xx_hal_cortex.o [1]
HAL_TIMEx_BreakCallback
                         0x800'49c1    0x2  Code  Wk  stm32f1xx_hal_tim_ex.o [1]
HAL_TIMEx_CommutationCallback
                         0x800'49c5    0x2  Code  Wk  stm32f1xx_hal_tim_ex.o [1]
HAL_TIMEx_MasterConfigSynchronization
                         0x800'4971   0x4a  Code  Gb  stm32f1xx_hal_tim_ex.o [1]
HAL_TIM_Base_Init        0x800'38a1   0x1a  Code  Gb  stm32f1xx_hal_tim.o [1]
HAL_TIM_Base_MspInit     0x800'3805   0x34  Code  Gb  bsp_tim.o [1]
HAL_TIM_Base_Start_IT    0x800'38bb   0x16  Code  Gb  stm32f1xx_hal_tim.o [1]
HAL_TIM_ConfigClockSource
                         0x800'3a3d   0xac  Code  Gb  stm32f1xx_hal_tim.o [1]
HAL_TIM_IRQHandler       0x800'38f5  0x142  Code  Gb  stm32f1xx_hal_tim.o [1]
HAL_UART_AbortReceive    0x800'203d   0x20  Code  Gb  stm32f1xx_hal_uart.o [1]
HAL_UART_IRQHandler      0x800'2091  0x14e  Code  Gb  stm32f1xx_hal_uart.o [1]
HAL_UART_Init            0x800'1ebd   0x1e  Code  Gb  stm32f1xx_hal_uart.o [1]
HAL_UART_MspInit         0x800'249d  0x1a0  Code  Gb  bsp_usart.o [1]
HAL_UART_Receive_DMA     0x800'1fab   0x92  Code  Gb  stm32f1xx_hal_uart.o [1]
HAL_UART_Transmit_DMA    0x800'1f33   0x78  Code  Gb  stm32f1xx_hal_uart.o [1]
HardFault_Handler        0x800'5d5b    0x2  Code  Gb  stm32f1xx_it.o [1]
KFP_Current             0x2000'0b60   0x30  Data  Gb  sysram.o [1]
KFP_Init                 0x800'3d05   0x26  Code  Gb  bsp_mcp3208.o [1]
LED_Bsp_Init             0x800'3bf1   0x58  Code  Gb  bsp_led.o [1]
LED_Comm_Ctrl            0x800'3c91    0xe  Code  Gb  bsp_led.o [1]
LED_Entry                0x800'3ca5   0x3a  Code  Gb  bsp_led.o [1]
LED_Lanuch               0x800'3cdf   0x10  Code  Gb  bsp_led.o [1]
LED_Run_Ctrl             0x800'3c83    0xe  Code  Gb  bsp_led.o [1]
LORA_AtCmd_Pack          0x800'409d  0x17c  Code  Gb  APP_LORA.o [1]
LORA_Bsp_Init            0x800'3fe1   0x7a  Code  Gb  APP_LORA.o [1]
LORA_Entry               0x800'4365   0x1a  Code  Gb  APP_LORA.o [1]
LORA_Lanuch              0x800'437f    0x4  Code  Gb  APP_LORA.o [1]
LORA_SoftInit_AtRxHandle
                         0x800'4219   0x12  Code  Gb  APP_LORA.o [1]
LORA_SoftInit_Handle     0x800'422d   0xea  Code  Gb  APP_LORA.o [1]
LORA_StartUp_Handle      0x800'405b   0x38  Code  Gb  APP_LORA.o [1]
LORA_Wrok_Handle         0x800'431d   0x3e  Code  Gb  APP_LORA.o [1]
LoRa_Freqs               0x800'57d4  0x384  Data  Gb  APP_LORA.o [1]
MCP3208_Bsp_Init         0x800'3d2b   0x6e  Code  Gb  bsp_mcp3208.o [1]
MCP3208_Enrty            0x800'3e45  0x100  Code  Gb  bsp_mcp3208.o [1]
MCP3208_Lanuch           0x800'3f4f    0x4  Code  Gb  bsp_mcp3208.o [1]
MCP3208_Read             0x800'3d99   0x54  Code  Gb  bsp_mcp3208.o [1]
MODBUS_Data_Assignment   0x800'537d   0xb8  Code  Gb  APP_Modbus.o [1]
MODBUS_RTU_CMD03_Handle
                         0x800'5469   0x5c  Code  Gb  APP_Modbus.o [1]
MODBUS_RTU_CMD06_Callback
                         0x800'54c5   0x4c  Code  Gb  APP_Modbus.o [1]
MODBUS_RTU_CMD16_Callback
                         0x800'5511   0x78  Code  Gb  APP_Modbus.o [1]
MODBUS_RTU_CMD16_Handle
                         0x800'5589   0x5a  Code  Gb  APP_Modbus.o [1]
MODBUS_RTU_Handle        0x800'55e3   0x9e  Code  Gb  APP_Modbus.o [1]
MX_DMA_Init              0x800'3741   0x60  Code  Gb  bsp_dma.o [1]
MX_SPI2_Init             0x800'49c9   0x3c  Code  Gb  bsp_spi.o [1]
MX_TIM3_Init             0x800'37a1   0x64  Code  Gb  bsp_tim.o [1]
MX_USART1_UART_Init      0x800'2459   0x10  Code  Gb  bsp_usart.o [1]
MX_USART2_UART_Init      0x800'2469   0x10  Code  Gb  bsp_usart.o [1]
MemManage_Handler        0x800'5d5d    0x2  Code  Gb  stm32f1xx_it.o [1]
NMI_Handler              0x800'5d59    0x2  Code  Gb  stm32f1xx_it.o [1]
NVIC_SetPriority         0x800'3295   0x1a  Code  Lc  stm32f1xx_hal_cortex.o [1]
PARA_Init                0x800'33eb   0x3a  Code  Gb  bsp.o [1]
PendSV_Handler           0x800'5d67    0x2  Code  Gb  stm32f1xx_it.o [1]
RS485_Bsp_Init           0x800'3fa1   0x40  Code  Gb  bsp_rs485.o [1]
RS485_Lanuch             0x800'5f19   0x42  Code  Gb  APP_rs485.o [1]
RS485_SetUartPara_Lanuch
                         0x800'5f5b   0x2e  Code  Gb  APP_rs485.o [1]
Region$$Table$$Base      0x800'60e8          --   Gb  - Linker created -
Region$$Table$$Limit     0x800'6108          --   Gb  - Linker created -
SCHED_Setup_entry        0x800'3509   0x36  Code  Gb  APP_Scheduler.o [1]
SPI2_IRQHandler          0x800'5db7    0x6  Code  Gb  stm32f1xx_it.o [1]
SPI_CheckFlag_BSY        0x800'4e01   0x1e  Code  Lc  stm32f1xx_hal_spi.o [1]
SPI_DMAAbortOnError      0x800'4d69    0xc  Code  Lc  stm32f1xx_hal_spi.o [1]
SPI_ReadWriteByte        0x800'4a95   0x1a  Code  Gb  bsp_spi.o [1]
SPI_WaitFlagStateUntilTimeout
                         0x800'4d75   0x8c  Code  Lc  stm32f1xx_hal_spi.o [1]
STMFLASH_BUF            0x2000'0100  0x400  Data  Gb  bsp_stmFlash.o [1]
STMFLASH_Read            0x800'3725   0x1a  Code  Gb  bsp_stmFlash.o [1]
STMFLASH_Write           0x800'364f   0xce  Code  Gb  bsp_stmFlash.o [1]
STMFLASH_Write_NoCheck   0x800'3629   0x26  Code  Gb  bsp_stmFlash.o [1]
SVC_Handler              0x800'5d63    0x2  Code  Gb  stm32f1xx_it.o [1]
Setup_CountActivateJob  0x2000'0bf8    0x1  Data  Gb  APP_Scheduler.o [1]
Setup_CountActivateTaskStep
                        0x2000'0bf9    0x1  Data  Gb  APP_Scheduler.o [1]
Setup_ListOfActivateJob
                        0x2000'0bfc    0x4  Data  Gb  APP_Scheduler.o [1]
Setup_Sched_table        0x800'3548    0x4  Data  Gb  APP_Scheduler.o [1]
Setup_Tasks_Table        0x800'5e98   0x80  Data  Gb  APP_Scheduler.o [1]
Switch_Bsp_Init          0x800'4501   0x64  Code  Gb  bsp_switch.o [1]
Switch_DevAddr_Read      0x800'4565   0x7a  Code  Gb  bsp_switch.o [1]
Switch_NetAddr_Read      0x800'45df   0x3a  Code  Gb  bsp_switch.o [1]
SysTick_Handler          0x800'5d69    0x4  Code  Gb  stm32f1xx_it.o [1]
SystemClock_Config       0x800'3055   0x54  Code  Gb  main.o [1]
SystemCoreClock         0x2000'0078    0x4  Data  Gb  system_stm32f1xx.o [1]
SystemInit               0x800'600d   0x3c  Code  Gb  system_stm32f1xx.o [1]
TIM3_IRQHandler          0x800'5da7   0x10  Code  Gb  stm32f1xx_it.o [1]
TIM_Base_SetConfig       0x800'3b13   0x5e  Code  Gb  stm32f1xx_hal_tim.o [1]
TIM_ETR_SetConfig        0x800'3bd7   0x14  Code  Lc  stm32f1xx_hal_tim.o [1]
TIM_ITRx_SetConfig       0x800'3bc7   0x10  Code  Lc  stm32f1xx_hal_tim.o [1]
TIM_TI1_ConfigInputStage
                         0x800'3b85   0x1e  Code  Lc  stm32f1xx_hal_tim.o [1]
TIM_TI2_ConfigInputStage
                         0x800'3ba3   0x24  Code  Lc  stm32f1xx_hal_tim.o [1]
TIM_TableOfCntAndDecnt  0x2000'0b28   0x38  Data  Gb  APP_Timer.o [1]
UART_DMAAbortOnError     0x800'22cd    0xc  Code  Lc  stm32f1xx_hal_uart.o [1]
UART_DMAError            0x800'2255   0x4a  Code  Lc  stm32f1xx_hal_uart.o [1]
UART_DMAReceiveCplt      0x800'2215   0x38  Code  Lc  stm32f1xx_hal_uart.o [1]
UART_DMARxHalfCplt       0x800'224d    0x6  Code  Lc  stm32f1xx_hal_uart.o [1]
UART_DMATransmitCplt     0x800'21e1   0x2a  Code  Lc  stm32f1xx_hal_uart.o [1]
UART_DMATxHalfCplt       0x800'220d    0x6  Code  Lc  stm32f1xx_hal_uart.o [1]
UART_EndRxTransfer       0x800'22b1   0x1c  Code  Lc  stm32f1xx_hal_uart.o [1]
UART_EndTxTransfer       0x800'229f   0x12  Code  Lc  stm32f1xx_hal_uart.o [1]
UART_Receive_IT          0x800'22d9   0x92  Code  Lc  stm32f1xx_hal_uart.o [1]
UART_SetConfig           0x800'236b   0xe4  Code  Lc  stm32f1xx_hal_uart.o [1]
USART1_IRQHandler        0x800'5dbd   0x2a  Code  Gb  stm32f1xx_it.o [1]
USART2_IRQHandler        0x800'5de7   0x28  Code  Gb  stm32f1xx_it.o [1]
UsageFault_Handler       0x800'5d61    0x2  Code  Gb  stm32f1xx_it.o [1]
Usart1_rxbuff           0x2000'0710  0x100  Data  Gb  sysram.o [1]
Usart1_txbuff           0x2000'0610  0x100  Data  Gb  sysram.o [1]
Usart2_rxbuff           0x2000'0910  0x100  Data  Gb  sysram.o [1]
Usart2_txbuff           0x2000'0810  0x100  Data  Gb  sysram.o [1]
Usart_Bsp_Init           0x800'2689   0x56  Code  Gb  bsp_usart.o [1]
Usart_Para_Get           0x800'27b3   0x7e  Code  Gb  bsp_usart.o [1]
Usart_Para_Set           0x800'2709   0xaa  Code  Gb  bsp_usart.o [1]
WDG_Bsp_Init             0x800'4749   0x3e  Code  Gb  bsp_wdg.o [1]
WDG_Lanuch               0x800'4787   0x20  Code  Gb  bsp_wdg.o [1]
_Encoding_8859_1_Mbrlen
                         0x800'1291    0x2  Code  Gb  xencoding_8859_1.o [2]
_Encoding_8859_1_Wctomb
                         0x800'127f   0x12  Code  Gb  xencoding_8859_1.o [2]
_LitobFull               0x800'0fff  0x10a  Code  Lc  xprintffull.o [2]
_Locale_lconv           0x2000'007c   0x38  Data  Lc  xlocale_c.o [2]
_PrintfFull              0x800'00ed  0xcc4  Code  Gb  xprintffull.o [2]
_PutcharsFull            0x800'1171   0x2e  Code  Lc  xprintffull.o [2]
_PutstrFull              0x800'0f3f   0xc0  Code  Lc  xprintffull.o [2]
_PuttxtFull              0x800'0e33  0x10c  Code  Lc  xprintffull.o [2]
_SProut                  0x800'13ff    0xa  Code  Gb  xsprout.o [2]
__aeabi_cdcmple          0x800'13d1         Code  Gb  DblCmpLe.o [3]
__aeabi_cdrcmple         0x800'1409         Code  Gb  DblCmpGe.o [3]
__aeabi_cfcmple          0x800'5251         Code  Gb  FltCmpLe.o [3]
__aeabi_cfrcmple         0x800'5275         Code  Gb  FltCmpGe.o [3]
__aeabi_d2f              0x800'51e9         Code  Gb  DblToFlt.o [3]
__aeabi_d2iz             0x800'1575         Code  Gb  DblToS32.o [3]
__aeabi_d2uiz            0x800'1901         Code  Gb  DblToU32.o [3]
__aeabi_dadd             0x800'1d29         Code  Gb  DblAdd.o [3]
__aeabi_ddiv             0x800'16b9         Code  Gb  DblDiv.o [3]
__aeabi_dmul             0x800'1945         Code  Gb  DblMul.o [3]
__aeabi_dsub             0x800'15d5         Code  Gb  DblSub.o [3]
__aeabi_f2d              0x800'51a1         Code  Gb  FltToDbl.o [3]
__aeabi_f2iz             0x800'5175         Code  Gb  FltToS32.o [3]
__aeabi_fadd             0x800'4e21         Code  Gb  FltAdd.o [3]
__aeabi_fdiv             0x800'4f05         Code  Gb  FltDiv.o [3]
__aeabi_fmul             0x800'5081         Code  Gb  FltMul.o [3]
__aeabi_fsub             0x800'5001         Code  Gb  FltSub.o [3]
__aeabi_i2d              0x800'15b1         Code  Gb  S32ToDbl.o [3]
__aeabi_ldiv0            0x800'1ea5         Code  Gb  I64DivZer.o [4]
__aeabi_llsr             0x800'56a5         Code  Gb  U64Shr.o [4]
__aeabi_memclr           0x800'5325         Code  Gb  ABImemclr.o [4]
__aeabi_memclr4          0x800'354d         Code  Gb  ABImemclr4.o [4]
__aeabi_ui2d             0x800'1929         Code  Gb  U32ToDbl.o [3]
__aeabi_ui2f             0x800'5159         Code  Gb  U32ToFlt.o [3]
__aeabi_uldivmod         0x800'1af1         Code  Gb  I64DivMod.o [4]
__cmain                  0x800'6109         Code  Gb  cmain.o [4]
__exit                   0x800'1ea9   0x14  Code  Gb  exit.o [5]
__iar_Fail_s             0x800'129d   0x1c  Code  Gb  xfail_s.o [2]
__iar_Mbcurmax           0x800'1ae7    0xa  Code  Gb  xmbcurmax.o [2]
__iar_Memchr             0x800'12f1         Code  Gb  memchr.o [4]
__iar_Memset4_word       0x800'47b1         Code  Gb  ABImemset48.o [4]
__iar_Memset8_word       0x800'47b1         Code  Gb  ABImemset48.o [4]
__iar_Memset_word        0x800'5745         Code  Gb  ABImemset.o [4]
__iar_Strchr             0x800'1269         Code  Gb  strchr.o [4]
__iar_dadd               0x800'15e5         Code  Gb  DblSub.o [3]
__iar_data_init3         0x800'60c1   0x28  Code  Gb  data_init.o [4]
__iar_dsub               0x800'1d39         Code  Gb  DblAdd.o [3]
__iar_dsubStart          0x800'1d4b         Code  Gb  DblAdd.o [3]
__iar_fadd               0x800'500d         Code  Gb  FltSub.o [3]
__iar_frexp              0x800'136d         Code  Gb  frexp.o [3]
__iar_frexp64            0x800'1361         Code  Gb  frexp.o [3]
__iar_frexpl             0x800'136d         Code  Gb  frexp.o [3]
__iar_fsub               0x800'4e2d         Code  Gb  FltAdd.o [3]
__iar_fsubStart          0x800'4e3d         Code  Gb  FltAdd.o [3]
__iar_globLocale        0x2000'00b4   0x48  Data  Lc  xlocale_c.o [2]
__iar_global_Locale      0x800'11ed    0x4  Code  Gb  xlocale_c.o [2]
__iar_ldexp64            0x800'1439         Code  Gb  ldexp.o [3]
__iar_lz77_init_single3
                         0x800'5f95   0x78  Code  Gb  lz77_init_single.o [4]
__iar_program_start      0x800'614d         Code  Gb  cstartup_M.o [4]
__iar_scalbln64          0x800'1439         Code  Gb  ldexp.o [3]
__iar_scalbn64           0x800'1439         Code  Gb  ldexp.o [3]
__iar_small_Memcpy       0x800'134d         Code  Gb  ABImemcpy_small.o [4]
__iar_small_memcpy       0x800'1349         Code  Gb  ABImemcpy_small.o [4]
__iar_small_memcpy4      0x800'1349         Code  Gb  ABImemcpy_small.o [4]
__iar_small_memcpy8      0x800'1349         Code  Gb  ABImemcpy_small.o [4]
__iar_small_strlen       0x800'12dd         Code  Gb  strlen_small.o [4]
__iar_zero_init3         0x800'11b3   0x3a  Code  Gb  zero_init3.o [4]
__low_level_init         0x800'6127    0x4  Code  Gb  low_level_init.o [2]
__vector_table           0x800'0000         Data  Gb  startup_stm32f103xb.o [1]
_call_main               0x800'6115         Code  Gb  cmain.o [4]
_exit                    0x800'6131         Code  Gb  cexit.o [4]
_gLocale_mblen           0x800'1255    0x4  Code  Gb  xlocale_c.o [2]
_gLocale_mblenInt        0x800'1219   0x2c  Code  Gb  xlocale_c.o [2]
_gLocale_wctomb          0x800'1259    0x4  Code  Gb  xlocale_c.o [2]
_gLocale_wctombInt       0x800'1251    0x4  Code  Gb  xlocale_c.o [2]
_main                    0x800'6123         Code  Gb  cmain.o [4]
abort                    0x800'1d21    0x6  Code  Gb  abort.o [2]
aucCRCHi                 0x800'5b58  0x100  Data  Lc  sys.o [1]
aucCRCLo                 0x800'5c58  0x100  Data  Lc  sys.o [1]
delay_init               0x800'3845   0x10  Code  Gb  delay.o [1]
delay_ms                 0x800'3889   0x18  Code  Gb  delay.o [1]
delay_us                 0x800'3855   0x2c  Code  Gb  delay.o [1]
devAddr                 0x2000'00fc    0x1  Data  Gb  sysram.o [1]
dev_RS485               0x2000'002c    0x4  Data  Gb  sysram.o [1]
dev_di                  0x2000'0bec    0xc  Data  Gb  sysram.o [1]
dev_do                  0x2000'0c08    0x2  Data  Gb  sysram.o [1]
dev_led                 0x2000'0050   0x14  Data  Gb  sysram.o [1]
dev_ledComm             0x2000'0064   0x14  Data  Gb  sysram.o [1]
dev_lora                0x2000'0048    0x8  Data  Gb  sysram.o [1]
dev_mcp3208             0x2000'0030   0x18  Data  Gb  sysram.o [1]
exit                     0x800'612b    0x4  Code  Gb  exit.o [2]
fac_us                  0x2000'0c00    0x4  Data  Lc  delay.o [1]
frexp                    0x800'1361         Code  Gb  frexp.o [3]
frexpl                   0x800'1361         Code  Gb  frexp.o [3]
hdma_usart1_rx          0x2000'0500   0x44  Data  Gb  bsp_usart.o [1]
hdma_usart1_tx          0x2000'0544   0x44  Data  Gb  bsp_usart.o [1]
hdma_usart2_rx          0x2000'05cc   0x44  Data  Gb  bsp_usart.o [1]
hdma_usart2_tx          0x2000'0588   0x44  Data  Gb  bsp_usart.o [1]
hspi2                   0x2000'0a10   0x58  Data  Gb  bsp_spi.o [1]
htim3                   0x2000'0a68   0x40  Data  Gb  bsp_tim.o [1]
huart1                  0x2000'0aa8   0x40  Data  Gb  bsp_usart.o [1]
huart2                  0x2000'0ae8   0x40  Data  Gb  bsp_usart.o [1]
isSetupUart             0x2000'0c0a    0x1  Data  Gb  sysram.o [1]
kalmanFilter             0x800'3ded   0x58  Code  Gb  bsp_mcp3208.o [1]
ldexp                    0x800'1439         Code  Gb  ldexp.o [3]
ldexpl                   0x800'1439         Code  Gb  ldexp.o [3]
localeconv               0x800'125d    0x4  Code  Gb  xlocale_c.o [2]
main                     0x800'302f   0x26  Code  Gb  main.o [1]
memchr                   0x800'12f1         Code  Gb  memchr.o [4]
modbusReg               0x2000'0b90   0x28  Data  Gb  sysram.o [1]
netAddr                 0x2000'00fd    0x1  Data  Gb  sysram.o [1]
pFlash                  0x2000'0bb8   0x20  Data  Gb  stm32f1xx_hal_flash.o [1]
s_usart1                0x2000'000c   0x10  Data  Gb  sysram.o [1]
s_usart2                0x2000'001c   0x10  Data  Gb  sysram.o [1]
scalbln                  0x800'1439         Code  Gb  ldexp.o [3]
scalblnl                 0x800'1439         Code  Gb  ldexp.o [3]
scalbn                   0x800'1439         Code  Gb  ldexp.o [3]
scalbnl                  0x800'1439         Code  Gb  ldexp.o [3]
scale                    0x800'1109   0x46  Code  Lc  xprintffull.o [2]
sec_hand                0x2000'0c04    0x4  Data  Lc  xfail_s.o [2]
sprintf                  0x800'5299   0x40  Code  Gb  sprintf.o [2]
strcat                   0x800'52d9   0x1e  Code  Gb  strcat.o [2]
strchr                   0x800'1269         Code  Gb  strchr.o [4]
strstr                   0x800'52f7   0x2c  Code  Gb  strstr.o [2]
sysConfig               0x2000'0bd8   0x14  Data  Gb  sysram.o [1]
usMBCRC16                0x800'57a5   0x2c  Code  Gb  sys.o [1]
usart_enable             0x800'265b   0x2e  Code  Gb  bsp_usart.o [1]
uwTick                  0x2000'0004    0x4  Data  Gb  stm32f1xx_hal.o [1]
uwTickFreq              0x2000'0000    0x1  Data  Gb  stm32f1xx_hal.o [1]
uwTickPrio              0x2000'0008    0x4  Data  Gb  stm32f1xx_hal.o [1]


[1] = C:\Users\41610\Desktop\IndustrialwirelessEquipment\EWARM\IndustrialwirelessEquipment\Obj
[2] = dl7M_tlf.a
[3] = m7M_tl.a
[4] = rt7M_tl.a
[5] = shb_l.a

  23'437 bytes of readonly  code memory
   1'756 bytes of readonly  data memory
   4'105 bytes of readwrite data memory

Errors: none
Warnings: none
