###############################################################################
#
# IAR ELF Linker V8.40.2.214/W32 for ARM                  26/Jan/2021  14:54:53
# Copyright 2007-2019 IAR Systems AB.
#
#    Output file  =
#        C:\Users\41610\Desktop\IndustrialwirelessEquipment\EWARM\IndustrialwirelessEquipment\Exe\IndustrialwirelessEquipment.out
#    Map file     =
#        C:\Users\41610\Desktop\IndustrialwirelessEquipment\EWARM\IndustrialwirelessEquipment\List\IndustrialwirelessEquipment.map
#    Command line =
#        -f C:\Users\41610\AppData\Local\Temp\EW6D38.tmp
#        (C:\Users\41610\Desktop\IndustrialwirelessEquipment\EWARM\IndustrialwirelessEquipment\Obj\APP_Di.o
#        C:\Users\41610\Desktop\IndustrialwirelessEquipment\EWARM\IndustrialwirelessEquipment\Obj\APP_Do.o
#        C:\Users\41610\Desktop\IndustrialwirelessEquipment\EWARM\IndustrialwirelessEquipment\Obj\APP_Led.o
#        C:\Users\41610\Desktop\IndustrialwirelessEquipment\EWARM\IndustrialwirelessEquipment\Obj\APP_LORA.o
#        C:\Users\41610\Desktop\IndustrialwirelessEquipment\EWARM\IndustrialwirelessEquipment\Obj\APP_Modbus.o
#        C:\Users\41610\Desktop\IndustrialwirelessEquipment\EWARM\IndustrialwirelessEquipment\Obj\APP_Scheduler.o
#        C:\Users\41610\Desktop\IndustrialwirelessEquipment\EWARM\IndustrialwirelessEquipment\Obj\APP_Task.o
#        C:\Users\41610\Desktop\IndustrialwirelessEquipment\EWARM\IndustrialwirelessEquipment\Obj\APP_Timer.o
#        C:\Users\41610\Desktop\IndustrialwirelessEquipment\EWARM\IndustrialwirelessEquipment\Obj\bsp.o
#        C:\Users\41610\Desktop\IndustrialwirelessEquipment\EWARM\IndustrialwirelessEquipment\Obj\bsp_Di.o
#        C:\Users\41610\Desktop\IndustrialwirelessEquipment\EWARM\IndustrialwirelessEquipment\Obj\bsp_Do.o
#        C:\Users\41610\Desktop\IndustrialwirelessEquipment\EWARM\IndustrialwirelessEquipment\Obj\bsp_led.o
#        C:\Users\41610\Desktop\IndustrialwirelessEquipment\EWARM\IndustrialwirelessEquipment\Obj\bsp_mcp3208.o
#        C:\Users\41610\Desktop\IndustrialwirelessEquipment\EWARM\IndustrialwirelessEquipment\Obj\bsp_stmFlash.o
#        C:\Users\41610\Desktop\IndustrialwirelessEquipment\EWARM\IndustrialwirelessEquipment\Obj\bsp_switch.o
#        C:\Users\41610\Desktop\IndustrialwirelessEquipment\EWARM\IndustrialwirelessEquipment\Obj\bsp_wdg.o
#        C:\Users\41610\Desktop\IndustrialwirelessEquipment\EWARM\IndustrialwirelessEquipment\Obj\delay.o
#        C:\Users\41610\Desktop\IndustrialwirelessEquipment\EWARM\IndustrialwirelessEquipment\Obj\dma.o
#        C:\Users\41610\Desktop\IndustrialwirelessEquipment\EWARM\IndustrialwirelessEquipment\Obj\gpio.o
#        C:\Users\41610\Desktop\IndustrialwirelessEquipment\EWARM\IndustrialwirelessEquipment\Obj\main.o
#        C:\Users\41610\Desktop\IndustrialwirelessEquipment\EWARM\IndustrialwirelessEquipment\Obj\spi.o
#        C:\Users\41610\Desktop\IndustrialwirelessEquipment\EWARM\IndustrialwirelessEquipment\Obj\startup_stm32f103xb.o
#        C:\Users\41610\Desktop\IndustrialwirelessEquipment\EWARM\IndustrialwirelessEquipment\Obj\stm32f1xx_hal.o
#        C:\Users\41610\Desktop\IndustrialwirelessEquipment\EWARM\IndustrialwirelessEquipment\Obj\stm32f1xx_hal_cortex.o
#        C:\Users\41610\Desktop\IndustrialwirelessEquipment\EWARM\IndustrialwirelessEquipment\Obj\stm32f1xx_hal_dma.o
#        C:\Users\41610\Desktop\IndustrialwirelessEquipment\EWARM\IndustrialwirelessEquipment\Obj\stm32f1xx_hal_flash.o
#        C:\Users\41610\Desktop\IndustrialwirelessEquipment\EWARM\IndustrialwirelessEquipment\Obj\stm32f1xx_hal_flash_ex.o
#        C:\Users\41610\Desktop\IndustrialwirelessEquipment\EWARM\IndustrialwirelessEquipment\Obj\stm32f1xx_hal_gpio.o
#        C:\Users\41610\Desktop\IndustrialwirelessEquipment\EWARM\IndustrialwirelessEquipment\Obj\stm32f1xx_hal_gpio_ex.o
#        C:\Users\41610\Desktop\IndustrialwirelessEquipment\EWARM\IndustrialwirelessEquipment\Obj\stm32f1xx_hal_msp.o
#        C:\Users\41610\Desktop\IndustrialwirelessEquipment\EWARM\IndustrialwirelessEquipment\Obj\stm32f1xx_hal_pwr.o
#        C:\Users\41610\Desktop\IndustrialwirelessEquipment\EWARM\IndustrialwirelessEquipment\Obj\stm32f1xx_hal_rcc.o
#        C:\Users\41610\Desktop\IndustrialwirelessEquipment\EWARM\IndustrialwirelessEquipment\Obj\stm32f1xx_hal_rcc_ex.o
#        C:\Users\41610\Desktop\IndustrialwirelessEquipment\EWARM\IndustrialwirelessEquipment\Obj\stm32f1xx_hal_spi.o
#        C:\Users\41610\Desktop\IndustrialwirelessEquipment\EWARM\IndustrialwirelessEquipment\Obj\stm32f1xx_hal_spi_ex.o
#        C:\Users\41610\Desktop\IndustrialwirelessEquipment\EWARM\IndustrialwirelessEquipment\Obj\stm32f1xx_hal_tim.o
#        C:\Users\41610\Desktop\IndustrialwirelessEquipment\EWARM\IndustrialwirelessEquipment\Obj\stm32f1xx_hal_tim_ex.o
#        C:\Users\41610\Desktop\IndustrialwirelessEquipment\EWARM\IndustrialwirelessEquipment\Obj\stm32f1xx_hal_uart.o
#        C:\Users\41610\Desktop\IndustrialwirelessEquipment\EWARM\IndustrialwirelessEquipment\Obj\stm32f1xx_it.o
#        C:\Users\41610\Desktop\IndustrialwirelessEquipment\EWARM\IndustrialwirelessEquipment\Obj\sys.o
#        C:\Users\41610\Desktop\IndustrialwirelessEquipment\EWARM\IndustrialwirelessEquipment\Obj\sysram.o
#        C:\Users\41610\Desktop\IndustrialwirelessEquipment\EWARM\IndustrialwirelessEquipment\Obj\system_stm32f1xx.o
#        C:\Users\41610\Desktop\IndustrialwirelessEquipment\EWARM\IndustrialwirelessEquipment\Obj\tim.o
#        C:\Users\41610\Desktop\IndustrialwirelessEquipment\EWARM\IndustrialwirelessEquipment\Obj\usart.o
#        --redirect _Printf=_PrintfFull --redirect _Scanf=_ScanfFull
#        --no_out_extension -o
#        C:\Users\41610\Desktop\IndustrialwirelessEquipment\EWARM\IndustrialwirelessEquipment\Exe\IndustrialwirelessEquipment.out
#        --map
#        C:\Users\41610\Desktop\IndustrialwirelessEquipment\EWARM\IndustrialwirelessEquipment\List\IndustrialwirelessEquipment.map
#        --config
#        C:\Users\41610\Desktop\IndustrialwirelessEquipment\EWARM/stm32f103xb_flash.icf
#        --semihosting --entry __iar_program_start --vfe --text_out locale)
#
###############################################################################

*******************************************************************************
*** RUNTIME MODEL ATTRIBUTES
***

CppFlavor       = *
__SystemLibrary = DLib
__dlib_version  = 6


*******************************************************************************
*** HEAP SELECTION
***

The basic heap was selected because no calls to memory allocation
functions were found in the application outside of system library
functions, and there are calls to deallocation functions in the
application.


*******************************************************************************
*** PLACEMENT SUMMARY
***

"A0":  place at address 0x800'0000 { ro section .intvec };
"P1":  place in [from 0x800'0000 to 0x801'ffff] { ro };
define block CSTACK with size = 1K, alignment = 8 { };
define block HEAP with size = 512, alignment = 8 { };
"P2":  place in [from 0x2000'0000 to 0x2000'4fff] {
          rw, block CSTACK, block HEAP };
initialize by copy { rw };

  Section            Kind         Address    Size  Object
  -------            ----         -------    ----  ------
"A0":                                        0xec
  .intvec            ro code   0x800'0000    0xec  startup_stm32f103xb.o [1]
                             - 0x800'00ec    0xec

"P1":                                      0x5ef4
  .text              ro code   0x800'00ec  0x10c6  xprintffull.o [2]
  .text              ro code   0x800'11b2    0x3a  zero_init3.o [4]
  .text              ro code   0x800'11ec    0x7c  xlocale_c.o [2]
  .text              ro code   0x800'1268    0x16  strchr.o [4]
  .text              ro code   0x800'127e    0x1e  xencoding_8859_1.o [2]
  .text              ro code   0x800'129c    0x40  xfail_s.o [2]
  .text              ro code   0x800'12dc    0x14  strlen_small.o [4]
  .text              ro code   0x800'12f0    0x58  memchr.o [4]
  .text              ro code   0x800'1348    0x18  ABImemcpy_small.o [4]
  .text              ro code   0x800'1360    0x70  frexp.o [3]
  .text              ro code   0x800'13d0    0x2e  DblCmpLe.o [3]
  .text              ro code   0x800'13fe     0xa  xsprout.o [2]
  .text              ro code   0x800'1408    0x2e  DblCmpGe.o [3]
  .rodata            const     0x800'1436     0x2  xlocale_c.o [2]
  .text              ro code   0x800'1438   0x13a  ldexp.o [3]
  .rodata            const     0x800'1572     0x2  xlocale_c.o [2]
  .text              ro code   0x800'1574    0x3a  DblToS32.o [3]
  .rodata            const     0x800'15ae     0x1  xlocale_c.o [2]
  .text              ro code   0x800'15b0    0x22  S32ToDbl.o [3]
  .text              ro code   0x800'15d4    0xe2  DblSub.o [3]
  .text              ro code   0x800'16b8   0x246  DblDiv.o [3]
  .text              ro code   0x800'1900    0x28  DblToU32.o [3]
  .text              ro code   0x800'1928    0x1a  U32ToDbl.o [3]
  .text              ro code   0x800'1944   0x1a2  DblMul.o [3]
  .text              ro code   0x800'1ae6     0xa  xmbcurmax.o [2]
  .text              ro code   0x800'1af0   0x230  I64DivMod.o [4]
  .text              ro code   0x800'1d20     0x6  abort.o [2]
  .text              ro code   0x800'1d28   0x17a  DblAdd.o [3]
  .text              ro code   0x800'1ea4     0x2  I64DivZer.o [4]
  .text              ro code   0x800'1ea8    0x14  exit.o [5]
  .text              ro code   0x800'1ebc   0x59c  stm32f1xx_hal_uart.o [1]
  .text              ro code   0x800'2458   0x3d8  usart.o [1]
  .text              ro code   0x800'2830   0x32a  stm32f1xx_hal_dma.o [1]
  .text              ro code   0x800'2b5a     0x2  stm32f1xx_hal_uart.o [1]
  .text              ro code   0x800'2b5c     0x2  stm32f1xx_hal_uart.o [1]
  .text              ro code   0x800'2b5e     0x2  stm32f1xx_hal_uart.o [1]
  .text              ro code   0x800'2b60     0x2  stm32f1xx_hal_uart.o [1]
  .text              ro code   0x800'2b62     0x2  stm32f1xx_hal_uart.o [1]
  .text              ro code   0x800'2b64   0x4ca  stm32f1xx_hal_rcc.o [1]
  .text              ro code   0x800'302e    0x98  main.o [1]
  .text              ro code   0x800'30c8   0x1e8  stm32f1xx_hal_gpio.o [1]
  .text              ro code   0x800'32b0    0xdc  stm32f1xx_hal_cortex.o [1]
  .text              ro code   0x800'338c     0xc  stm32f1xx_hal.o [1]
  .text              ro code   0x800'3398    0x40  stm32f1xx_hal.o [1]
  .text              ro code   0x800'33d8    0x24  stm32f1xx_hal.o [1]
  .text              ro code   0x800'33fc    0xe6  gpio.o [1]
  .text              ro code   0x800'34e4    0x60  dma.o [1]
  .text              ro code   0x800'3544    0xe6  spi.o [1]
  .text              ro code   0x800'362c    0xec  tim.o [1]
  .text              ro code   0x800'3718    0xf8  bsp.o [1]
  .text              ro code   0x800'3810    0x5c  APP_Timer.o [1]
  .text              ro code   0x800'386c    0x44  APP_Scheduler.o [1]
  .text              ro code   0x800'38b0     0x6  ABImemclr4.o [4]
  .text              ro code   0x800'38b8    0x8c  APP_Di.o [1]
  .text              ro code   0x800'3944    0x48  stm32f1xx_hal_msp.o [1]
  .text              ro code   0x800'398c    0x80  stm32f1xx_hal_spi_ex.o [1]
  .text              ro code   0x800'3a0c   0x36e  stm32f1xx_hal_spi.o [1]
  .text              ro code   0x800'3d7c   0x350  stm32f1xx_hal_tim.o [1]
  .text              ro code   0x800'40cc    0x4a  stm32f1xx_hal_tim_ex.o [1]
  .text              ro code   0x800'4118   0x116  bsp_stmFlash.o [1]
  .text              ro code   0x800'4230    0x5c  delay.o [1]
  .text              ro code   0x800'428c   0x250  bsp_mcp3208.o [1]
  .text              ro code   0x800'44dc    0xba  bsp_switch.o [1]
  .text              ro code   0x800'4598    0x2c  APP_Do.o [1]
  .text              ro code   0x800'45c4    0x32  ABImemset48.o [4]
  .text              ro code   0x800'45f6     0x2  stm32f1xx_hal_spi.o [1]
  .text              ro code   0x800'45f8     0x2  stm32f1xx_hal_tim.o [1]
  .text              ro code   0x800'45fa     0x2  stm32f1xx_hal_tim.o [1]
  .text              ro code   0x800'45fc     0x2  stm32f1xx_hal_tim.o [1]
  .text              ro code   0x800'45fe     0x2  stm32f1xx_hal_tim_ex.o [1]
  .text              ro code   0x800'4600     0x2  stm32f1xx_hal_tim.o [1]
  .text              ro code   0x800'4602     0x2  stm32f1xx_hal_tim_ex.o [1]
  .text              ro code   0x800'4604     0x2  stm32f1xx_hal_tim.o [1]
  .text              ro code   0x800'4608   0x168  stm32f1xx_hal_flash.o [1]
  .text              ro code   0x800'4770    0x24  stm32f1xx_hal_flash_ex.o [1]
  .text              ro code   0x800'4794    0xe2  FltAdd.o [3]
  .text              ro code   0x800'4878    0xfc  FltDiv.o [3]
  .text              ro code   0x800'4974    0x80  FltSub.o [3]
  .text              ro code   0x800'49f4    0xd8  FltMul.o [3]
  .text              ro code   0x800'4acc    0x1c  U32ToFlt.o [3]
  .text              ro code   0x800'4ae8    0x2a  FltToS32.o [3]
  .text              ro code   0x800'4b14    0x48  FltToDbl.o [3]
  .text              ro code   0x800'4b5c    0x68  DblToFlt.o [3]
  .text              ro code   0x800'4bc4    0x24  FltCmpLe.o [3]
  .text              ro code   0x800'4be8    0x24  FltCmpGe.o [3]
  .text              ro code   0x800'4c0c    0x1e  U64Shr.o [4]
  .text              ro code   0x800'4c2c   0x490  APP_LORA.o [1]
  .text              ro code   0x800'50bc    0x40  sprintf.o [2]
  .text              ro code   0x800'50fc    0x1e  strcat.o [2]
  .text              ro code   0x800'511a    0x2c  strstr.o [2]
  .text              ro code   0x800'5148     0x6  ABImemclr.o [4]
  .text              ro code   0x800'5150   0x328  APP_Modbus.o [1]
  .text              ro code   0x800'5478    0x5e  ABImemset.o [4]
  .text              ro code   0x800'54d8    0x30  sys.o [1]
  .rodata            const     0x800'5508   0x384  APP_LORA.o [1]
  .rodata            const     0x800'588c   0x200  sys.o [1]
  .text              ro code   0x800'5a8c   0x136  stm32f1xx_it.o [1]
  .text              ro code   0x800'5bc4    0x10  stm32f1xx_hal.o [1]
  .text              ro code   0x800'5bd4    0xa4  APP_Task.o [1]
  .text              ro code   0x800'5c78    0x3c  bsp_led.o [1]
  .text              ro code   0x800'5cb4    0x24  bsp_wdg.o [1]
  .rodata            const     0x800'5cd8    0x80  APP_Scheduler.o [1]
  .text              ro code   0x800'5d58    0x78  lz77_init_single.o [4]
  .text              ro code   0x800'5dd0    0x5c  system_stm32f1xx.o [1]
  .rodata            const     0x800'5e2c    0x28  APP_LORA.o [1]
  .text              ro code   0x800'5e54    0x28  data_init.o [4]
  .iar.init_table    const     0x800'5e7c    0x20  - Linker created -
  .text              ro code   0x800'5e9c    0x1e  cmain.o [4]
  .text              ro code   0x800'5eba     0x4  low_level_init.o [2]
  .text              ro code   0x800'5ebe     0x4  exit.o [2]
  .text              ro code   0x800'5ec4     0xa  cexit.o [4]
  .text              ro code   0x800'5ed0    0x10  startup_stm32f103xb.o [1]
  .text              ro code   0x800'5ee0     0xc  cstartup_M.o [4]
  .rodata            const     0x800'5eec     0x8  system_stm32f1xx.o [1]
  .text              ro code   0x800'5ef4     0x4  startup_stm32f103xb.o [1]
  .text              ro code   0x800'5ef8     0x4  startup_stm32f103xb.o [1]
  .text              ro code   0x800'5efc     0x4  startup_stm32f103xb.o [1]
  .text              ro code   0x800'5f00     0x4  startup_stm32f103xb.o [1]
  .text              ro code   0x800'5f04     0x4  startup_stm32f103xb.o [1]
  .text              ro code   0x800'5f08     0x4  startup_stm32f103xb.o [1]
  .text              ro code   0x800'5f0c     0x4  startup_stm32f103xb.o [1]
  .text              ro code   0x800'5f10     0x4  startup_stm32f103xb.o [1]
  .text              ro code   0x800'5f14     0x4  startup_stm32f103xb.o [1]
  .text              ro code   0x800'5f18     0x4  startup_stm32f103xb.o [1]
  .text              ro code   0x800'5f1c     0x4  startup_stm32f103xb.o [1]
  .text              ro code   0x800'5f20     0x4  startup_stm32f103xb.o [1]
  .text              ro code   0x800'5f24     0x4  startup_stm32f103xb.o [1]
  .text              ro code   0x800'5f28     0x4  startup_stm32f103xb.o [1]
  .text              ro code   0x800'5f2c     0x4  startup_stm32f103xb.o [1]
  .text              ro code   0x800'5f30     0x4  startup_stm32f103xb.o [1]
  .text              ro code   0x800'5f34     0x4  startup_stm32f103xb.o [1]
  .text              ro code   0x800'5f38     0x4  startup_stm32f103xb.o [1]
  .text              ro code   0x800'5f3c     0x4  startup_stm32f103xb.o [1]
  .text              ro code   0x800'5f40     0x4  startup_stm32f103xb.o [1]
  .text              ro code   0x800'5f44     0x4  startup_stm32f103xb.o [1]
  .text              ro code   0x800'5f48     0x4  startup_stm32f103xb.o [1]
  .text              ro code   0x800'5f4c     0x4  startup_stm32f103xb.o [1]
  .text              ro code   0x800'5f50     0x4  startup_stm32f103xb.o [1]
  .text              ro code   0x800'5f54     0x4  startup_stm32f103xb.o [1]
  .text              ro code   0x800'5f58     0x4  startup_stm32f103xb.o [1]
  .text              ro code   0x800'5f5c     0x4  startup_stm32f103xb.o [1]
  .text              ro code   0x800'5f60     0x4  startup_stm32f103xb.o [1]
  .text              ro code   0x800'5f64     0x4  startup_stm32f103xb.o [1]
  .text              ro code   0x800'5f68     0x4  startup_stm32f103xb.o [1]
  .text              ro code   0x800'5f6c     0x4  startup_stm32f103xb.o [1]
  .text              ro code   0x800'5f70     0x4  startup_stm32f103xb.o [1]
  .text              ro code   0x800'5f74     0x4  startup_stm32f103xb.o [1]
  .rodata            const     0x800'5f78     0x0  zero_init3.o [4]
  .rodata            const     0x800'5f78     0x0  lz77_init_single.o [4]
  Initializer bytes  const     0x800'5f78    0x68  <for P2-1>
                             - 0x800'5fe0  0x5ef4

"P2", part 1 of 3:                           0xe2
  P2-1                        0x2000'0000    0xe2  <Init block>
    .data            inited   0x2000'0000     0xc  stm32f1xx_hal.o [1]
    .data            inited   0x2000'000c    0x10  sysram.o [1]
    .data            inited   0x2000'001c    0x10  sysram.o [1]
    .data            inited   0x2000'002c     0x4  sysram.o [1]
    .data            inited   0x2000'0030    0x18  sysram.o [1]
    .data            inited   0x2000'0048     0x8  sysram.o [1]
    .data            inited   0x2000'0050     0xc  sysram.o [1]
    .data            inited   0x2000'005c     0x4  system_stm32f1xx.o [1]
    .data            inited   0x2000'0060    0x38  xlocale_c.o [2]
    .data            inited   0x2000'0098    0x48  xlocale_c.o [2]
    .data            inited   0x2000'00e0     0x1  sysram.o [1]
    .data            inited   0x2000'00e1     0x1  sysram.o [1]
                            - 0x2000'00e2    0xe2

"P2", part 2 of 3:                          0xb48
  .bss               zero     0x2000'00e4   0x400  bsp_stmFlash.o [1]
  .bss               zero     0x2000'04e4   0x110  usart.o [1]
  .bss               zero     0x2000'05f4   0x100  sysram.o [1]
  .bss               zero     0x2000'06f4   0x100  sysram.o [1]
  .bss               zero     0x2000'07f4   0x100  sysram.o [1]
  .bss               zero     0x2000'08f4   0x100  sysram.o [1]
  .bss               zero     0x2000'09f4    0x58  spi.o [1]
  .bss               zero     0x2000'0a4c    0x40  tim.o [1]
  .bss               zero     0x2000'0a8c    0x40  tim.o [1]
  .bss               zero     0x2000'0acc    0x40  usart.o [1]
  .bss               zero     0x2000'0b0c    0x40  usart.o [1]
  .bss               zero     0x2000'0b4c    0x30  APP_Timer.o [1]
  .bss               zero     0x2000'0b7c    0x30  sysram.o [1]
  .bss               zero     0x2000'0bac    0x28  sysram.o [1]
  .bss               zero     0x2000'0bd8    0x20  stm32f1xx_hal_flash.o [1]
  .bss               zero     0x2000'0bf8    0x14  sysram.o [1]
  .bss               zero     0x2000'0c0c     0xc  sysram.o [1]
  .bss               zero     0x2000'0c18     0x8  APP_Scheduler.o [1]
  .bss               zero     0x2000'0c20     0x4  delay.o [1]
  .bss               zero     0x2000'0c24     0x4  xfail_s.o [2]
  .bss               zero     0x2000'0c28     0x2  sysram.o [1]
  .bss               zero     0x2000'0c2a     0x1  sysram.o [1]
                            - 0x2000'0c2b   0xb47

"P2", part 3 of 3:                          0x400
  CSTACK                      0x2000'0c30   0x400  <Block>
    CSTACK           uninit   0x2000'0c30   0x400  <Block tail>
                            - 0x2000'1030   0x400

Unused ranges:

         From           To      Size
         ----           --      ----
   0x800'5fe0   0x801'ffff  0x1'a020
  0x2000'00e2  0x2000'00e3       0x2
  0x2000'0c2c  0x2000'0c2f       0x4
  0x2000'1030  0x2000'4fff    0x3fd0


*******************************************************************************
*** INIT TABLE
***

          Address      Size
          -------      ----
Zero (__iar_zero_init3)
    1 destination range, total size 0xb47:
          0x2000'00e4  0xb47

Copy/lz77 (__iar_lz77_init_single3)
    1 source range, total size 0x68 (46% of destination):
           0x800'5f78   0x68
    1 destination range, total size 0xe2:
          0x2000'0000   0xe2



*******************************************************************************
*** MODULE SUMMARY
***

    Module                    ro code  ro data  rw data
    ------                    -------  -------  -------
command line/config:
    ---------------------------------------------------
    Total:

C:\Users\41610\Desktop\IndustrialwirelessEquipment\EWARM\IndustrialwirelessEquipment\Obj: [1]
    APP_Di.o                      140
    APP_Do.o                       44
    APP_LORA.o                  1'168      940
    APP_Modbus.o                  808
    APP_Scheduler.o                68      128        8
    APP_Task.o                    164
    APP_Timer.o                    92                48
    bsp.o                         248
    bsp_led.o                      60
    bsp_mcp3208.o                 592
    bsp_stmFlash.o                278             1'024
    bsp_switch.o                  186
    bsp_wdg.o                      36
    delay.o                        92                 4
    dma.o                          96
    gpio.o                        230
    main.o                        152
    spi.o                         230                88
    startup_stm32f103xb.o         384
    stm32f1xx_hal.o               128        5       12
    stm32f1xx_hal_cortex.o        220
    stm32f1xx_hal_dma.o           810
    stm32f1xx_hal_flash.o         360                32
    stm32f1xx_hal_flash_ex.o       36
    stm32f1xx_hal_gpio.o          488
    stm32f1xx_hal_msp.o            72
    stm32f1xx_hal_rcc.o         1'226
    stm32f1xx_hal_spi.o           880
    stm32f1xx_hal_spi_ex.o        128
    stm32f1xx_hal_tim.o           858
    stm32f1xx_hal_tim_ex.o         78
    stm32f1xx_hal_uart.o        1'446
    stm32f1xx_it.o                310
    sys.o                          48      512
    sysram.o                                38    1'229
    system_stm32f1xx.o             92       10        4
    tim.o                         236               128
    usart.o                       984               400
    ---------------------------------------------------
    Total:                     13'468    1'633    2'977

dl7M_tlf.a: [2]
    abort.o                         6
    exit.o                          4
    low_level_init.o                4
    sprintf.o                      64
    strcat.o                       30
    strstr.o                       44
    xencoding_8859_1.o             30
    xfail_s.o                      64                 4
    xlocale_c.o                   124       64      128
    xmbcurmax.o                    10
    xprintffull.o               4'294
    xsprout.o                      10
    ---------------------------------------------------
    Total:                      4'684       64      132

m7M_tl.a: [3]
    DblAdd.o                      378
    DblCmpGe.o                     46
    DblCmpLe.o                     46
    DblDiv.o                      582
    DblMul.o                      418
    DblSub.o                      226
    DblToFlt.o                    104
    DblToS32.o                     58
    DblToU32.o                     40
    FltAdd.o                      226
    FltCmpGe.o                     36
    FltCmpLe.o                     36
    FltDiv.o                      252
    FltMul.o                      216
    FltSub.o                      128
    FltToDbl.o                     72
    FltToS32.o                     42
    S32ToDbl.o                     34
    U32ToDbl.o                     26
    U32ToFlt.o                     28
    frexp.o                       112
    ldexp.o                       314
    ---------------------------------------------------
    Total:                      3'420

rt7M_tl.a: [4]
    ABImemclr.o                     6
    ABImemclr4.o                    6
    ABImemcpy_small.o              24
    ABImemset.o                    94
    ABImemset48.o                  50
    I64DivMod.o                   560
    I64DivZer.o                     2
    U64Shr.o                       30
    cexit.o                        10
    cmain.o                        30
    cstartup_M.o                   12
    data_init.o                    40
    lz77_init_single.o            120
    memchr.o                       88
    strchr.o                       22
    strlen_small.o                 20
    zero_init3.o                   58
    ---------------------------------------------------
    Total:                      1'172

shb_l.a: [5]
    exit.o                         20
    ---------------------------------------------------
    Total:                         20

    Gaps                           51                 4
    Linker created                          32    1'024
-------------------------------------------------------
    Grand Total:               22'815    1'729    4'137


*******************************************************************************
*** ENTRY LIST
***

Entry                       Address   Size  Type      Object
-----                       -------   ----  ----      ------
.iar.init_table$$Base    0x800'5e7c          --   Gb  - Linker created -
.iar.init_table$$Limit   0x800'5e9c          --   Gb  - Linker created -
?main                    0x800'5e9d         Code  Gb  cmain.o [4]
AHBPrescTable            0x800'5e1c   0x10  Data  Gb  system_stm32f1xx.o [1]
APBPrescTable            0x800'5eec    0x8  Data  Gb  system_stm32f1xx.o [1]
APP_Collect_Task_Lanuch
                         0x800'5c51    0xe  Code  Gb  APP_Task.o [1]
APP_Communication_Lanuch
                         0x800'5c6b    0xe  Code  Gb  APP_Task.o [1]
APP_Display_Task_Lanuch
                         0x800'5c4d    0x4  Code  Gb  APP_Task.o [1]
APP_Set_Task_Lanuch      0x800'5c5f    0xc  Code  Gb  APP_Task.o [1]
APP_TIM_Launch           0x800'3811   0x28  Code  Gb  APP_Timer.o [1]
APP_TIM_ReadDecounterValue
                         0x800'3839    0x2  Code  Gb  APP_Timer.o [1]
APP_TIM_StartDecounter   0x800'3847   0x10  Code  Gb  APP_Timer.o [1]
APP_TIM_StopDecounter    0x800'3857   0x12  Code  Gb  APP_Timer.o [1]
Bsp_Init                 0x800'375d   0x80  Code  Gb  bsp.o [1]
BusFault_Handler         0x800'5a93    0x2  Code  Gb  stm32f1xx_it.o [1]
CSTACK$$Base            0x2000'0c30          --   Gb  - Linker created -
CSTACK$$Limit           0x2000'1030          --   Gb  - Linker created -
CacheMore                0x800'11f1   0x28  Code  Lc  xlocale_c.o [2]
ConfigPara_SaveData_Write
                         0x800'3719    0xa  Code  Gb  bsp.o [1]
DI_Lanuch                0x800'3921   0x1c  Code  Gb  APP_Di.o [1]
DI_Pulse_Count           0x800'38eb    0xc  Code  Gb  APP_Di.o [1]
DI_Sta_Get               0x800'38b9   0x2c  Code  Gb  APP_Di.o [1]
DMA1_Channel4_IRQHandler
                         0x800'5aa1    0x6  Code  Gb  stm32f1xx_it.o [1]
DMA1_Channel5_IRQHandler
                         0x800'5aa7    0x6  Code  Gb  stm32f1xx_it.o [1]
DMA1_Channel6_IRQHandler
                         0x800'5aad    0x6  Code  Gb  stm32f1xx_it.o [1]
DMA1_Channel7_IRQHandler
                         0x800'5ab3    0x6  Code  Gb  stm32f1xx_it.o [1]
DMA_SetConfig            0x800'2b39   0x22  Code  Lc  stm32f1xx_hal_dma.o [1]
DO_Ctrl                  0x800'45ad   0x14  Code  Gb  APP_Do.o [1]
DO_Reboot_Sta_Set        0x800'4599   0x14  Code  Gb  APP_Do.o [1]
DebugMon_Handler         0x800'5a99    0x2  Code  Gb  stm32f1xx_it.o [1]
EXTI9_5_IRQHandler       0x800'5ab9   0x22  Code  Gb  stm32f1xx_it.o [1]
Error_Handler            0x800'30c5    0x2  Code  Gb  main.o [1]
FLASH_PageErase          0x800'4771   0x1c  Code  Gb  stm32f1xx_hal_flash_ex.o [1]
FLASH_Program_HalfWord   0x800'46af   0x16  Code  Lc  stm32f1xx_hal_flash.o [1]
FLASH_SetErrorCode       0x800'4715   0x44  Code  Lc  stm32f1xx_hal_flash.o [1]
FLASH_WaitForLastOperation
                         0x800'46c5   0x50  Code  Gb  stm32f1xx_hal_flash.o [1]
HAL_DMA_Abort            0x800'28ff   0x2a  Code  Gb  stm32f1xx_hal_dma.o [1]
HAL_DMA_Abort_IT         0x800'2931   0x94  Code  Gb  stm32f1xx_hal_dma.o [1]
HAL_DMA_IRQHandler       0x800'29d1  0x144  Code  Gb  stm32f1xx_hal_dma.o [1]
HAL_DMA_Init             0x800'2831   0x5a  Code  Gb  stm32f1xx_hal_dma.o [1]
HAL_DMA_Start_IT         0x800'288b   0x74  Code  Gb  stm32f1xx_hal_dma.o [1]
HAL_FLASH_Lock           0x800'469f    0xa  Code  Gb  stm32f1xx_hal_flash.o [1]
HAL_FLASH_Program        0x800'4609   0x76  Code  Gb  stm32f1xx_hal_flash.o [1]
HAL_FLASH_Unlock         0x800'467f   0x20  Code  Gb  stm32f1xx_hal_flash.o [1]
HAL_GPIO_EXTI_Callback   0x800'38f7   0x2a  Code  Gb  APP_Di.o [1]
HAL_GPIO_EXTI_IRQHandler
                         0x800'3267   0x10  Code  Gb  stm32f1xx_hal_gpio.o [1]
HAL_GPIO_Init            0x800'30c9  0x182  Code  Gb  stm32f1xx_hal_gpio.o [1]
HAL_GPIO_ReadPin         0x800'324b    0xc  Code  Gb  stm32f1xx_hal_gpio.o [1]
HAL_GPIO_TogglePin       0x800'325f    0x8  Code  Gb  stm32f1xx_hal_gpio.o [1]
HAL_GPIO_WritePin        0x800'3257    0x8  Code  Gb  stm32f1xx_hal_gpio.o [1]
HAL_GetTick              0x800'338d    0xc  Code  Wk  stm32f1xx_hal.o [1]
HAL_IncTick              0x800'5bc5   0x10  Code  Wk  stm32f1xx_hal.o [1]
HAL_Init                 0x800'33d9   0x20  Code  Gb  stm32f1xx_hal.o [1]
HAL_InitTick             0x800'3399   0x40  Code  Wk  stm32f1xx_hal.o [1]
HAL_MspInit              0x800'3945   0x48  Code  Gb  stm32f1xx_hal_msp.o [1]
HAL_NVIC_EnableIRQ       0x800'331f    0xa  Code  Gb  stm32f1xx_hal_cortex.o [1]
HAL_NVIC_SetPriority     0x800'32e5   0x3a  Code  Gb  stm32f1xx_hal_cortex.o [1]
HAL_NVIC_SetPriorityGrouping
                         0x800'32cb   0x1a  Code  Gb  stm32f1xx_hal_cortex.o [1]
HAL_RCC_ClockConfig      0x800'2e57  0x124  Code  Gb  stm32f1xx_hal_rcc.o [1]
HAL_RCC_GetPCLK1Freq     0x800'2fcb   0x10  Code  Gb  stm32f1xx_hal_rcc.o [1]
HAL_RCC_GetPCLK2Freq     0x800'2fdb    0xe  Code  Gb  stm32f1xx_hal_rcc.o [1]
HAL_RCC_GetSysClockFreq
                         0x800'2f91   0x3a  Code  Gb  stm32f1xx_hal_rcc.o [1]
HAL_RCC_GetSysClockFreq::aPLLMULFactorTable
                         0x800'301c   0x10  Data  Lc  stm32f1xx_hal_rcc.o [1]
HAL_RCC_GetSysClockFreq::aPredivFactorTable
                         0x800'302c    0x2  Data  Lc  stm32f1xx_hal_rcc.o [1]
HAL_RCC_OscConfig        0x800'2b65  0x2ea  Code  Gb  stm32f1xx_hal_rcc.o [1]
HAL_SPI_IRQHandler       0x800'3be1   0xd6  Code  Gb  stm32f1xx_hal_spi.o [1]
HAL_SPI_Init             0x800'398d   0x80  Code  Gb  stm32f1xx_hal_spi_ex.o [1]
HAL_SPI_MspInit          0x800'3581   0x7e  Code  Gb  spi.o [1]
HAL_SPI_TransmitReceive
                         0x800'3a0d  0x1b8  Code  Gb  stm32f1xx_hal_spi.o [1]
HAL_SYSTICK_CLKSourceConfig
                         0x800'335b   0x1a  Code  Gb  stm32f1xx_hal_cortex.o [1]
HAL_SYSTICK_Config       0x800'3333   0x28  Code  Gb  stm32f1xx_hal_cortex.o [1]
HAL_TIMEx_BreakCallback
                         0x800'45ff    0x2  Code  Wk  stm32f1xx_hal_tim_ex.o [1]
HAL_TIMEx_CommutationCallback
                         0x800'4603    0x2  Code  Wk  stm32f1xx_hal_tim_ex.o [1]
HAL_TIMEx_MasterConfigSynchronization
                         0x800'40cd   0x4a  Code  Gb  stm32f1xx_hal_tim_ex.o [1]
HAL_TIM_Base_Init        0x800'3d7d   0x1a  Code  Gb  stm32f1xx_hal_tim.o [1]
HAL_TIM_Base_MspInit     0x800'36ab   0x5a  Code  Gb  tim.o [1]
HAL_TIM_Base_Start_IT    0x800'3d97   0x16  Code  Gb  stm32f1xx_hal_tim.o [1]
HAL_TIM_ConfigClockSource
                         0x800'3f19   0xac  Code  Gb  stm32f1xx_hal_tim.o [1]
HAL_TIM_IRQHandler       0x800'3dd1  0x142  Code  Gb  stm32f1xx_hal_tim.o [1]
HAL_UART_AbortReceive    0x800'203d   0x20  Code  Gb  stm32f1xx_hal_uart.o [1]
HAL_UART_IRQHandler      0x800'2091  0x14e  Code  Gb  stm32f1xx_hal_uart.o [1]
HAL_UART_Init            0x800'1ebd   0x1e  Code  Gb  stm32f1xx_hal_uart.o [1]
HAL_UART_MspInit         0x800'249d  0x1a0  Code  Gb  usart.o [1]
HAL_UART_Receive_DMA     0x800'1fab   0x92  Code  Gb  stm32f1xx_hal_uart.o [1]
HAL_UART_Transmit_DMA    0x800'1f33   0x78  Code  Gb  stm32f1xx_hal_uart.o [1]
HardFault_Handler        0x800'5a8f    0x2  Code  Gb  stm32f1xx_it.o [1]
KFP_Current             0x2000'0b7c   0x30  Data  Gb  sysram.o [1]
KFP_Init                 0x800'428d   0x26  Code  Gb  bsp_mcp3208.o [1]
LED_Entry                0x800'5c79   0x30  Code  Gb  bsp_led.o [1]
LED_Lanuch               0x800'5ca9    0x4  Code  Gb  bsp_led.o [1]
LORA_AtCmd_Pack          0x800'4c6d  0x17c  Code  Gb  APP_LORA.o [1]
LORA_Entry               0x800'4f29   0x1a  Code  Gb  APP_LORA.o [1]
LORA_Lanuch              0x800'4f43    0x4  Code  Gb  APP_LORA.o [1]
LORA_SoftInit_AtRxHandle
                         0x800'4de9   0x12  Code  Gb  APP_LORA.o [1]
LORA_SoftInit_Handle     0x800'4dfd   0xea  Code  Gb  APP_LORA.o [1]
LORA_StartUp_Handle      0x800'4c2d   0x38  Code  Gb  APP_LORA.o [1]
LORA_Wrok_Handle         0x800'4ee7   0x3a  Code  Gb  APP_LORA.o [1]
LoRa_Freqs               0x800'5508  0x384  Data  Gb  APP_LORA.o [1]
MCP3208_Bsp_Init         0x800'42b3   0x28  Code  Gb  bsp_mcp3208.o [1]
MCP3208_Enrty            0x800'4387  0x100  Code  Gb  bsp_mcp3208.o [1]
MCP3208_Lanuch           0x800'4491    0x4  Code  Gb  bsp_mcp3208.o [1]
MCP3208_Read             0x800'42db   0x54  Code  Gb  bsp_mcp3208.o [1]
MODBUS_Data_Assignment   0x800'5151   0xb8  Code  Gb  APP_Modbus.o [1]
MODBUS_RTU_CMD03_Handle
                         0x800'523d   0x5c  Code  Gb  APP_Modbus.o [1]
MODBUS_RTU_CMD06_Callback
                         0x800'5299   0x4c  Code  Gb  APP_Modbus.o [1]
MODBUS_RTU_CMD16_Callback
                         0x800'52e5   0x78  Code  Gb  APP_Modbus.o [1]
MODBUS_RTU_CMD16_Handle
                         0x800'535d   0x5a  Code  Gb  APP_Modbus.o [1]
MODBUS_RTU_Handle        0x800'53b7   0x9e  Code  Gb  APP_Modbus.o [1]
MX_DMA_Init              0x800'34e5   0x60  Code  Gb  dma.o [1]
MX_GPIO_Init             0x800'33fd   0xbe  Code  Gb  gpio.o [1]
MX_SPI2_Init             0x800'3545   0x3c  Code  Gb  spi.o [1]
MX_TIM3_Init             0x800'362d   0x16  Code  Gb  tim.o [1]
MX_TIM4_Init             0x800'3643   0x12  Code  Gb  tim.o [1]
MX_USART1_UART_Init      0x800'2459   0x10  Code  Gb  usart.o [1]
MX_USART2_UART_Init      0x800'2469   0x10  Code  Gb  usart.o [1]
MemManage_Handler        0x800'5a91    0x2  Code  Gb  stm32f1xx_it.o [1]
NMI_Handler              0x800'5a8d    0x2  Code  Gb  stm32f1xx_it.o [1]
NVIC_SetPriority         0x800'32b1   0x1a  Code  Lc  stm32f1xx_hal_cortex.o [1]
PARA_Init                0x800'3723   0x3a  Code  Gb  bsp.o [1]
PendSV_Handler           0x800'5a9b    0x2  Code  Gb  stm32f1xx_it.o [1]
RS485_Lanuch             0x800'5bd5   0x3e  Code  Gb  APP_Task.o [1]
RS485_SetUartPara_Lanuch
                         0x800'5c13   0x2e  Code  Gb  APP_Task.o [1]
Region$$Table$$Base      0x800'5e7c          --   Gb  - Linker created -
Region$$Table$$Limit     0x800'5e9c          --   Gb  - Linker created -
SCHED_Setup_entry        0x800'386d   0x36  Code  Gb  APP_Scheduler.o [1]
SPI2_IRQHandler          0x800'5af1    0x6  Code  Gb  stm32f1xx_it.o [1]
SPI_CheckFlag_BSY        0x800'3d5d   0x1e  Code  Lc  stm32f1xx_hal_spi.o [1]
SPI_DMAAbortOnError      0x800'3cc5    0xc  Code  Lc  stm32f1xx_hal_spi.o [1]
SPI_ReadWriteByte        0x800'3611   0x1a  Code  Gb  spi.o [1]
SPI_WaitFlagStateUntilTimeout
                         0x800'3cd1   0x8c  Code  Lc  stm32f1xx_hal_spi.o [1]
STMFLASH_BUF            0x2000'00e4  0x400  Data  Gb  bsp_stmFlash.o [1]
STMFLASH_Read            0x800'4215   0x1a  Code  Gb  bsp_stmFlash.o [1]
STMFLASH_Write           0x800'413f   0xce  Code  Gb  bsp_stmFlash.o [1]
STMFLASH_Write_NoCheck   0x800'4119   0x26  Code  Gb  bsp_stmFlash.o [1]
SVC_Handler              0x800'5a97    0x2  Code  Gb  stm32f1xx_it.o [1]
Setup_CountActivateJob  0x2000'0c18    0x1  Data  Gb  APP_Scheduler.o [1]
Setup_CountActivateTaskStep
                        0x2000'0c19    0x1  Data  Gb  APP_Scheduler.o [1]
Setup_ListOfActivateJob
                        0x2000'0c1c    0x4  Data  Gb  APP_Scheduler.o [1]
Setup_Sched_table        0x800'38ac    0x4  Data  Gb  APP_Scheduler.o [1]
Setup_Tasks_Table        0x800'5cd8   0x80  Data  Gb  APP_Scheduler.o [1]
Switch_DevAddr_Read      0x800'44dd   0x74  Code  Gb  bsp_switch.o [1]
Switch_NetAddr_Read      0x800'4557   0x32  Code  Gb  bsp_switch.o [1]
SysTick_Handler          0x800'5a9d    0x4  Code  Gb  stm32f1xx_it.o [1]
SystemClock_Config       0x800'3071   0x54  Code  Gb  main.o [1]
SystemCoreClock         0x2000'005c    0x4  Data  Gb  system_stm32f1xx.o [1]
SystemInit               0x800'5dd1   0x3c  Code  Gb  system_stm32f1xx.o [1]
TIM3_IRQHandler          0x800'5adb   0x10  Code  Gb  stm32f1xx_it.o [1]
TIM4_IRQHandler          0x800'5aeb    0x6  Code  Gb  stm32f1xx_it.o [1]
TIM_Base_SetConfig       0x800'3fef   0x5e  Code  Gb  stm32f1xx_hal_tim.o [1]
TIM_ETR_SetConfig        0x800'40b3   0x14  Code  Lc  stm32f1xx_hal_tim.o [1]
TIM_ITRx_SetConfig       0x800'40a3   0x10  Code  Lc  stm32f1xx_hal_tim.o [1]
TIM_TI1_ConfigInputStage
                         0x800'4061   0x1e  Code  Lc  stm32f1xx_hal_tim.o [1]
TIM_TI2_ConfigInputStage
                         0x800'407f   0x24  Code  Lc  stm32f1xx_hal_tim.o [1]
TIM_TableOfCntAndDecnt  0x2000'0b4c   0x30  Data  Gb  APP_Timer.o [1]
UART_DMAAbortOnError     0x800'22cd    0xc  Code  Lc  stm32f1xx_hal_uart.o [1]
UART_DMAError            0x800'2255   0x4a  Code  Lc  stm32f1xx_hal_uart.o [1]
UART_DMAReceiveCplt      0x800'2215   0x38  Code  Lc  stm32f1xx_hal_uart.o [1]
UART_DMARxHalfCplt       0x800'224d    0x6  Code  Lc  stm32f1xx_hal_uart.o [1]
UART_DMATransmitCplt     0x800'21e1   0x2a  Code  Lc  stm32f1xx_hal_uart.o [1]
UART_DMATxHalfCplt       0x800'220d    0x6  Code  Lc  stm32f1xx_hal_uart.o [1]
UART_EndRxTransfer       0x800'22b1   0x1c  Code  Lc  stm32f1xx_hal_uart.o [1]
UART_EndTxTransfer       0x800'229f   0x12  Code  Lc  stm32f1xx_hal_uart.o [1]
UART_Receive_IT          0x800'22d9   0x92  Code  Lc  stm32f1xx_hal_uart.o [1]
UART_SetConfig           0x800'236b   0xe4  Code  Lc  stm32f1xx_hal_uart.o [1]
USART1_IRQHandler        0x800'5af7   0x2a  Code  Gb  stm32f1xx_it.o [1]
USART2_IRQHandler        0x800'5b21   0x28  Code  Gb  stm32f1xx_it.o [1]
UsageFault_Handler       0x800'5a95    0x2  Code  Gb  stm32f1xx_it.o [1]
Usart1_rxbuff           0x2000'06f4  0x100  Data  Gb  sysram.o [1]
Usart1_txbuff           0x2000'05f4  0x100  Data  Gb  sysram.o [1]
Usart2_rxbuff           0x2000'08f4  0x100  Data  Gb  sysram.o [1]
Usart2_txbuff           0x2000'07f4  0x100  Data  Gb  sysram.o [1]
Usart_Bsp_Init           0x800'2689   0x56  Code  Gb  usart.o [1]
Usart_Para_Get           0x800'27b3   0x7e  Code  Gb  usart.o [1]
Usart_Para_Set           0x800'2709   0xaa  Code  Gb  usart.o [1]
WDG_Lanuch               0x800'5cb5   0x24  Code  Gb  bsp_wdg.o [1]
_Encoding_8859_1_Mbrlen
                         0x800'1291    0x2  Code  Gb  xencoding_8859_1.o [2]
_Encoding_8859_1_Wctomb
                         0x800'127f   0x12  Code  Gb  xencoding_8859_1.o [2]
_LitobFull               0x800'0fff  0x10a  Code  Lc  xprintffull.o [2]
_Locale_lconv           0x2000'0060   0x38  Data  Lc  xlocale_c.o [2]
_PrintfFull              0x800'00ed  0xcc4  Code  Gb  xprintffull.o [2]
_PutcharsFull            0x800'1171   0x2e  Code  Lc  xprintffull.o [2]
_PutstrFull              0x800'0f3f   0xc0  Code  Lc  xprintffull.o [2]
_PuttxtFull              0x800'0e33  0x10c  Code  Lc  xprintffull.o [2]
_SProut                  0x800'13ff    0xa  Code  Gb  xsprout.o [2]
__aeabi_cdcmple          0x800'13d1         Code  Gb  DblCmpLe.o [3]
__aeabi_cdrcmple         0x800'1409         Code  Gb  DblCmpGe.o [3]
__aeabi_cfcmple          0x800'4bc5         Code  Gb  FltCmpLe.o [3]
__aeabi_cfrcmple         0x800'4be9         Code  Gb  FltCmpGe.o [3]
__aeabi_d2f              0x800'4b5d         Code  Gb  DblToFlt.o [3]
__aeabi_d2iz             0x800'1575         Code  Gb  DblToS32.o [3]
__aeabi_d2uiz            0x800'1901         Code  Gb  DblToU32.o [3]
__aeabi_dadd             0x800'1d29         Code  Gb  DblAdd.o [3]
__aeabi_ddiv             0x800'16b9         Code  Gb  DblDiv.o [3]
__aeabi_dmul             0x800'1945         Code  Gb  DblMul.o [3]
__aeabi_dsub             0x800'15d5         Code  Gb  DblSub.o [3]
__aeabi_f2d              0x800'4b15         Code  Gb  FltToDbl.o [3]
__aeabi_f2iz             0x800'4ae9         Code  Gb  FltToS32.o [3]
__aeabi_fadd             0x800'4795         Code  Gb  FltAdd.o [3]
__aeabi_fdiv             0x800'4879         Code  Gb  FltDiv.o [3]
__aeabi_fmul             0x800'49f5         Code  Gb  FltMul.o [3]
__aeabi_fsub             0x800'4975         Code  Gb  FltSub.o [3]
__aeabi_i2d              0x800'15b1         Code  Gb  S32ToDbl.o [3]
__aeabi_ldiv0            0x800'1ea5         Code  Gb  I64DivZer.o [4]
__aeabi_llsr             0x800'4c0d         Code  Gb  U64Shr.o [4]
__aeabi_memclr           0x800'5149         Code  Gb  ABImemclr.o [4]
__aeabi_memclr4          0x800'38b1         Code  Gb  ABImemclr4.o [4]
__aeabi_ui2d             0x800'1929         Code  Gb  U32ToDbl.o [3]
__aeabi_ui2f             0x800'4acd         Code  Gb  U32ToFlt.o [3]
__aeabi_uldivmod         0x800'1af1         Code  Gb  I64DivMod.o [4]
__cmain                  0x800'5e9d         Code  Gb  cmain.o [4]
__exit                   0x800'1ea9   0x14  Code  Gb  exit.o [5]
__iar_Fail_s             0x800'129d   0x1c  Code  Gb  xfail_s.o [2]
__iar_Mbcurmax           0x800'1ae7    0xa  Code  Gb  xmbcurmax.o [2]
__iar_Memchr             0x800'12f1         Code  Gb  memchr.o [4]
__iar_Memset4_word       0x800'45c5         Code  Gb  ABImemset48.o [4]
__iar_Memset8_word       0x800'45c5         Code  Gb  ABImemset48.o [4]
__iar_Memset_word        0x800'5479         Code  Gb  ABImemset.o [4]
__iar_Strchr             0x800'1269         Code  Gb  strchr.o [4]
__iar_dadd               0x800'15e5         Code  Gb  DblSub.o [3]
__iar_data_init3         0x800'5e55   0x28  Code  Gb  data_init.o [4]
__iar_dsub               0x800'1d39         Code  Gb  DblAdd.o [3]
__iar_dsubStart          0x800'1d4b         Code  Gb  DblAdd.o [3]
__iar_fadd               0x800'4981         Code  Gb  FltSub.o [3]
__iar_frexp              0x800'136d         Code  Gb  frexp.o [3]
__iar_frexp64            0x800'1361         Code  Gb  frexp.o [3]
__iar_frexpl             0x800'136d         Code  Gb  frexp.o [3]
__iar_fsub               0x800'47a1         Code  Gb  FltAdd.o [3]
__iar_fsubStart          0x800'47b1         Code  Gb  FltAdd.o [3]
__iar_globLocale        0x2000'0098   0x48  Data  Lc  xlocale_c.o [2]
__iar_global_Locale      0x800'11ed    0x4  Code  Gb  xlocale_c.o [2]
__iar_ldexp64            0x800'1439         Code  Gb  ldexp.o [3]
__iar_lz77_init_single3
                         0x800'5d59   0x78  Code  Gb  lz77_init_single.o [4]
__iar_program_start      0x800'5ee1         Code  Gb  cstartup_M.o [4]
__iar_scalbln64          0x800'1439         Code  Gb  ldexp.o [3]
__iar_scalbn64           0x800'1439         Code  Gb  ldexp.o [3]
__iar_small_Memcpy       0x800'134d         Code  Gb  ABImemcpy_small.o [4]
__iar_small_memcpy       0x800'1349         Code  Gb  ABImemcpy_small.o [4]
__iar_small_memcpy4      0x800'1349         Code  Gb  ABImemcpy_small.o [4]
__iar_small_memcpy8      0x800'1349         Code  Gb  ABImemcpy_small.o [4]
__iar_small_strlen       0x800'12dd         Code  Gb  strlen_small.o [4]
__iar_zero_init3         0x800'11b3   0x3a  Code  Gb  zero_init3.o [4]
__low_level_init         0x800'5ebb    0x4  Code  Gb  low_level_init.o [2]
__vector_table           0x800'0000         Data  Gb  startup_stm32f103xb.o [1]
_call_main               0x800'5ea9         Code  Gb  cmain.o [4]
_exit                    0x800'5ec5         Code  Gb  cexit.o [4]
_gLocale_mblen           0x800'1255    0x4  Code  Gb  xlocale_c.o [2]
_gLocale_mblenInt        0x800'1219   0x2c  Code  Gb  xlocale_c.o [2]
_gLocale_wctomb          0x800'1259    0x4  Code  Gb  xlocale_c.o [2]
_gLocale_wctombInt       0x800'1251    0x4  Code  Gb  xlocale_c.o [2]
_main                    0x800'5eb7         Code  Gb  cmain.o [4]
abort                    0x800'1d21    0x6  Code  Gb  abort.o [2]
aucCRCHi                 0x800'588c  0x100  Data  Lc  sys.o [1]
aucCRCLo                 0x800'598c  0x100  Data  Lc  sys.o [1]
delay_init               0x800'4231   0x10  Code  Gb  delay.o [1]
delay_ms                 0x800'4275   0x18  Code  Gb  delay.o [1]
delay_us                 0x800'4241   0x2c  Code  Gb  delay.o [1]
devAddr                 0x2000'00e0    0x1  Data  Gb  sysram.o [1]
dev_RS485               0x2000'002c    0x4  Data  Gb  sysram.o [1]
dev_di                  0x2000'0c0c    0xc  Data  Gb  sysram.o [1]
dev_do                  0x2000'0c28    0x2  Data  Gb  sysram.o [1]
dev_led                 0x2000'0050    0xc  Data  Gb  sysram.o [1]
dev_lora                0x2000'0048    0x8  Data  Gb  sysram.o [1]
dev_mcp3208             0x2000'0030   0x18  Data  Gb  sysram.o [1]
exit                     0x800'5ebf    0x4  Code  Gb  exit.o [2]
fac_us                  0x2000'0c20    0x4  Data  Lc  delay.o [1]
frexp                    0x800'1361         Code  Gb  frexp.o [3]
frexpl                   0x800'1361         Code  Gb  frexp.o [3]
hdma_usart1_rx          0x2000'04e4   0x44  Data  Gb  usart.o [1]
hdma_usart1_tx          0x2000'0528   0x44  Data  Gb  usart.o [1]
hdma_usart2_rx          0x2000'05b0   0x44  Data  Gb  usart.o [1]
hdma_usart2_tx          0x2000'056c   0x44  Data  Gb  usart.o [1]
hspi2                   0x2000'09f4   0x58  Data  Gb  spi.o [1]
htim3                   0x2000'0a4c   0x40  Data  Gb  tim.o [1]
htim4                   0x2000'0a8c   0x40  Data  Gb  tim.o [1]
huart1                  0x2000'0acc   0x40  Data  Gb  usart.o [1]
huart2                  0x2000'0b0c   0x40  Data  Gb  usart.o [1]
isSetupUart             0x2000'0c2a    0x1  Data  Gb  sysram.o [1]
kalmanFilter             0x800'432f   0x58  Code  Gb  bsp_mcp3208.o [1]
ldexp                    0x800'1439         Code  Gb  ldexp.o [3]
ldexpl                   0x800'1439         Code  Gb  ldexp.o [3]
localeconv               0x800'125d    0x4  Code  Gb  xlocale_c.o [2]
main                     0x800'302f   0x42  Code  Gb  main.o [1]
memchr                   0x800'12f1         Code  Gb  memchr.o [4]
modbusReg               0x2000'0bac   0x28  Data  Gb  sysram.o [1]
netAddr                 0x2000'00e1    0x1  Data  Gb  sysram.o [1]
pFlash                  0x2000'0bd8   0x20  Data  Gb  stm32f1xx_hal_flash.o [1]
s_usart1                0x2000'000c   0x10  Data  Gb  sysram.o [1]
s_usart2                0x2000'001c   0x10  Data  Gb  sysram.o [1]
scalbln                  0x800'1439         Code  Gb  ldexp.o [3]
scalblnl                 0x800'1439         Code  Gb  ldexp.o [3]
scalbn                   0x800'1439         Code  Gb  ldexp.o [3]
scalbnl                  0x800'1439         Code  Gb  ldexp.o [3]
scale                    0x800'1109   0x46  Code  Lc  xprintffull.o [2]
sec_hand                0x2000'0c24    0x4  Data  Lc  xfail_s.o [2]
sprintf                  0x800'50bd   0x40  Code  Gb  sprintf.o [2]
strcat                   0x800'50fd   0x1e  Code  Gb  strcat.o [2]
strchr                   0x800'1269         Code  Gb  strchr.o [4]
strstr                   0x800'511b   0x2c  Code  Gb  strstr.o [2]
sysConfig               0x2000'0bf8   0x14  Data  Gb  sysram.o [1]
usMBCRC16                0x800'54d9   0x2c  Code  Gb  sys.o [1]
usart_enable             0x800'265b   0x2e  Code  Gb  usart.o [1]
uwTick                  0x2000'0004    0x4  Data  Gb  stm32f1xx_hal.o [1]
uwTickFreq              0x2000'0000    0x1  Data  Gb  stm32f1xx_hal.o [1]
uwTickPrio              0x2000'0008    0x4  Data  Gb  stm32f1xx_hal.o [1]


[1] = C:\Users\41610\Desktop\IndustrialwirelessEquipment\EWARM\IndustrialwirelessEquipment\Obj
[2] = dl7M_tlf.a
[3] = m7M_tl.a
[4] = rt7M_tl.a
[5] = shb_l.a

  22'815 bytes of readonly  code memory
   1'729 bytes of readonly  data memory
   4'137 bytes of readwrite data memory

Errors: none
Warnings: none
