###############################################################################
#
# IAR ELF Linker V8.40.2.214/W32 for ARM                  20/Jan/2021  21:04:19
# Copyright 2007-2019 IAR Systems AB.
#
#    Output file  =
#        C:\Users\41610\Desktop\IndustrialwirelessEquipment\EWARM\IndustrialwirelessEquipment\Exe\IndustrialwirelessEquipment.out
#    Map file     =
#        C:\Users\41610\Desktop\IndustrialwirelessEquipment\EWARM\IndustrialwirelessEquipment\List\IndustrialwirelessEquipment.map
#    Command line =
#        -f C:\Users\41610\AppData\Local\Temp\EW9405.tmp
#        (C:\Users\41610\Desktop\IndustrialwirelessEquipment\EWARM\IndustrialwirelessEquipment\Obj\APP_Di.o
#        C:\Users\41610\Desktop\IndustrialwirelessEquipment\EWARM\IndustrialwirelessEquipment\Obj\APP_Do.o
#        C:\Users\41610\Desktop\IndustrialwirelessEquipment\EWARM\IndustrialwirelessEquipment\Obj\APP_LORA.o
#        C:\Users\41610\Desktop\IndustrialwirelessEquipment\EWARM\IndustrialwirelessEquipment\Obj\APP_Modbus.o
#        C:\Users\41610\Desktop\IndustrialwirelessEquipment\EWARM\IndustrialwirelessEquipment\Obj\APP_Scheduler.o
#        C:\Users\41610\Desktop\IndustrialwirelessEquipment\EWARM\IndustrialwirelessEquipment\Obj\APP_Task.o
#        C:\Users\41610\Desktop\IndustrialwirelessEquipment\EWARM\IndustrialwirelessEquipment\Obj\APP_Timer.o
#        C:\Users\41610\Desktop\IndustrialwirelessEquipment\EWARM\IndustrialwirelessEquipment\Obj\bsp.o
#        C:\Users\41610\Desktop\IndustrialwirelessEquipment\EWARM\IndustrialwirelessEquipment\Obj\bsp_Di.o
#        C:\Users\41610\Desktop\IndustrialwirelessEquipment\EWARM\IndustrialwirelessEquipment\Obj\bsp_Do.o
#        C:\Users\41610\Desktop\IndustrialwirelessEquipment\EWARM\IndustrialwirelessEquipment\Obj\bsp_mcp3208.o
#        C:\Users\41610\Desktop\IndustrialwirelessEquipment\EWARM\IndustrialwirelessEquipment\Obj\bsp_switch.o
#        C:\Users\41610\Desktop\IndustrialwirelessEquipment\EWARM\IndustrialwirelessEquipment\Obj\bsp_wdg.o
#        C:\Users\41610\Desktop\IndustrialwirelessEquipment\EWARM\IndustrialwirelessEquipment\Obj\delay.o
#        C:\Users\41610\Desktop\IndustrialwirelessEquipment\EWARM\IndustrialwirelessEquipment\Obj\dma.o
#        C:\Users\41610\Desktop\IndustrialwirelessEquipment\EWARM\IndustrialwirelessEquipment\Obj\gpio.o
#        C:\Users\41610\Desktop\IndustrialwirelessEquipment\EWARM\IndustrialwirelessEquipment\Obj\main.o
#        C:\Users\41610\Desktop\IndustrialwirelessEquipment\EWARM\IndustrialwirelessEquipment\Obj\spi.o
#        C:\Users\41610\Desktop\IndustrialwirelessEquipment\EWARM\IndustrialwirelessEquipment\Obj\startup_stm32f103xb.o
#        C:\Users\41610\Desktop\IndustrialwirelessEquipment\EWARM\IndustrialwirelessEquipment\Obj\stm32f1xx_hal.o
#        C:\Users\41610\Desktop\IndustrialwirelessEquipment\EWARM\IndustrialwirelessEquipment\Obj\stm32f1xx_hal_cortex.o
#        C:\Users\41610\Desktop\IndustrialwirelessEquipment\EWARM\IndustrialwirelessEquipment\Obj\stm32f1xx_hal_dma.o
#        C:\Users\41610\Desktop\IndustrialwirelessEquipment\EWARM\IndustrialwirelessEquipment\Obj\stm32f1xx_hal_flash.o
#        C:\Users\41610\Desktop\IndustrialwirelessEquipment\EWARM\IndustrialwirelessEquipment\Obj\stm32f1xx_hal_flash_ex.o
#        C:\Users\41610\Desktop\IndustrialwirelessEquipment\EWARM\IndustrialwirelessEquipment\Obj\stm32f1xx_hal_gpio.o
#        C:\Users\41610\Desktop\IndustrialwirelessEquipment\EWARM\IndustrialwirelessEquipment\Obj\stm32f1xx_hal_gpio_ex.o
#        C:\Users\41610\Desktop\IndustrialwirelessEquipment\EWARM\IndustrialwirelessEquipment\Obj\stm32f1xx_hal_msp.o
#        C:\Users\41610\Desktop\IndustrialwirelessEquipment\EWARM\IndustrialwirelessEquipment\Obj\stm32f1xx_hal_pwr.o
#        C:\Users\41610\Desktop\IndustrialwirelessEquipment\EWARM\IndustrialwirelessEquipment\Obj\stm32f1xx_hal_rcc.o
#        C:\Users\41610\Desktop\IndustrialwirelessEquipment\EWARM\IndustrialwirelessEquipment\Obj\stm32f1xx_hal_rcc_ex.o
#        C:\Users\41610\Desktop\IndustrialwirelessEquipment\EWARM\IndustrialwirelessEquipment\Obj\stm32f1xx_hal_spi.o
#        C:\Users\41610\Desktop\IndustrialwirelessEquipment\EWARM\IndustrialwirelessEquipment\Obj\stm32f1xx_hal_spi_ex.o
#        C:\Users\41610\Desktop\IndustrialwirelessEquipment\EWARM\IndustrialwirelessEquipment\Obj\stm32f1xx_hal_tim.o
#        C:\Users\41610\Desktop\IndustrialwirelessEquipment\EWARM\IndustrialwirelessEquipment\Obj\stm32f1xx_hal_tim_ex.o
#        C:\Users\41610\Desktop\IndustrialwirelessEquipment\EWARM\IndustrialwirelessEquipment\Obj\stm32f1xx_hal_uart.o
#        C:\Users\41610\Desktop\IndustrialwirelessEquipment\EWARM\IndustrialwirelessEquipment\Obj\stm32f1xx_it.o
#        C:\Users\41610\Desktop\IndustrialwirelessEquipment\EWARM\IndustrialwirelessEquipment\Obj\sys.o
#        C:\Users\41610\Desktop\IndustrialwirelessEquipment\EWARM\IndustrialwirelessEquipment\Obj\sysram.o
#        C:\Users\41610\Desktop\IndustrialwirelessEquipment\EWARM\IndustrialwirelessEquipment\Obj\system_stm32f1xx.o
#        C:\Users\41610\Desktop\IndustrialwirelessEquipment\EWARM\IndustrialwirelessEquipment\Obj\tim.o
#        C:\Users\41610\Desktop\IndustrialwirelessEquipment\EWARM\IndustrialwirelessEquipment\Obj\usart.o
#        --redirect _Printf=_PrintfFull --redirect _Scanf=_ScanfFull
#        --no_out_extension -o
#        C:\Users\41610\Desktop\IndustrialwirelessEquipment\EWARM\IndustrialwirelessEquipment\Exe\IndustrialwirelessEquipment.out
#        --map
#        C:\Users\41610\Desktop\IndustrialwirelessEquipment\EWARM\IndustrialwirelessEquipment\List\IndustrialwirelessEquipment.map
#        --config
#        C:\Users\41610\Desktop\IndustrialwirelessEquipment\EWARM/stm32f103xb_flash.icf
#        --semihosting --entry __iar_program_start --vfe --text_out locale)
#
###############################################################################

*******************************************************************************
*** RUNTIME MODEL ATTRIBUTES
***

CppFlavor       = *
__SystemLibrary = DLib
__dlib_version  = 6


*******************************************************************************
*** HEAP SELECTION
***

The basic heap was selected because no calls to memory allocation
functions were found in the application outside of system library
functions, and there are calls to deallocation functions in the
application.


*******************************************************************************
*** PLACEMENT SUMMARY
***

"A0":  place at address 0x800'0000 { ro section .intvec };
"P1":  place in [from 0x800'0000 to 0x801'ffff] { ro };
define block CSTACK with size = 1K, alignment = 8 { };
define block HEAP with size = 512, alignment = 8 { };
"P2":  place in [from 0x2000'0000 to 0x2000'4fff] {
          rw, block CSTACK, block HEAP };
initialize by copy { rw };

  Section            Kind         Address    Size  Object
  -------            ----         -------    ----  ------
"A0":                                        0xec
  .intvec            ro code   0x800'0000    0xec  startup_stm32f103xb.o [1]
                             - 0x800'00ec    0xec

"P1":                                      0x5596
  .text              ro code   0x800'00ec  0x10c6  xprintffull.o [2]
  .text              ro code   0x800'11b2    0x3a  zero_init3.o [4]
  .text              ro code   0x800'11ec    0x7c  xlocale_c.o [2]
  .text              ro code   0x800'1268    0x16  strchr.o [4]
  .text              ro code   0x800'127e    0x1e  xencoding_8859_1.o [2]
  .text              ro code   0x800'129c    0x40  xfail_s.o [2]
  .text              ro code   0x800'12dc    0x14  strlen_small.o [4]
  .text              ro code   0x800'12f0    0x58  memchr.o [4]
  .text              ro code   0x800'1348    0x18  ABImemcpy_small.o [4]
  .text              ro code   0x800'1360    0x70  frexp.o [3]
  .text              ro code   0x800'13d0    0x2e  DblCmpLe.o [3]
  .text              ro code   0x800'13fe     0xa  xsprout.o [2]
  .text              ro code   0x800'1408    0x2e  DblCmpGe.o [3]
  .rodata            const     0x800'1436     0x2  xlocale_c.o [2]
  .text              ro code   0x800'1438   0x13a  ldexp.o [3]
  .rodata            const     0x800'1572     0x2  xlocale_c.o [2]
  .text              ro code   0x800'1574    0x3a  DblToS32.o [3]
  .rodata            const     0x800'15ae     0x1  xlocale_c.o [2]
  .text              ro code   0x800'15b0    0x22  S32ToDbl.o [3]
  .text              ro code   0x800'15d4    0xe2  DblSub.o [3]
  .text              ro code   0x800'16b8   0x246  DblDiv.o [3]
  .text              ro code   0x800'1900    0x28  DblToU32.o [3]
  .text              ro code   0x800'1928    0x1a  U32ToDbl.o [3]
  .text              ro code   0x800'1944   0x1a2  DblMul.o [3]
  .text              ro code   0x800'1ae6     0xa  xmbcurmax.o [2]
  .text              ro code   0x800'1af0   0x230  I64DivMod.o [4]
  .text              ro code   0x800'1d20     0x6  abort.o [2]
  .text              ro code   0x800'1d28   0x17a  DblAdd.o [3]
  .text              ro code   0x800'1ea4     0x2  I64DivZer.o [4]
  .text              ro code   0x800'1ea8    0x14  exit.o [5]
  .text              ro code   0x800'1ebc   0x59c  stm32f1xx_hal_uart.o [1]
  .text              ro code   0x800'2458   0x252  usart.o [1]
  .text              ro code   0x800'26ac   0x32a  stm32f1xx_hal_dma.o [1]
  .text              ro code   0x800'29d6     0x2  stm32f1xx_hal_uart.o [1]
  .text              ro code   0x800'29d8     0x2  stm32f1xx_hal_uart.o [1]
  .text              ro code   0x800'29da     0x2  stm32f1xx_hal_uart.o [1]
  .text              ro code   0x800'29dc     0x2  stm32f1xx_hal_uart.o [1]
  .text              ro code   0x800'29de     0x2  stm32f1xx_hal_uart.o [1]
  .text              ro code   0x800'29e0   0x4ca  stm32f1xx_hal_rcc.o [1]
  .text              ro code   0x800'2eaa    0x86  main.o [1]
  .text              ro code   0x800'2f30   0x1e8  stm32f1xx_hal_gpio.o [1]
  .text              ro code   0x800'3118    0xdc  stm32f1xx_hal_cortex.o [1]
  .text              ro code   0x800'31f4     0xc  stm32f1xx_hal.o [1]
  .text              ro code   0x800'3200    0x40  stm32f1xx_hal.o [1]
  .text              ro code   0x800'3240    0x24  stm32f1xx_hal.o [1]
  .text              ro code   0x800'3264    0xe2  gpio.o [1]
  .text              ro code   0x800'3348    0x60  dma.o [1]
  .text              ro code   0x800'33a8    0xe6  spi.o [1]
  .text              ro code   0x800'3490    0xec  tim.o [1]
  .text              ro code   0x800'357c    0x84  bsp.o [1]
  .text              ro code   0x800'3600    0x44  APP_Scheduler.o [1]
  .text              ro code   0x800'3644     0x6  ABImemclr4.o [4]
  .text              ro code   0x800'364c    0xa8  APP_Di.o [1]
  .text              ro code   0x800'36f4    0x48  stm32f1xx_hal_msp.o [1]
  .text              ro code   0x800'373c    0x80  stm32f1xx_hal_spi_ex.o [1]
  .text              ro code   0x800'37bc   0x36e  stm32f1xx_hal_spi.o [1]
  .text              ro code   0x800'3b2c   0x350  stm32f1xx_hal_tim.o [1]
  .text              ro code   0x800'3e7c    0x4a  stm32f1xx_hal_tim_ex.o [1]
  .text              ro code   0x800'3ec8    0x5c  delay.o [1]
  .text              ro code   0x800'3f24   0x1dc  bsp_mcp3208.o [1]
  .text              ro code   0x800'4100    0xbe  bsp_switch.o [1]
  .text              ro code   0x800'41c0    0x2c  APP_Do.o [1]
  .text              ro code   0x800'41ec    0x32  ABImemset48.o [4]
  .text              ro code   0x800'4220    0x5c  APP_Timer.o [1]
  .text              ro code   0x800'427c     0x2  stm32f1xx_hal_spi.o [1]
  .text              ro code   0x800'427e     0x2  stm32f1xx_hal_tim.o [1]
  .text              ro code   0x800'4280     0x2  stm32f1xx_hal_tim.o [1]
  .text              ro code   0x800'4282     0x2  stm32f1xx_hal_tim.o [1]
  .text              ro code   0x800'4284     0x2  stm32f1xx_hal_tim_ex.o [1]
  .text              ro code   0x800'4286     0x2  stm32f1xx_hal_tim.o [1]
  .text              ro code   0x800'4288     0x2  stm32f1xx_hal_tim_ex.o [1]
  .text              ro code   0x800'428a     0x2  stm32f1xx_hal_tim.o [1]
  .text              ro code   0x800'428c    0x1c  U32ToFlt.o [3]
  .text              ro code   0x800'42a8    0x48  FltToDbl.o [3]
  .text              ro code   0x800'42f0    0x68  DblToFlt.o [3]
  .text              ro code   0x800'4358    0xfc  FltDiv.o [3]
  .text              ro code   0x800'4454    0x24  FltCmpLe.o [3]
  .text              ro code   0x800'4478    0x24  FltCmpGe.o [3]
  .text              ro code   0x800'449c   0x490  APP_LORA.o [1]
  .text              ro code   0x800'492c    0x40  sprintf.o [2]
  .text              ro code   0x800'496c    0x1e  strcat.o [2]
  .text              ro code   0x800'498a    0x2c  strstr.o [2]
  .text              ro code   0x800'49b8     0x6  ABImemclr.o [4]
  .text              ro code   0x800'49c0   0x1dc  APP_Modbus.o [1]
  .text              ro code   0x800'4b9c    0x5e  ABImemset.o [4]
  .text              ro code   0x800'4bfc    0x30  sys.o [1]
  .rodata            const     0x800'4c2c   0x384  APP_LORA.o [1]
  .rodata            const     0x800'4fb0   0x200  sys.o [1]
  .text              ro code   0x800'51b0   0x136  stm32f1xx_it.o [1]
  .text              ro code   0x800'52e8    0x10  stm32f1xx_hal.o [1]
  .rodata            const     0x800'52f8    0x80  APP_Scheduler.o [1]
  .text              ro code   0x800'5378    0x78  lz77_init_single.o [4]
  .text              ro code   0x800'53f0    0x66  APP_Task.o [1]
  .text              ro code   0x800'5458    0x24  bsp_wdg.o [1]
  .text              ro code   0x800'547c    0x5c  system_stm32f1xx.o [1]
  .rodata            const     0x800'54d8    0x28  APP_LORA.o [1]
  .text              ro code   0x800'5500    0x28  data_init.o [4]
  .iar.init_table    const     0x800'5528    0x20  - Linker created -
  .text              ro code   0x800'5548    0x1e  cmain.o [4]
  .text              ro code   0x800'5566     0x4  low_level_init.o [2]
  .text              ro code   0x800'556a     0x4  exit.o [2]
  .text              ro code   0x800'5570     0xa  cexit.o [4]
  .text              ro code   0x800'557c    0x10  startup_stm32f103xb.o [1]
  .text              ro code   0x800'558c     0xc  cstartup_M.o [4]
  .rodata            const     0x800'5598     0x8  system_stm32f1xx.o [1]
  .text              ro code   0x800'55a0     0x4  startup_stm32f103xb.o [1]
  .text              ro code   0x800'55a4     0x4  startup_stm32f103xb.o [1]
  .text              ro code   0x800'55a8     0x4  startup_stm32f103xb.o [1]
  .text              ro code   0x800'55ac     0x4  startup_stm32f103xb.o [1]
  .text              ro code   0x800'55b0     0x4  startup_stm32f103xb.o [1]
  .text              ro code   0x800'55b4     0x4  startup_stm32f103xb.o [1]
  .text              ro code   0x800'55b8     0x4  startup_stm32f103xb.o [1]
  .text              ro code   0x800'55bc     0x4  startup_stm32f103xb.o [1]
  .text              ro code   0x800'55c0     0x4  startup_stm32f103xb.o [1]
  .text              ro code   0x800'55c4     0x4  startup_stm32f103xb.o [1]
  .text              ro code   0x800'55c8     0x4  startup_stm32f103xb.o [1]
  .text              ro code   0x800'55cc     0x4  startup_stm32f103xb.o [1]
  .text              ro code   0x800'55d0     0x4  startup_stm32f103xb.o [1]
  .text              ro code   0x800'55d4     0x4  startup_stm32f103xb.o [1]
  .text              ro code   0x800'55d8     0x4  startup_stm32f103xb.o [1]
  .text              ro code   0x800'55dc     0x4  startup_stm32f103xb.o [1]
  .text              ro code   0x800'55e0     0x4  startup_stm32f103xb.o [1]
  .text              ro code   0x800'55e4     0x4  startup_stm32f103xb.o [1]
  .text              ro code   0x800'55e8     0x4  startup_stm32f103xb.o [1]
  .text              ro code   0x800'55ec     0x4  startup_stm32f103xb.o [1]
  .text              ro code   0x800'55f0     0x4  startup_stm32f103xb.o [1]
  .text              ro code   0x800'55f4     0x4  startup_stm32f103xb.o [1]
  .text              ro code   0x800'55f8     0x4  startup_stm32f103xb.o [1]
  .text              ro code   0x800'55fc     0x4  startup_stm32f103xb.o [1]
  .text              ro code   0x800'5600     0x4  startup_stm32f103xb.o [1]
  .text              ro code   0x800'5604     0x4  startup_stm32f103xb.o [1]
  .text              ro code   0x800'5608     0x4  startup_stm32f103xb.o [1]
  .text              ro code   0x800'560c     0x4  startup_stm32f103xb.o [1]
  .text              ro code   0x800'5610     0x4  startup_stm32f103xb.o [1]
  .text              ro code   0x800'5614     0x4  startup_stm32f103xb.o [1]
  .text              ro code   0x800'5618     0x4  startup_stm32f103xb.o [1]
  .text              ro code   0x800'561c     0x4  startup_stm32f103xb.o [1]
  .text              ro code   0x800'5620     0x4  startup_stm32f103xb.o [1]
  .rodata            const     0x800'5624     0x0  zero_init3.o [4]
  .rodata            const     0x800'5624     0x0  lz77_init_single.o [4]
  Initializer bytes  const     0x800'5624    0x5e  <for P2-1>
                             - 0x800'5682  0x5596

"P2", part 1 of 3:                          0x106
  P2-1                        0x2000'0000   0x106  <Init block>
    .data            inited   0x2000'0000     0xc  stm32f1xx_hal.o [1]
    .data            inited   0x2000'000c    0x10  sysram.o [1]
    .data            inited   0x2000'001c    0x10  sysram.o [1]
    .data            inited   0x2000'002c     0x4  sysram.o [1]
    .data            inited   0x2000'0030    0x48  sysram.o [1]
    .data            inited   0x2000'0078     0x8  sysram.o [1]
    .data            inited   0x2000'0080     0x4  system_stm32f1xx.o [1]
    .data            inited   0x2000'0084    0x38  xlocale_c.o [2]
    .data            inited   0x2000'00bc    0x48  xlocale_c.o [2]
    .data            inited   0x2000'0104     0x1  sysram.o [1]
    .data            inited   0x2000'0105     0x1  sysram.o [1]
                            - 0x2000'0106   0x106

"P2", part 2 of 3:                          0x6d0
  .bss               zero     0x2000'0108   0x110  usart.o [1]
  .bss               zero     0x2000'0218   0x100  sysram.o [1]
  .bss               zero     0x2000'0318   0x100  sysram.o [1]
  .bss               zero     0x2000'0418   0x100  sysram.o [1]
  .bss               zero     0x2000'0518   0x100  sysram.o [1]
  .bss               zero     0x2000'0618    0x58  spi.o [1]
  .bss               zero     0x2000'0670    0x40  tim.o [1]
  .bss               zero     0x2000'06b0    0x40  tim.o [1]
  .bss               zero     0x2000'06f0    0x40  usart.o [1]
  .bss               zero     0x2000'0730    0x40  usart.o [1]
  .bss               zero     0x2000'0770    0x28  sysram.o [1]
  .bss               zero     0x2000'0798    0x20  APP_Timer.o [1]
  .bss               zero     0x2000'07b8     0xc  sysram.o [1]
  .bss               zero     0x2000'07c4     0x8  APP_Scheduler.o [1]
  .bss               zero     0x2000'07cc     0x4  delay.o [1]
  .bss               zero     0x2000'07d0     0x4  xfail_s.o [2]
  .bss               zero     0x2000'07d4     0x2  sysram.o [1]
                            - 0x2000'07d6   0x6ce

"P2", part 3 of 3:                          0x400
  CSTACK                      0x2000'07d8   0x400  <Block>
    CSTACK           uninit   0x2000'07d8   0x400  <Block tail>
                            - 0x2000'0bd8   0x400

Unused ranges:

         From           To      Size
         ----           --      ----
   0x800'5682   0x801'ffff  0x1'a97e
  0x2000'0106  0x2000'0107       0x2
  0x2000'0bd8  0x2000'4fff    0x4428


*******************************************************************************
*** INIT TABLE
***

          Address      Size
          -------      ----
Zero (__iar_zero_init3)
    1 destination range, total size 0x6ce:
          0x2000'0108  0x6ce

Copy/lz77 (__iar_lz77_init_single3)
    1 source range, total size 0x5e (35% of destination):
           0x800'5624   0x5e
    1 destination range, total size 0x106:
          0x2000'0000  0x106



*******************************************************************************
*** MODULE SUMMARY
***

    Module                  ro code  ro data  rw data
    ------                  -------  -------  -------
command line/config:
    -------------------------------------------------
    Total:

C:\Users\41610\Desktop\IndustrialwirelessEquipment\EWARM\IndustrialwirelessEquipment\Obj: [1]
    APP_Di.o                    168
    APP_Do.o                     44
    APP_LORA.o                1'168      940
    APP_Modbus.o                476
    APP_Scheduler.o              68      128        8
    APP_Task.o                  102
    APP_Timer.o                  92                32
    bsp.o                       132
    bsp_mcp3208.o               476
    bsp_switch.o                190
    bsp_wdg.o                    36
    delay.o                      92                 4
    dma.o                        96
    gpio.o                      226
    main.o                      134
    spi.o                       230                88
    startup_stm32f103xb.o       384
    stm32f1xx_hal.o             128        4       12
    stm32f1xx_hal_cortex.o      220
    stm32f1xx_hal_dma.o         810
    stm32f1xx_hal_gpio.o        488
    stm32f1xx_hal_msp.o          72
    stm32f1xx_hal_rcc.o       1'226
    stm32f1xx_hal_spi.o         880
    stm32f1xx_hal_spi_ex.o      128
    stm32f1xx_hal_tim.o         858
    stm32f1xx_hal_tim_ex.o       78
    stm32f1xx_hal_uart.o      1'446
    stm32f1xx_it.o              310
    sys.o                        48      512
    sysram.o                              42    1'196
    system_stm32f1xx.o           92       10        4
    tim.o                       236               128
    usart.o                     594               400
    -------------------------------------------------
    Total:                   11'728    1'636    1'872

dl7M_tlf.a: [2]
    abort.o                       6
    exit.o                        4
    low_level_init.o              4
    sprintf.o                    64
    strcat.o                     30
    strstr.o                     44
    xencoding_8859_1.o           30
    xfail_s.o                    64                 4
    xlocale_c.o                 124       51      128
    xmbcurmax.o                  10
    xprintffull.o             4'294
    xsprout.o                    10
    -------------------------------------------------
    Total:                    4'684       51      132

m7M_tl.a: [3]
    DblAdd.o                    378
    DblCmpGe.o                   46
    DblCmpLe.o                   46
    DblDiv.o                    582
    DblMul.o                    418
    DblSub.o                    226
    DblToFlt.o                  104
    DblToS32.o                   58
    DblToU32.o                   40
    FltCmpGe.o                   36
    FltCmpLe.o                   36
    FltDiv.o                    252
    FltToDbl.o                   72
    S32ToDbl.o                   34
    U32ToDbl.o                   26
    U32ToFlt.o                   28
    frexp.o                     112
    ldexp.o                     314
    -------------------------------------------------
    Total:                    2'808

rt7M_tl.a: [4]
    ABImemclr.o                   6
    ABImemclr4.o                  6
    ABImemcpy_small.o            24
    ABImemset.o                  94
    ABImemset48.o                50
    I64DivMod.o                 560
    I64DivZer.o                   2
    cexit.o                      10
    cmain.o                      30
    cstartup_M.o                 12
    data_init.o                  40
    lz77_init_single.o          120
    memchr.o                     88
    strchr.o                     22
    strlen_small.o               20
    zero_init3.o                 58
    -------------------------------------------------
    Total:                    1'142

shb_l.a: [5]
    exit.o                       20
    -------------------------------------------------
    Total:                       20

    Gaps                         45
    Linker created                        32    1'024
-----------------------------------------------------
    Grand Total:             20'427    1'719    3'028


*******************************************************************************
*** ENTRY LIST
***

Entry                       Address   Size  Type      Object
-----                       -------   ----  ----      ------
.iar.init_table$$Base    0x800'5528          --   Gb  - Linker created -
.iar.init_table$$Limit   0x800'5548          --   Gb  - Linker created -
?main                    0x800'5549         Code  Gb  cmain.o [4]
AHBPrescTable            0x800'54c8   0x10  Data  Gb  system_stm32f1xx.o [1]
APBPrescTable            0x800'5598    0x8  Data  Gb  system_stm32f1xx.o [1]
APP_Collect_Task_Lanuch
                         0x800'5437    0xe  Code  Gb  APP_Task.o [1]
APP_Communication_Lanuch
                         0x800'5449    0xe  Code  Gb  APP_Task.o [1]
APP_Display_Task_Lanuch
                         0x800'5435    0x2  Code  Gb  APP_Task.o [1]
APP_Set_Task_Lanuch      0x800'5445    0x4  Code  Gb  APP_Task.o [1]
APP_TIM_Launch           0x800'4221   0x28  Code  Gb  APP_Timer.o [1]
APP_TIM_ReadDecounterValue
                         0x800'4249    0x2  Code  Gb  APP_Timer.o [1]
APP_TIM_StartDecounter   0x800'4257   0x10  Code  Gb  APP_Timer.o [1]
APP_TIM_StopDecounter    0x800'4267   0x12  Code  Gb  APP_Timer.o [1]
Bsp_Init                 0x800'357d   0x84  Code  Gb  bsp.o [1]
BusFault_Handler         0x800'51b7    0x2  Code  Gb  stm32f1xx_it.o [1]
CSTACK$$Base            0x2000'07d8          --   Gb  - Linker created -
CSTACK$$Limit           0x2000'0bd8          --   Gb  - Linker created -
CacheMore                0x800'11f1   0x28  Code  Lc  xlocale_c.o [2]
DI_Lanuch                0x800'36b5   0x34  Code  Gb  APP_Di.o [1]
DI_Pulse_Count           0x800'367f    0xc  Code  Gb  APP_Di.o [1]
DI_Sta_Get               0x800'364d   0x2c  Code  Gb  APP_Di.o [1]
DMA1_Channel4_IRQHandler
                         0x800'51c5    0x6  Code  Gb  stm32f1xx_it.o [1]
DMA1_Channel5_IRQHandler
                         0x800'51cb    0x6  Code  Gb  stm32f1xx_it.o [1]
DMA1_Channel6_IRQHandler
                         0x800'51d1    0x6  Code  Gb  stm32f1xx_it.o [1]
DMA1_Channel7_IRQHandler
                         0x800'51d7    0x6  Code  Gb  stm32f1xx_it.o [1]
DMA_SetConfig            0x800'29b5   0x22  Code  Lc  stm32f1xx_hal_dma.o [1]
DO_Ctrl                  0x800'41d5   0x14  Code  Gb  APP_Do.o [1]
DO_Reboot_Sta_Set        0x800'41c1   0x14  Code  Gb  APP_Do.o [1]
DebugMon_Handler         0x800'51bd    0x2  Code  Gb  stm32f1xx_it.o [1]
EXTI9_5_IRQHandler       0x800'51dd   0x22  Code  Gb  stm32f1xx_it.o [1]
Error_Handler            0x800'2f2f    0x2  Code  Gb  main.o [1]
HAL_DMA_Abort            0x800'277b   0x2a  Code  Gb  stm32f1xx_hal_dma.o [1]
HAL_DMA_Abort_IT         0x800'27ad   0x94  Code  Gb  stm32f1xx_hal_dma.o [1]
HAL_DMA_IRQHandler       0x800'284d  0x144  Code  Gb  stm32f1xx_hal_dma.o [1]
HAL_DMA_Init             0x800'26ad   0x5a  Code  Gb  stm32f1xx_hal_dma.o [1]
HAL_DMA_Start_IT         0x800'2707   0x74  Code  Gb  stm32f1xx_hal_dma.o [1]
HAL_GPIO_EXTI_Callback   0x800'368b   0x2a  Code  Gb  APP_Di.o [1]
HAL_GPIO_EXTI_IRQHandler
                         0x800'30cf   0x10  Code  Gb  stm32f1xx_hal_gpio.o [1]
HAL_GPIO_Init            0x800'2f31  0x182  Code  Gb  stm32f1xx_hal_gpio.o [1]
HAL_GPIO_ReadPin         0x800'30b3    0xc  Code  Gb  stm32f1xx_hal_gpio.o [1]
HAL_GPIO_TogglePin       0x800'30c7    0x8  Code  Gb  stm32f1xx_hal_gpio.o [1]
HAL_GPIO_WritePin        0x800'30bf    0x8  Code  Gb  stm32f1xx_hal_gpio.o [1]
HAL_GetTick              0x800'31f5    0xc  Code  Wk  stm32f1xx_hal.o [1]
HAL_IncTick              0x800'52e9   0x10  Code  Wk  stm32f1xx_hal.o [1]
HAL_Init                 0x800'3241   0x20  Code  Gb  stm32f1xx_hal.o [1]
HAL_InitTick             0x800'3201   0x40  Code  Wk  stm32f1xx_hal.o [1]
HAL_MspInit              0x800'36f5   0x48  Code  Gb  stm32f1xx_hal_msp.o [1]
HAL_NVIC_EnableIRQ       0x800'3187    0xa  Code  Gb  stm32f1xx_hal_cortex.o [1]
HAL_NVIC_SetPriority     0x800'314d   0x3a  Code  Gb  stm32f1xx_hal_cortex.o [1]
HAL_NVIC_SetPriorityGrouping
                         0x800'3133   0x1a  Code  Gb  stm32f1xx_hal_cortex.o [1]
HAL_RCC_ClockConfig      0x800'2cd3  0x124  Code  Gb  stm32f1xx_hal_rcc.o [1]
HAL_RCC_GetPCLK1Freq     0x800'2e47   0x10  Code  Gb  stm32f1xx_hal_rcc.o [1]
HAL_RCC_GetPCLK2Freq     0x800'2e57    0xe  Code  Gb  stm32f1xx_hal_rcc.o [1]
HAL_RCC_GetSysClockFreq
                         0x800'2e0d   0x3a  Code  Gb  stm32f1xx_hal_rcc.o [1]
HAL_RCC_GetSysClockFreq::aPLLMULFactorTable
                         0x800'2e98   0x10  Data  Lc  stm32f1xx_hal_rcc.o [1]
HAL_RCC_GetSysClockFreq::aPredivFactorTable
                         0x800'2ea8    0x2  Data  Lc  stm32f1xx_hal_rcc.o [1]
HAL_RCC_OscConfig        0x800'29e1  0x2ea  Code  Gb  stm32f1xx_hal_rcc.o [1]
HAL_SPI_IRQHandler       0x800'3991   0xd6  Code  Gb  stm32f1xx_hal_spi.o [1]
HAL_SPI_Init             0x800'373d   0x80  Code  Gb  stm32f1xx_hal_spi_ex.o [1]
HAL_SPI_MspInit          0x800'33e5   0x7e  Code  Gb  spi.o [1]
HAL_SPI_TransmitReceive
                         0x800'37bd  0x1b8  Code  Gb  stm32f1xx_hal_spi.o [1]
HAL_SYSTICK_CLKSourceConfig
                         0x800'31c3   0x1a  Code  Gb  stm32f1xx_hal_cortex.o [1]
HAL_SYSTICK_Config       0x800'319b   0x28  Code  Gb  stm32f1xx_hal_cortex.o [1]
HAL_TIMEx_BreakCallback
                         0x800'4285    0x2  Code  Wk  stm32f1xx_hal_tim_ex.o [1]
HAL_TIMEx_CommutationCallback
                         0x800'4289    0x2  Code  Wk  stm32f1xx_hal_tim_ex.o [1]
HAL_TIMEx_MasterConfigSynchronization
                         0x800'3e7d   0x4a  Code  Gb  stm32f1xx_hal_tim_ex.o [1]
HAL_TIM_Base_Init        0x800'3b2d   0x1a  Code  Gb  stm32f1xx_hal_tim.o [1]
HAL_TIM_Base_MspInit     0x800'350f   0x5a  Code  Gb  tim.o [1]
HAL_TIM_Base_Start_IT    0x800'3b47   0x16  Code  Gb  stm32f1xx_hal_tim.o [1]
HAL_TIM_ConfigClockSource
                         0x800'3cc9   0xac  Code  Gb  stm32f1xx_hal_tim.o [1]
HAL_TIM_IRQHandler       0x800'3b81  0x142  Code  Gb  stm32f1xx_hal_tim.o [1]
HAL_UART_AbortReceive    0x800'203d   0x20  Code  Gb  stm32f1xx_hal_uart.o [1]
HAL_UART_IRQHandler      0x800'2091  0x14e  Code  Gb  stm32f1xx_hal_uart.o [1]
HAL_UART_Init            0x800'1ebd   0x1e  Code  Gb  stm32f1xx_hal_uart.o [1]
HAL_UART_MspInit         0x800'249d  0x1a0  Code  Gb  usart.o [1]
HAL_UART_Receive_DMA     0x800'1fab   0x92  Code  Gb  stm32f1xx_hal_uart.o [1]
HAL_UART_Transmit_DMA    0x800'1f33   0x78  Code  Gb  stm32f1xx_hal_uart.o [1]
HardFault_Handler        0x800'51b3    0x2  Code  Gb  stm32f1xx_it.o [1]
LORA_AtCmd_Pack          0x800'44dd  0x17c  Code  Gb  APP_LORA.o [1]
LORA_Entry               0x800'4799   0x1a  Code  Gb  APP_LORA.o [1]
LORA_Lanuch              0x800'47b3    0x4  Code  Gb  APP_LORA.o [1]
LORA_SoftInit_AtRxHandle
                         0x800'4659   0x12  Code  Gb  APP_LORA.o [1]
LORA_SoftInit_Handle     0x800'466d   0xea  Code  Gb  APP_LORA.o [1]
LORA_StartUp_Handle      0x800'449d   0x38  Code  Gb  APP_LORA.o [1]
LORA_Wrok_Handle         0x800'4757   0x3a  Code  Gb  APP_LORA.o [1]
LoRa_Freqs               0x800'4c2c  0x384  Data  Gb  APP_LORA.o [1]
MCP3208_Bsp_Init         0x800'3f25   0x24  Code  Gb  bsp_mcp3208.o [1]
MCP3208_Enrty            0x800'3fcd   0xf2  Code  Gb  bsp_mcp3208.o [1]
MCP3208_Filter           0x800'3f9d   0x30  Code  Gb  bsp_mcp3208.o [1]
MCP3208_Lanuch           0x800'40c9    0x4  Code  Gb  bsp_mcp3208.o [1]
MCP3208_Read             0x800'3f49   0x54  Code  Gb  bsp_mcp3208.o [1]
MODBUS_Data_Assignment   0x800'49c1   0xac  Code  Gb  APP_Modbus.o [1]
MODBUS_RTU_CMD03_Handle
                         0x800'4aa1   0x5c  Code  Gb  APP_Modbus.o [1]
MODBUS_RTU_Handle        0x800'4afd   0x8a  Code  Gb  APP_Modbus.o [1]
MX_DMA_Init              0x800'3349   0x60  Code  Gb  dma.o [1]
MX_GPIO_Init             0x800'3265   0xbe  Code  Gb  gpio.o [1]
MX_SPI2_Init             0x800'33a9   0x3c  Code  Gb  spi.o [1]
MX_TIM3_Init             0x800'3491   0x16  Code  Gb  tim.o [1]
MX_TIM4_Init             0x800'34a7   0x12  Code  Gb  tim.o [1]
MX_USART1_UART_Init      0x800'2459   0x10  Code  Gb  usart.o [1]
MX_USART2_UART_Init      0x800'2469   0x10  Code  Gb  usart.o [1]
MemManage_Handler        0x800'51b5    0x2  Code  Gb  stm32f1xx_it.o [1]
NMI_Handler              0x800'51b1    0x2  Code  Gb  stm32f1xx_it.o [1]
NVIC_SetPriority         0x800'3119   0x1a  Code  Lc  stm32f1xx_hal_cortex.o [1]
PendSV_Handler           0x800'51bf    0x2  Code  Gb  stm32f1xx_it.o [1]
RS485_Lanuch             0x800'53f1   0x3e  Code  Gb  APP_Task.o [1]
Region$$Table$$Base      0x800'5528          --   Gb  - Linker created -
Region$$Table$$Limit     0x800'5548          --   Gb  - Linker created -
SCHED_Setup_entry        0x800'3601   0x36  Code  Gb  APP_Scheduler.o [1]
SPI2_IRQHandler          0x800'5215    0x6  Code  Gb  stm32f1xx_it.o [1]
SPI_CheckFlag_BSY        0x800'3b0d   0x1e  Code  Lc  stm32f1xx_hal_spi.o [1]
SPI_DMAAbortOnError      0x800'3a75    0xc  Code  Lc  stm32f1xx_hal_spi.o [1]
SPI_ReadWriteByte        0x800'3475   0x1a  Code  Gb  spi.o [1]
SPI_WaitFlagStateUntilTimeout
                         0x800'3a81   0x8c  Code  Lc  stm32f1xx_hal_spi.o [1]
SVC_Handler              0x800'51bb    0x2  Code  Gb  stm32f1xx_it.o [1]
Setup_CountActivateJob  0x2000'07c4    0x1  Data  Gb  APP_Scheduler.o [1]
Setup_CountActivateTaskStep
                        0x2000'07c5    0x1  Data  Gb  APP_Scheduler.o [1]
Setup_ListOfActivateJob
                        0x2000'07c8    0x4  Data  Gb  APP_Scheduler.o [1]
Setup_Sched_table        0x800'3640    0x4  Data  Gb  APP_Scheduler.o [1]
Setup_Tasks_Table        0x800'52f8   0x80  Data  Gb  APP_Scheduler.o [1]
Switch_DevAddr_Read      0x800'4101   0x78  Code  Gb  bsp_switch.o [1]
Switch_NetAddr_Read      0x800'4179   0x38  Code  Gb  bsp_switch.o [1]
SysTick_Handler          0x800'51c1    0x4  Code  Gb  stm32f1xx_it.o [1]
SystemClock_Config       0x800'2edb   0x54  Code  Gb  main.o [1]
SystemCoreClock         0x2000'0080    0x4  Data  Gb  system_stm32f1xx.o [1]
SystemInit               0x800'547d   0x3c  Code  Gb  system_stm32f1xx.o [1]
TIM3_IRQHandler          0x800'51ff   0x10  Code  Gb  stm32f1xx_it.o [1]
TIM4_IRQHandler          0x800'520f    0x6  Code  Gb  stm32f1xx_it.o [1]
TIM_Base_SetConfig       0x800'3d9f   0x5e  Code  Gb  stm32f1xx_hal_tim.o [1]
TIM_ETR_SetConfig        0x800'3e63   0x14  Code  Lc  stm32f1xx_hal_tim.o [1]
TIM_ITRx_SetConfig       0x800'3e53   0x10  Code  Lc  stm32f1xx_hal_tim.o [1]
TIM_TI1_ConfigInputStage
                         0x800'3e11   0x1e  Code  Lc  stm32f1xx_hal_tim.o [1]
TIM_TI2_ConfigInputStage
                         0x800'3e2f   0x24  Code  Lc  stm32f1xx_hal_tim.o [1]
TIM_TableOfCntAndDecnt  0x2000'0798   0x20  Data  Gb  APP_Timer.o [1]
UART_DMAAbortOnError     0x800'22cd    0xc  Code  Lc  stm32f1xx_hal_uart.o [1]
UART_DMAError            0x800'2255   0x4a  Code  Lc  stm32f1xx_hal_uart.o [1]
UART_DMAReceiveCplt      0x800'2215   0x38  Code  Lc  stm32f1xx_hal_uart.o [1]
UART_DMARxHalfCplt       0x800'224d    0x6  Code  Lc  stm32f1xx_hal_uart.o [1]
UART_DMATransmitCplt     0x800'21e1   0x2a  Code  Lc  stm32f1xx_hal_uart.o [1]
UART_DMATxHalfCplt       0x800'220d    0x6  Code  Lc  stm32f1xx_hal_uart.o [1]
UART_EndRxTransfer       0x800'22b1   0x1c  Code  Lc  stm32f1xx_hal_uart.o [1]
UART_EndTxTransfer       0x800'229f   0x12  Code  Lc  stm32f1xx_hal_uart.o [1]
UART_Receive_IT          0x800'22d9   0x92  Code  Lc  stm32f1xx_hal_uart.o [1]
UART_SetConfig           0x800'236b   0xe4  Code  Lc  stm32f1xx_hal_uart.o [1]
USART1_IRQHandler        0x800'521b   0x2a  Code  Gb  stm32f1xx_it.o [1]
USART2_IRQHandler        0x800'5245   0x28  Code  Gb  stm32f1xx_it.o [1]
UsageFault_Handler       0x800'51b9    0x2  Code  Gb  stm32f1xx_it.o [1]
Usart1_rxbuff           0x2000'0318  0x100  Data  Gb  sysram.o [1]
Usart1_txbuff           0x2000'0218  0x100  Data  Gb  sysram.o [1]
Usart2_rxbuff           0x2000'0518  0x100  Data  Gb  sysram.o [1]
Usart2_txbuff           0x2000'0418  0x100  Data  Gb  sysram.o [1]
WDG_Lanuch               0x800'5459   0x24  Code  Gb  bsp_wdg.o [1]
_Encoding_8859_1_Mbrlen
                         0x800'1291    0x2  Code  Gb  xencoding_8859_1.o [2]
_Encoding_8859_1_Wctomb
                         0x800'127f   0x12  Code  Gb  xencoding_8859_1.o [2]
_LitobFull               0x800'0fff  0x10a  Code  Lc  xprintffull.o [2]
_Locale_lconv           0x2000'0084   0x38  Data  Lc  xlocale_c.o [2]
_PrintfFull              0x800'00ed  0xcc4  Code  Gb  xprintffull.o [2]
_PutcharsFull            0x800'1171   0x2e  Code  Lc  xprintffull.o [2]
_PutstrFull              0x800'0f3f   0xc0  Code  Lc  xprintffull.o [2]
_PuttxtFull              0x800'0e33  0x10c  Code  Lc  xprintffull.o [2]
_SProut                  0x800'13ff    0xa  Code  Gb  xsprout.o [2]
__aeabi_cdcmple          0x800'13d1         Code  Gb  DblCmpLe.o [3]
__aeabi_cdrcmple         0x800'1409         Code  Gb  DblCmpGe.o [3]
__aeabi_cfcmple          0x800'4455         Code  Gb  FltCmpLe.o [3]
__aeabi_cfrcmple         0x800'4479         Code  Gb  FltCmpGe.o [3]
__aeabi_d2f              0x800'42f1         Code  Gb  DblToFlt.o [3]
__aeabi_d2iz             0x800'1575         Code  Gb  DblToS32.o [3]
__aeabi_d2uiz            0x800'1901         Code  Gb  DblToU32.o [3]
__aeabi_dadd             0x800'1d29         Code  Gb  DblAdd.o [3]
__aeabi_ddiv             0x800'16b9         Code  Gb  DblDiv.o [3]
__aeabi_dmul             0x800'1945         Code  Gb  DblMul.o [3]
__aeabi_dsub             0x800'15d5         Code  Gb  DblSub.o [3]
__aeabi_f2d              0x800'42a9         Code  Gb  FltToDbl.o [3]
__aeabi_fdiv             0x800'4359         Code  Gb  FltDiv.o [3]
__aeabi_i2d              0x800'15b1         Code  Gb  S32ToDbl.o [3]
__aeabi_ldiv0            0x800'1ea5         Code  Gb  I64DivZer.o [4]
__aeabi_memclr           0x800'49b9         Code  Gb  ABImemclr.o [4]
__aeabi_memclr4          0x800'3645         Code  Gb  ABImemclr4.o [4]
__aeabi_ui2d             0x800'1929         Code  Gb  U32ToDbl.o [3]
__aeabi_ui2f             0x800'428d         Code  Gb  U32ToFlt.o [3]
__aeabi_uldivmod         0x800'1af1         Code  Gb  I64DivMod.o [4]
__cmain                  0x800'5549         Code  Gb  cmain.o [4]
__exit                   0x800'1ea9   0x14  Code  Gb  exit.o [5]
__iar_Fail_s             0x800'129d   0x1c  Code  Gb  xfail_s.o [2]
__iar_Mbcurmax           0x800'1ae7    0xa  Code  Gb  xmbcurmax.o [2]
__iar_Memchr             0x800'12f1         Code  Gb  memchr.o [4]
__iar_Memset4_word       0x800'41ed         Code  Gb  ABImemset48.o [4]
__iar_Memset8_word       0x800'41ed         Code  Gb  ABImemset48.o [4]
__iar_Memset_word        0x800'4b9d         Code  Gb  ABImemset.o [4]
__iar_Strchr             0x800'1269         Code  Gb  strchr.o [4]
__iar_dadd               0x800'15e5         Code  Gb  DblSub.o [3]
__iar_data_init3         0x800'5501   0x28  Code  Gb  data_init.o [4]
__iar_dsub               0x800'1d39         Code  Gb  DblAdd.o [3]
__iar_dsubStart          0x800'1d4b         Code  Gb  DblAdd.o [3]
__iar_frexp              0x800'136d         Code  Gb  frexp.o [3]
__iar_frexp64            0x800'1361         Code  Gb  frexp.o [3]
__iar_frexpl             0x800'136d         Code  Gb  frexp.o [3]
__iar_globLocale        0x2000'00bc   0x48  Data  Lc  xlocale_c.o [2]
__iar_global_Locale      0x800'11ed    0x4  Code  Gb  xlocale_c.o [2]
__iar_ldexp64            0x800'1439         Code  Gb  ldexp.o [3]
__iar_lz77_init_single3
                         0x800'5379   0x78  Code  Gb  lz77_init_single.o [4]
__iar_program_start      0x800'558d         Code  Gb  cstartup_M.o [4]
__iar_scalbln64          0x800'1439         Code  Gb  ldexp.o [3]
__iar_scalbn64           0x800'1439         Code  Gb  ldexp.o [3]
__iar_small_Memcpy       0x800'134d         Code  Gb  ABImemcpy_small.o [4]
__iar_small_memcpy       0x800'1349         Code  Gb  ABImemcpy_small.o [4]
__iar_small_memcpy4      0x800'1349         Code  Gb  ABImemcpy_small.o [4]
__iar_small_memcpy8      0x800'1349         Code  Gb  ABImemcpy_small.o [4]
__iar_small_strlen       0x800'12dd         Code  Gb  strlen_small.o [4]
__iar_zero_init3         0x800'11b3   0x3a  Code  Gb  zero_init3.o [4]
__low_level_init         0x800'5567    0x4  Code  Gb  low_level_init.o [2]
__vector_table           0x800'0000         Data  Gb  startup_stm32f103xb.o [1]
_call_main               0x800'5555         Code  Gb  cmain.o [4]
_exit                    0x800'5571         Code  Gb  cexit.o [4]
_gLocale_mblen           0x800'1255    0x4  Code  Gb  xlocale_c.o [2]
_gLocale_mblenInt        0x800'1219   0x2c  Code  Gb  xlocale_c.o [2]
_gLocale_wctomb          0x800'1259    0x4  Code  Gb  xlocale_c.o [2]
_gLocale_wctombInt       0x800'1251    0x4  Code  Gb  xlocale_c.o [2]
_main                    0x800'5563         Code  Gb  cmain.o [4]
abort                    0x800'1d21    0x6  Code  Gb  abort.o [2]
aucCRCHi                 0x800'4fb0  0x100  Data  Lc  sys.o [1]
aucCRCLo                 0x800'50b0  0x100  Data  Lc  sys.o [1]
delay_init               0x800'3ec9   0x10  Code  Gb  delay.o [1]
delay_ms                 0x800'3f0d   0x18  Code  Gb  delay.o [1]
delay_us                 0x800'3ed9   0x2c  Code  Gb  delay.o [1]
devAddr                 0x2000'0104    0x1  Data  Gb  sysram.o [1]
dev_RS485               0x2000'002c    0x4  Data  Gb  sysram.o [1]
dev_di                  0x2000'07b8    0xc  Data  Gb  sysram.o [1]
dev_do                  0x2000'07d4    0x2  Data  Gb  sysram.o [1]
dev_lora                0x2000'0078    0x8  Data  Gb  sysram.o [1]
dev_mcp3208             0x2000'0030   0x48  Data  Gb  sysram.o [1]
exit                     0x800'556b    0x4  Code  Gb  exit.o [2]
fac_us                  0x2000'07cc    0x4  Data  Lc  delay.o [1]
frexp                    0x800'1361         Code  Gb  frexp.o [3]
frexpl                   0x800'1361         Code  Gb  frexp.o [3]
hdma_usart1_rx          0x2000'0108   0x44  Data  Gb  usart.o [1]
hdma_usart1_tx          0x2000'014c   0x44  Data  Gb  usart.o [1]
hdma_usart2_rx          0x2000'01d4   0x44  Data  Gb  usart.o [1]
hdma_usart2_tx          0x2000'0190   0x44  Data  Gb  usart.o [1]
hspi2                   0x2000'0618   0x58  Data  Gb  spi.o [1]
htim3                   0x2000'0670   0x40  Data  Gb  tim.o [1]
htim4                   0x2000'06b0   0x40  Data  Gb  tim.o [1]
huart1                  0x2000'06f0   0x40  Data  Gb  usart.o [1]
huart2                  0x2000'0730   0x40  Data  Gb  usart.o [1]
ldexp                    0x800'1439         Code  Gb  ldexp.o [3]
ldexpl                   0x800'1439         Code  Gb  ldexp.o [3]
localeconv               0x800'125d    0x4  Code  Gb  xlocale_c.o [2]
main                     0x800'2eab   0x30  Code  Gb  main.o [1]
memchr                   0x800'12f1         Code  Gb  memchr.o [4]
modbusReg               0x2000'0770   0x28  Data  Gb  sysram.o [1]
netAddr                 0x2000'0105    0x1  Data  Gb  sysram.o [1]
s_usart1                0x2000'000c   0x10  Data  Gb  sysram.o [1]
s_usart2                0x2000'001c   0x10  Data  Gb  sysram.o [1]
scalbln                  0x800'1439         Code  Gb  ldexp.o [3]
scalblnl                 0x800'1439         Code  Gb  ldexp.o [3]
scalbn                   0x800'1439         Code  Gb  ldexp.o [3]
scalbnl                  0x800'1439         Code  Gb  ldexp.o [3]
scale                    0x800'1109   0x46  Code  Lc  xprintffull.o [2]
sec_hand                0x2000'07d0    0x4  Data  Lc  xfail_s.o [2]
sprintf                  0x800'492d   0x40  Code  Gb  sprintf.o [2]
strcat                   0x800'496d   0x1e  Code  Gb  strcat.o [2]
strchr                   0x800'1269         Code  Gb  strchr.o [4]
strstr                   0x800'498b   0x2c  Code  Gb  strstr.o [2]
usMBCRC16                0x800'4bfd   0x2c  Code  Gb  sys.o [1]
usart_enable             0x800'267d   0x2e  Code  Gb  usart.o [1]
uwTick                  0x2000'0004    0x4  Data  Gb  stm32f1xx_hal.o [1]
uwTickFreq              0x2000'0000    0x1  Data  Gb  stm32f1xx_hal.o [1]
uwTickPrio              0x2000'0008    0x4  Data  Gb  stm32f1xx_hal.o [1]


[1] = C:\Users\41610\Desktop\IndustrialwirelessEquipment\EWARM\IndustrialwirelessEquipment\Obj
[2] = dl7M_tlf.a
[3] = m7M_tl.a
[4] = rt7M_tl.a
[5] = shb_l.a

  20'427 bytes of readonly  code memory
   1'719 bytes of readonly  data memory
   3'028 bytes of readwrite data memory

Errors: none
Warnings: none
